Component: ARM Compiler 5.06 update 7 (build 960) Tool: armlink [4d3601]

==============================================================================

Section Cross References

    startup_stm32f407xx.o(RESET) refers to startup_stm32f407xx.o(STACK) for __initial_sp
    startup_stm32f407xx.o(RESET) refers to startup_stm32f407xx.o(.text) for Reset_Handler
    startup_stm32f407xx.o(RESET) refers to stm32f4xx_it.o(i.NMI_Handler) for NMI_Handler
    startup_stm32f407xx.o(RESET) refers to stm32f4xx_it.o(i.HardFault_Handler) for HardFault_Handler
    startup_stm32f407xx.o(RESET) refers to stm32f4xx_it.o(i.MemManage_Handler) for MemManage_Handler
    startup_stm32f407xx.o(RESET) refers to stm32f4xx_it.o(i.BusFault_Handler) for BusFault_Handler
    startup_stm32f407xx.o(RESET) refers to stm32f4xx_it.o(i.UsageFault_Handler) for UsageFault_Handler
    startup_stm32f407xx.o(RESET) refers to stm32f4xx_it.o(i.SVC_Handler) for SVC_Handler
    startup_stm32f407xx.o(RESET) refers to stm32f4xx_it.o(i.DebugMon_Handler) for DebugMon_Handler
    startup_stm32f407xx.o(RESET) refers to stm32f4xx_it.o(i.PendSV_Handler) for PendSV_Handler
    startup_stm32f407xx.o(RESET) refers to stm32f4xx_it.o(i.SysTick_Handler) for SysTick_Handler
    startup_stm32f407xx.o(RESET) refers to stm32f4xx_it.o(i.SDIO_IRQHandler) for SDIO_IRQHandler
    startup_stm32f407xx.o(RESET) refers to stm32f4xx_it.o(i.DMA2_Stream3_IRQHandler) for DMA2_Stream3_IRQHandler
    startup_stm32f407xx.o(RESET) refers to stm32f4xx_it.o(i.OTG_FS_IRQHandler) for OTG_FS_IRQHandler
    startup_stm32f407xx.o(RESET) refers to stm32f4xx_it.o(i.DMA2_Stream6_IRQHandler) for DMA2_Stream6_IRQHandler
    startup_stm32f407xx.o(.text) refers to system_stm32f4xx.o(i.SystemInit) for SystemInit
    startup_stm32f407xx.o(.text) refers to entry.o(.ARM.Collect$$$$00000000) for __main
    main.o(i.SystemClock_Config) refers to memseta.o(.text) for __aeabi_memclr4
    main.o(i.SystemClock_Config) refers to stm32f4xx_hal_rcc.o(i.HAL_RCC_OscConfig) for HAL_RCC_OscConfig
    main.o(i.SystemClock_Config) refers to stm32f4xx_hal_rcc.o(i.HAL_RCC_ClockConfig) for HAL_RCC_ClockConfig
    main.o(i.main) refers to stm32f4xx_hal.o(i.HAL_Init) for HAL_Init
    main.o(i.main) refers to main.o(i.SystemClock_Config) for SystemClock_Config
    main.o(i.main) refers to gpio.o(i.MX_GPIO_Init) for MX_GPIO_Init
    main.o(i.main) refers to dma.o(i.MX_DMA_Init) for MX_DMA_Init
    main.o(i.main) refers to sdio.o(i.MX_SDIO_SD_Init) for MX_SDIO_SD_Init
    main.o(i.main) refers to usart.o(i.MX_USART1_UART_Init) for MX_USART1_UART_Init
    main.o(i.main) refers to fatfs.o(i.MX_FATFS_Init) for MX_FATFS_Init
    main.o(i.main) refers to usb_device.o(i.MX_USB_DEVICE_Init) for MX_USB_DEVICE_Init
    dma.o(i.MX_DMA_Init) refers to stm32f4xx_hal_cortex.o(i.HAL_NVIC_SetPriority) for HAL_NVIC_SetPriority
    dma.o(i.MX_DMA_Init) refers to stm32f4xx_hal_cortex.o(i.HAL_NVIC_EnableIRQ) for HAL_NVIC_EnableIRQ
    sdio.o(i.HAL_SD_MspDeInit) refers to stm32f4xx_hal_gpio.o(i.HAL_GPIO_DeInit) for HAL_GPIO_DeInit
    sdio.o(i.HAL_SD_MspDeInit) refers to stm32f4xx_hal_dma.o(i.HAL_DMA_DeInit) for HAL_DMA_DeInit
    sdio.o(i.HAL_SD_MspDeInit) refers to stm32f4xx_hal_cortex.o(i.HAL_NVIC_DisableIRQ) for HAL_NVIC_DisableIRQ
    sdio.o(i.HAL_SD_MspInit) refers to memseta.o(.text) for __aeabi_memclr4
    sdio.o(i.HAL_SD_MspInit) refers to stm32f4xx_hal_gpio.o(i.HAL_GPIO_Init) for HAL_GPIO_Init
    sdio.o(i.HAL_SD_MspInit) refers to stm32f4xx_hal_dma.o(i.HAL_DMA_Init) for HAL_DMA_Init
    sdio.o(i.HAL_SD_MspInit) refers to main.o(i.Error_Handler) for Error_Handler
    sdio.o(i.HAL_SD_MspInit) refers to stm32f4xx_hal_cortex.o(i.HAL_NVIC_SetPriority) for HAL_NVIC_SetPriority
    sdio.o(i.HAL_SD_MspInit) refers to stm32f4xx_hal_cortex.o(i.HAL_NVIC_EnableIRQ) for HAL_NVIC_EnableIRQ
    sdio.o(i.HAL_SD_MspInit) refers to sdio.o(.bss) for .bss
    sdio.o(i.MX_SDIO_SD_Init) refers to sdio.o(.bss) for .bss
    usart.o(i.HAL_UART_MspDeInit) refers to stm32f4xx_hal_gpio.o(i.HAL_GPIO_DeInit) for HAL_GPIO_DeInit
    usart.o(i.HAL_UART_MspInit) refers to memseta.o(.text) for __aeabi_memclr4
    usart.o(i.HAL_UART_MspInit) refers to stm32f4xx_hal_gpio.o(i.HAL_GPIO_Init) for HAL_GPIO_Init
    usart.o(i.MX_USART1_UART_Init) refers to stm32f4xx_hal_uart.o(i.HAL_UART_Init) for HAL_UART_Init
    usart.o(i.MX_USART1_UART_Init) refers to main.o(i.Error_Handler) for Error_Handler
    usart.o(i.MX_USART1_UART_Init) refers to usart.o(.bss) for .bss
    stm32f4xx_it.o(i.DMA2_Stream3_IRQHandler) refers to stm32f4xx_hal_dma.o(i.HAL_DMA_IRQHandler) for HAL_DMA_IRQHandler
    stm32f4xx_it.o(i.DMA2_Stream3_IRQHandler) refers to sdio.o(.bss) for hdma_sdio_tx
    stm32f4xx_it.o(i.DMA2_Stream6_IRQHandler) refers to stm32f4xx_hal_dma.o(i.HAL_DMA_IRQHandler) for HAL_DMA_IRQHandler
    stm32f4xx_it.o(i.DMA2_Stream6_IRQHandler) refers to sdio.o(.bss) for hdma_sdio_rx
[...]
    i.USBD_SetConfig                         0x08004c1c   Section        0  usbd_ctlreq.o(i.USBD_SetConfig)
    USBD_SetConfig                           0x08004c1d   Thumb Code   182  usbd_ctlreq.o(i.USBD_SetConfig)
    i.USBD_Start                             0x08004cd8   Section        0  usbd_core.o(i.USBD_Start)
    i.USBD_StdDevReq                         0x08004cdc   Section        0  usbd_ctlreq.o(i.USBD_StdDevReq)
    i.USBD_StdEPReq                          0x08004df0   Section        0  usbd_ctlreq.o(i.USBD_StdEPReq)
    i.USBD_StdItfReq                         0x08004f3c   Section        0  usbd_ctlreq.o(i.USBD_StdItfReq)
    i.USB_ActivateEndpoint                   0x08004f90   Section        0  stm32f4xx_ll_usb.o(i.USB_ActivateEndpoint)
    i.USB_ActivateSetup                      0x08005010   Section        0  stm32f4xx_ll_usb.o(i.USB_ActivateSetup)
    i.USB_CoreInit                           0x0800502c   Section        0  stm32f4xx_ll_usb.o(i.USB_CoreInit)
    i.USB_CoreReset                          0x080050a0   Section        0  stm32f4xx_ll_usb.o(i.USB_CoreReset)
    USB_CoreReset                            0x080050a1   Thumb Code    50  stm32f4xx_ll_usb.o(i.USB_CoreReset)
    i.USB_DeactivateEndpoint                 0x080050d8   Section        0  stm32f4xx_ll_usb.o(i.USB_DeactivateEndpoint)
    i.USB_DevConnect                         0x080051a4   Section        0  stm32f4xx_ll_usb.o(i.USB_DevConnect)
    i.USB_DevDisconnect                      0x080051c0   Section        0  stm32f4xx_ll_usb.o(i.USB_DevDisconnect)
    i.USB_DevInit                            0x080051dc   Section        0  stm32f4xx_ll_usb.o(i.USB_DevInit)
    i.USB_DisableGlobalInt                   0x08005350   Section        0  stm32f4xx_ll_usb.o(i.USB_DisableGlobalInt)
    i.USB_EP0StartXfer                       0x0800535c   Section        0  stm32f4xx_ll_usb.o(i.USB_EP0StartXfer)
    i.USB_EP0_OutStart                       0x08005474   Section        0  stm32f4xx_ll_usb.o(i.USB_EP0_OutStart)
    i.USB_EPClearStall                       0x080054cc   Section        0  stm32f4xx_ll_usb.o(i.USB_EPClearStall)
    i.USB_EPSetStall                         0x08005524   Section        0  stm32f4xx_ll_usb.o(i.USB_EPSetStall)
    i.USB_EPStartXfer                        0x0800557c   Section        0  stm32f4xx_ll_usb.o(i.USB_EPStartXfer)
    i.USB_EnableGlobalInt                    0x08005764   Section        0  stm32f4xx_ll_usb.o(i.USB_EnableGlobalInt)
    i.USB_FlushRxFifo                        0x08005770   Section        0  stm32f4xx_ll_usb.o(i.USB_FlushRxFifo)
    i.USB_FlushTxFifo                        0x08005790   Section        0  stm32f4xx_ll_usb.o(i.USB_FlushTxFifo)
    i.USB_GetDevSpeed                        0x080057b4   Section        0  stm32f4xx_ll_usb.o(i.USB_GetDevSpeed)
    i.USB_GetMode                            0x080057ce   Section        0  stm32f4xx_ll_usb.o(i.USB_GetMode)
    i.USB_ReadDevAllInEpInterrupt            0x080057d6   Section        0  stm32f4xx_ll_usb.o(i.USB_ReadDevAllInEpInterrupt)
    i.USB_ReadDevAllOutEpInterrupt           0x080057e4   Section        0  stm32f4xx_ll_usb.o(i.USB_ReadDevAllOutEpInterrupt)
    i.USB_ReadDevInEPInterrupt               0x080057f2   Section        0  stm32f4xx_ll_usb.o(i.USB_ReadDevInEPInterrupt)
    i.USB_ReadDevOutEPInterrupt              0x08005816   Section        0  stm32f4xx_ll_usb.o(i.USB_ReadDevOutEPInterrupt)
    i.USB_ReadInterrupts                     0x08005826   Section        0  stm32f4xx_ll_usb.o(i.USB_ReadInterrupts)
    i.USB_ReadPacket                         0x0800582e   Section        0  stm32f4xx_ll_usb.o(i.USB_ReadPacket)
    i.USB_SetCurrentMode                     0x0800584a   Section        0  stm32f4xx_ll_usb.o(i.USB_SetCurrentMode)
    i.USB_SetDevAddress                      0x08005878   Section        0  stm32f4xx_ll_usb.o(i.USB_SetDevAddress)
    i.USB_SetTurnaroundTime                  0x0800589c   Section        0  stm32f4xx_ll_usb.o(i.USB_SetTurnaroundTime)
    i.USB_WritePacket                        0x08005984   Section        0  stm32f4xx_ll_usb.o(i.USB_WritePacket)
    i.UsageFault_Handler                     0x080059a8   Section        0  stm32f4xx_it.o(i.UsageFault_Handler)
    i.__NVIC_SetPriority                     0x080059aa   Section        0  stm32f4xx_hal_cortex.o(i.__NVIC_SetPriority)
    __NVIC_SetPriority                       0x080059ab   Thumb Code    32  stm32f4xx_hal_cortex.o(i.__NVIC_SetPriority)
    i.__scatterload_copy                     0x080059ca   Section       14  handlers.o(i.__scatterload_copy)
    i.__scatterload_null                     0x080059d8   Section        2  handlers.o(i.__scatterload_null)
    i.__scatterload_zeroinit                 0x080059da   Section       14  handlers.o(i.__scatterload_zeroinit)
    i.free                                   0x080059e8   Section        0  malloc.o(i.free)
    i.main                                   0x08005a38   Section        0  main.o(i.main)
    i.malloc                                 0x08005a5c   Section        0  malloc.o(i.malloc)
    .constdata                               0x08005ac8   Section       20  sd_diskio.o(.constdata)
    .constdata                               0x08005adc   Section       36  usbd_storage_if.o(.constdata)
    .constdata                               0x08005b00   Section        8  stm32f4xx_hal_dma.o(.constdata)
    flagBitshiftOffset                       0x08005b00   Data           8  stm32f4xx_hal_dma.o(.constdata)
    .constdata                               0x08005b08   Section       16  system_stm32f4xx.o(.constdata)
    .constdata                               0x08005b18   Section        8  system_stm32f4xx.o(.constdata)
    .data                                    0x20000000   Section        1  sd_diskio.o(.data)
    Stat                                     0x20000000   Data           1  sd_diskio.o(.data)
    .data                                    0x20000001   Section        5  fatfs.o(.data)
    .data                                    0x20000008   Section       28  usbd_desc.o(.data)
    .data                                    0x20000024   Section       50  usbd_desc.o(.data)
    .data                                    0x20000058   Section       32  usbd_storage_if.o(.data)
    .data                                    0x20000078   Section        1  usbd_storage_if.o(.data)
    prev_status                              0x20000078   Data           1  usbd_storage_if.o(.data)
    .data                                    0x2000007c   Section       12  stm32f4xx_hal.o(.data)
    .data                                    0x20000088   Section        4  system_stm32f4xx.o(.data)
    .data                                    0x2000008c   Section        1  usbd_ctlreq.o(.data)
    cfgidx                                   0x2000008c   Data           1  usbd_ctlreq.o(.data)
    .data                                    0x20000090   Section       56  usbd_msc.o(.data)
    .data                                    0x200000c8   Section      106  usbd_msc.o(.data)
    USBD_MSC_CfgHSDesc                       0x200000c8   Data          32  usbd_msc.o(.data)
    USBD_MSC_CfgFSDesc                       0x200000e8   Data          32  usbd_msc.o(.data)
    USBD_MSC_OtherSpeedCfgDesc               0x20000108   Data          32  usbd_msc.o(.data)
    USBD_MSC_DeviceQualifierDesc             0x20000128   Data          10  usbd_msc.o(.data)
    .data                                    0x20000132   Section        6  usbd_msc_data.o(.data)
    .data                                    0x20000138   Section        8  usbd_msc_data.o(.data)
    .data                                    0x20000140   Section       23  usbd_msc_data.o(.data)
    .data                                    0x20000157   Section       27  usbd_msc_data.o(.data)
    .data                                    0x20000174   Section        4  mvars.o(.data)
    .data                                    0x20000178   Section        4  mvars.o(.data)
    .bss                                     0x2000017c   Section      324  sdio.o(.bss)
    .bss                                     0x200002c0   Section       64  usart.o(.bss)
    .bss                                     0x20000300   Section      720  usb_device.o(.bss)
    .bss                                     0x200005d0   Section      512  usbd_desc.o(.bss)
    .bss                                     0x200007d0   Section     1032  usbd_conf.o(.bss)
    .bss                                     0x20000bd8   Section       12  ff_gen_drv.o(.bss)
    HEAP                                     0x20000be8   Section     4096  startup_stm32f407xx.o(HEAP)
    STACK                                    0x20001be8   Section     1024  startup_stm32f407xx.o(STACK)

    Global Symbols

    Symbol Name                              Value     Ov Type        Size  Object(Section)

    BuildAttributes$$THM_ISAv4$E$P$D$K$B$S$7EM$VFPi3$EXTD16$VFPS$VFMA$PE$A:L22UL41UL21$X:L11$S22US41US21$IEEE1$IW$USESV6$~STKCKD$USESV7$~SHL$OSPACE$EBA8$MICROLIB$REQ8$PRES8$EABIv2 0x00000000   Number         0  anon$$obj.o ABSOLUTE
    __ARM_use_no_argv                        0x00000000   Number         0  main.o ABSOLUTE
    __arm_fini_                               - Undefined Weak Reference
    __cpp_initialize__aeabi_                  - Undefined Weak Reference
    __cxa_finalize                            - Undefined Weak Reference
    _clock_init                               - Undefined Weak Reference
    _microlib_exit                            - Undefined Weak Reference
    __Vectors_Size                           0x00000188   Number         0  startup_stm32f407xx.o ABSOLUTE
    __Vectors                                0x08000000   Data           4  startup_stm32f407xx.o(RESET)
    __Vectors_End                            0x08000188   Data           0  startup_stm32f407xx.o(RESET)
    __main                                   0x08000189   Thumb Code     0  entry.o(.ARM.Collect$$$$00000000)
    _main_stk                                0x08000189   Thumb Code     0  entry2.o(.ARM.Collect$$$$00000001)
    _main_scatterload                        0x0800018d   Thumb Code     0  entry5.o(.ARM.Collect$$$$00000004)
    __main_after_scatterload                 0x08000191   Thumb Code     0  entry5.o(.ARM.Collect$$$$00000004)
    _main_clock                              0x08000191   Thumb Code     0  entry7b.o(.ARM.Collect$$$$00000008)
    _main_cpp_init                           0x08000191   Thumb Code     0  entry8b.o(.ARM.Collect$$$$0000000A)
    _main_init                               0x08000191   Thumb Code     0  entry9a.o(.ARM.Collect$$$$0000000B)
    __rt_lib_shutdown_fini                   0x08000199   Thumb Code     0  entry12b.o(.ARM.Collect$$$$0000000E)
    __rt_final_cpp                           0x0800019d   Thumb Code     0  entry10a.o(.ARM.Collect$$$$0000000F)
    __rt_final_exit                          0x0800019d   Thumb Code     0  entry11a.o(.ARM.Collect$$$$00000011)
    Reset_Handler                            0x080001a1   Thumb Code     8  startup_stm32f407xx.o(.text)
    ADC_IRQHandler                           0x080001bb   Thumb Code     0  startup_stm32f407xx.o(.text)
    CAN1_RX0_IRQHandler                      0x080001bb   Thumb Code     0  startup_stm32f407xx.o(.text)
    CAN1_RX1_IRQHandler                      0x080001bb   Thumb Code     0  startup_stm32f407xx.o(.text)
    CAN1_SCE_IRQHandler                      0x080001bb   Thumb Code     0  startup_stm32f407xx.o(.text)
    CAN1_TX_IRQHandler                       0x080001bb   Thumb Code     0  startup_stm32f407xx.o(.text)
    CAN2_RX0_IRQHandler                      0x080001bb   Thumb Code     0  startup_stm32f407xx.o(.text)
    CAN2_RX1_IRQHandler                      0x080001bb   Thumb Code     0  startup_stm32f407xx.o(.text)
    CAN2_SCE_IRQHandler                      0x080001bb   Thumb Code     0  startup_stm32f407xx.o(.text)
    CAN2_TX_IRQHandler                       0x080001bb   Thumb Code     0  startup_stm32f407xx.o(.text)
    DCMI_IRQHandler                          0x080001bb   Thumb Code     0  startup_stm32f407xx.o(.text)
    DMA1_Stream0_IRQHandler                  0x080001bb   Thumb Code     0  startup_stm32f407xx.o(.text)
    DMA1_Stream1_IRQHandler                  0x080001bb   Thumb Code     0  startup_stm32f407xx.o(.text)
    DMA1_Stream2_IRQHandler                  0x080001bb   Thumb Code     0  startup_stm32f407xx.o(.text)
    DMA1_Stream3_IRQHandler                  0x080001bb   Thumb Code     0  startup_stm32f407xx.o(.text)
    DMA1_Stream4_IRQHandler                  0x080001bb   Thumb Code     0  startup_stm32f407xx.o(.text)
    DMA1_Stream5_IRQHandler                  0x080001bb   Thumb Code     0  startup_stm32f407xx.o(.text)
    DMA1_Stream6_IRQHandler                  0x080001bb   Thumb Code     0  startup_stm32f407xx.o(.text)
    DMA1_Stream7_IRQHandler                  0x080001bb   Thumb Code     0  startup_stm32f407xx.o(.text)
    DMA2_Stream0_IRQHandler                  0x080001bb   Thumb Code     0  startup_stm32f407xx.o(.text)
    DMA2_Stream1_IRQHandler                  0x080001bb   Thumb Code     0  startup_stm32f407xx.o(.text)
    DMA2_Stream2_IRQHandler                  0x080001bb   Thumb Code     0  startup_stm32f407xx.o(.text)
    DMA2_Stream4_IRQHandler                  0x080001bb   Thumb Code     0  startup_stm32f407xx.o(.text)
    DMA2_Stream5_IRQHandler                  0x080001bb   Thumb Code     0  startup_stm32f407xx.o(.text)
    DMA2_Stream7_IRQHandler                  0x080001bb   Thumb Code     0  startup_stm32f407xx.o(.text)
    ETH_IRQHandler                           0x080001bb   Thumb Code     0  startup_stm32f407xx.o(.text)
    ETH_WKUP_IRQHandler                      0x080001bb   Thumb Code     0  startup_stm32f407xx.o(.text)
    EXTI0_IRQHandler                         0x080001bb   Thumb Code     0  startup_stm32f407xx.o(.text)
    EXTI15_10_IRQHandler                     0x080001bb   Thumb Code     0  startup_stm32f407xx.o(.text)
    EXTI1_IRQHandler                         0x080001bb   Thumb Code     0  startup_stm32f407xx.o(.text)
    EXTI2_IRQHandler                         0x080001bb   Thumb Code     0  startup_stm32f407xx.o(.text)
    EXTI3_IRQHandler                         0x080001bb   Thumb Code     0  startup_stm32f407xx.o(.text)
    EXTI4_IRQHandler                         0x080001bb   Thumb Code     0  startup_stm32f407xx.o(.text)
    EXTI9_5_IRQHandler                       0x080001bb   Thumb Code     0  startup_stm32f407xx.o(.text)
    FLASH_IRQHandler                         0x080001bb   Thumb Code     0  startup_stm32f407xx.o(.text)
    FMC_IRQHandler                           0x080001bb   Thumb Code     0  startup_stm32f407xx.o(.text)
    FPU_IRQHandler                           0x080001bb   Thumb Code     0  startup_stm32f407xx.o(.text)
    HASH_RNG_IRQHandler                      0x080001bb   Thumb Code     0  startup_stm32f407xx.o(.text)
    I2C1_ER_IRQHandler                       0x080001bb   Thumb Code     0  startup_stm32f407xx.o(.text)
    I2C1_EV_IRQHandler                       0x080001bb   Thumb Code     0  startup_stm32f407xx.o(.text)
    I2C2_ER_IRQHandler                       0x080001bb   Thumb Code     0  startup_stm32f407xx.o(.text)
    I2C2_EV_IRQHandler                       0x080001bb   Thumb Code     0  startup_stm32f407xx.o(.text)
    I2C3_ER_IRQHandler                       0x080001bb   Thumb Code     0  startup_stm32f407xx.o(.text)
    I2C3_EV_IRQHandler                       0x080001bb   Thumb Code     0  startup_stm32f407xx.o(.text)
    OTG_FS_WKUP_IRQHandler                   0x080001bb   Thumb Code     0  startup_stm32f407xx.o(.text)
    OTG_HS_EP1_IN_IRQHandler                 0x080001bb   Thumb Code     0  startup_stm32f407xx.o(.text)
    OTG_HS_EP1_OUT_IRQHandler                0x080001bb   Thumb Code     0  startup_stm32f407xx.o(.text)
    OTG_HS_IRQHandler                        0x080001bb   Thumb Code     0  startup_stm32f407xx.o(.text)
    OTG_HS_WKUP_IRQHandler                   0x080001bb   Thumb Code     0  startup_stm32f407xx.o(.text)
    PVD_IRQHandler                           0x080001bb   Thumb Code     0  startup_stm32f407xx.o(.text)
    RCC_IRQHandler                           0x080001bb   Thumb Code     0  startup_stm32f407xx.o(.text)
    RTC_Alarm_IRQHandler                     0x080001bb   Thumb Code     0  startup_stm32f407xx.o(.text)
    RTC_WKUP_IRQHandler                      0x080001bb   Thumb Code     0  startup_stm32f407xx.o(.text)
    SPI1_IRQHandler                          0x080001bb   Thumb Code     0  startup_stm32f407xx.o(.text)
    SPI2_IRQHandler                          0x080001bb   Thumb Code     0  startup_stm32f407xx.o(.text)
    SPI3_IRQHandler                          0x080001bb   Thumb Code     0  startup_stm32f407xx.o(.text)
    TAMP_STAMP_IRQHandler                    0x080001bb   Thumb Code     0  startup_stm32f407xx.o(.text)
    TIM1_BRK_TIM9_IRQHandler                 0x080001bb   Thumb Code     0  startup_stm32f407xx.o(.text)
    TIM1_CC_IRQHandler                       0x080001bb   Thumb Code     0  startup_stm32f407xx.o(.text)
    TIM1_TRG_COM_TIM11_IRQHandler            0x080001bb   Thumb Code     0  startup_stm32f407xx.o(.text)
    TIM1_UP_TIM10_IRQHandler                 0x080001bb   Thumb Code     0  startup_stm32f407xx.o(.text)
    TIM2_IRQHandler                          0x080001bb   Thumb Code     0  startup_stm32f407xx.o(.text)
    TIM3_IRQHandler                          0x080001bb   Thumb Code     0  startup_stm32f407xx.o(.text)
    TIM4_IRQHandler                          0x080001bb   Thumb Code     0  startup_stm32f407xx.o(.text)
    TIM5_IRQHandler                          0x080001bb   Thumb Code     0  startup_stm32f407xx.o(.text)
    TIM6_DAC_IRQHandler                      0x080001bb   Thumb Code     0  startup_stm32f407xx.o(.text)
    TIM7_IRQHandler                          0x080001bb   Thumb Code     0  startup_stm32f407xx.o(.text)
    TIM8_BRK_TIM12_IRQHandler                0x080001bb   Thumb Code     0  startup_stm32f407xx.o(.text)
    TIM8_CC_IRQHandler                       0x080001bb   Thumb Code     0  startup_stm32f407xx.o(.text)
    TIM8_TRG_COM_TIM14_IRQHandler            0x080001bb   Thumb Code     0  startup_stm32f407xx.o(.text)
    TIM8_UP_TIM13_IRQHandler                 0x080001bb   Thumb Code     0  startup_stm32f407xx.o(.text)
    UART4_IRQHandler                         0x080001bb   Thumb Code     0  startup_stm32f407xx.o(.text)
    UART5_IRQHandler                         0x080001bb   Thumb Code     0  startup_stm32f407xx.o(.text)
    USART1_IRQHandler                        0x080001bb   Thumb Code     0  startup_stm32f407xx.o(.text)
    USART2_IRQHandler                        0x080001bb   Thumb Code     0  startup_stm32f407xx.o(.text)
    USART3_IRQHandler                        0x080001bb   Thumb Code     0  startup_stm32f407xx.o(.text)
    USART6_IRQHandler                        0x080001bb   Thumb Code     0  startup_stm32f407xx.o(.text)
    WWDG_IRQHandler                          0x080001bb   Thumb Code     0  startup_stm32f407xx.o(.text)
    __aeabi_uldivmod                         0x080001c5   Thumb Code    98  uldiv.o(.text)
    __aeabi_memcpy                           0x08000227   Thumb Code    36  memcpya.o(.text)
    __aeabi_memcpy4                          0x08000227   Thumb Code     0  memcpya.o(.text)
    __aeabi_memcpy8                          0x08000227   Thumb Code     0  memcpya.o(.text)
    __aeabi_memset                           0x0800024b   Thumb Code    14  memseta.o(.text)
    __aeabi_memset4                          0x0800024b   Thumb Code     0  memseta.o(.text)
    __aeabi_memset8                          0x0800024b   Thumb Code     0  memseta.o(.text)
    __aeabi_memclr                           0x08000259   Thumb Code     4  memseta.o(.text)
    __aeabi_memclr4                          0x08000259   Thumb Code     0  memseta.o(.text)
    __aeabi_memclr8                          0x08000259   Thumb Code     0  memseta.o(.text)
    _memset$wrapper                          0x0800025d   Thumb Code    18  memseta.o(.text)
    __aeabi_llsl                             0x0800026f   Thumb Code    30  llshl.o(.text)
    _ll_shift_l                              0x0800026f   Thumb Code     0  llshl.o(.text)
    __aeabi_llsr                             0x0800028d   Thumb Code    32  llushr.o(.text)
    _ll_ushift_r                             0x0800028d   Thumb Code     0  llushr.o(.text)
    __scatterload                            0x080002ad   Thumb Code    28  init.o(.text)
    __scatterload_rt2                        0x080002ad   Thumb Code     0  init.o(.text)
    __decompress                             0x080002d1   Thumb Code     0  __dczerorl2.o(.text)
    __decompress1                            0x080002d1   Thumb Code    86  __dczerorl2.o(.text)
    BSP_SD_AbortCallback                     0x08000327   Thumb Code     2  bsp_driver_sd.o(i.BSP_SD_AbortCallback)
    BSP_SD_GetCardInfo                       0x08000329   Thumb Code     8  bsp_driver_sd.o(i.BSP_SD_GetCardInfo)
    BSP_SD_GetCardState                      0x08000335   Thumb Code    20  bsp_driver_sd.o(i.BSP_SD_GetCardState)
    BSP_SD_Init                              0x0800034d   Thumb Code    42  bsp_driver_sd.o(i.BSP_SD_Init)
    BSP_SD_IsDetected                        0x0800037d   Thumb Code    14  bsp_driver_sd.o(i.BSP_SD_IsDetected)
    BSP_SD_ReadBlocks                        0x0800038d   Thumb Code    26  bsp_driver_sd.o(i.BSP_SD_ReadBlocks)
    BSP_SD_ReadCpltCallback                  0x080003ad   Thumb Code     2  bsp_driver_sd.o(i.BSP_SD_ReadCpltCallback)
    BSP_SD_WriteBlocks                       0x080003b1   Thumb Code    26  bsp_driver_sd.o(i.BSP_SD_WriteBlocks)
    BSP_SD_WriteCpltCallback                 0x080003d1   Thumb Code     2  bsp_driver_sd.o(i.BSP_SD_WriteCpltCallback)
    BusFault_Handler                         0x080003d3   Thumb Code     2  stm32f4xx_it.o(i.BusFault_Handler)
    DMA2_Stream3_IRQHandler                  0x080003d5   Thumb Code     6  stm32f4xx_it.o(i.DMA2_Stream3_IRQHandler)
    DMA2_Stream6_IRQHandler                  0x080003e1   Thumb Code     6  stm32f4xx_it.o(i.DMA2_Stream6_IRQHandler)
    DebugMon_Handler                         0x08000491   Thumb Code     2  stm32f4xx_it.o(i.DebugMon_Handler)
    Error_Handler                            0x08000493   Thumb Code     2  main.o(i.Error_Handler)
    FATFS_LinkDriver                         0x08000495   Thumb Code     6  ff_gen_drv.o(i.FATFS_LinkDriver)
    FATFS_LinkDriverEx                       0x0800049d   Thumb Code    58  ff_gen_drv.o(i.FATFS_LinkDriverEx)
    HAL_DMA_Abort_IT                         0x080004dd   Thumb Code    36  stm32f4xx_hal_dma.o(i.HAL_DMA_Abort_IT)
    HAL_DMA_GetError                         0x08000501   Thumb Code     4  stm32f4xx_hal_dma.o(i.HAL_DMA_GetError)
    HAL_DMA_IRQHandler                       0x08000505   Thumb Code   412  stm32f4xx_hal_dma.o(i.HAL_DMA_IRQHandler)
    HAL_DMA_Init                             0x080006a5   Thumb Code   206  stm32f4xx_hal_dma.o(i.HAL_DMA_Init)
    HAL_DMA_Start_IT                         0x08000779   Thumb Code   110  stm32f4xx_hal_dma.o(i.HAL_DMA_Start_IT)
    HAL_Delay                                0x080007e9   Thumb Code    32  stm32f4xx_hal.o(i.HAL_Delay)
    HAL_GPIO_Init                            0x0800080d   Thumb Code   394  stm32f4xx_hal_gpio.o(i.HAL_GPIO_Init)
    HAL_GetTick                              0x080009c5   Thumb Code     6  stm32f4xx_hal.o(i.HAL_GetTick)
    HAL_IncTick                              0x080009d1   Thumb Code    12  stm32f4xx_hal.o(i.HAL_IncTick)
    HAL_Init                                 0x080009e1   Thumb Code    48  stm32f4xx_hal.o(i.HAL_Init)
    HAL_InitTick                             0x08000a15   Thumb Code    54  stm32f4xx_hal.o(i.HAL_InitTick)
    HAL_MspInit                              0x08000a55   Thumb Code    42  stm32f4xx_hal_msp.o(i.HAL_MspInit)
    HAL_NVIC_EnableIRQ                       0x08000a85   Thumb Code    26  stm32f4xx_hal_cortex.o(i.HAL_NVIC_EnableIRQ)
    HAL_NVIC_SetPriority                     0x08000aa1   Thumb Code    60  stm32f4xx_hal_cortex.o(i.HAL_NVIC_SetPriority)
    HAL_NVIC_SetPriorityGrouping             0x08000ae1   Thumb Code    26  stm32f4xx_hal_cortex.o(i.HAL_NVIC_SetPriorityGrouping)
    HAL_PCDEx_LPM_Callback                   0x08000b05   Thumb Code     2  stm32f4xx_hal_pcd_ex.o(i.HAL_PCDEx_LPM_Callback)
    HAL_PCDEx_SetRxFiFo                      0x08000b07   Thumb Code     8  stm32f4xx_hal_pcd_ex.o(i.HAL_PCDEx_SetRxFiFo)
    HAL_PCDEx_SetTxFiFo                      0x08000b0f   Thumb Code    68  stm32f4xx_hal_pcd_ex.o(i.HAL_PCDEx_SetTxFiFo)
    HAL_PCD_ConnectCallback                  0x08000b53   Thumb Code     8  usbd_conf.o(i.HAL_PCD_ConnectCallback)
    HAL_PCD_DataInStageCallback              0x08000b5b   Thumb Code    18  usbd_conf.o(i.HAL_PCD_DataInStageCallback)
    HAL_PCD_DataOutStageCallback             0x08000b6d   Thumb Code    20  usbd_conf.o(i.HAL_PCD_DataOutStageCallback)
    HAL_PCD_DisconnectCallback               0x08000b81   Thumb Code     8  usbd_conf.o(i.HAL_PCD_DisconnectCallback)
    HAL_PCD_EP_Close                         0x08000b89   Thumb Code    76  stm32f4xx_hal_pcd.o(i.HAL_PCD_EP_Close)
    HAL_PCD_EP_ClrStall                      0x08000bd5   Thumb Code    92  stm32f4xx_hal_pcd.o(i.HAL_PCD_EP_ClrStall)
    HAL_PCD_EP_Flush                         0x08000c31   Thumb Code    52  stm32f4xx_hal_pcd.o(i.HAL_PCD_EP_Flush)
    HAL_PCD_EP_GetRxCount                    0x08000c65   Thumb Code    18  stm32f4xx_hal_pcd.o(i.HAL_PCD_EP_GetRxCount)
    HAL_PCD_EP_Open                          0x08000c77   Thumb Code    96  stm32f4xx_hal_pcd.o(i.HAL_PCD_EP_Open)
    HAL_PCD_EP_Receive                       0x08000cd7   Thumb Code    72  stm32f4xx_hal_pcd.o(i.HAL_PCD_EP_Receive)
    HAL_PCD_EP_SetStall                      0x08000d1f   Thumb Code   116  stm32f4xx_hal_pcd.o(i.HAL_PCD_EP_SetStall)
    HAL_PCD_EP_Transmit                      0x08000d93   Thumb Code    64  stm32f4xx_hal_pcd.o(i.HAL_PCD_EP_Transmit)
    HAL_PCD_IRQHandler                       0x08000dd5   Thumb Code  1070  stm32f4xx_hal_pcd.o(i.HAL_PCD_IRQHandler)
    HAL_PCD_ISOINIncompleteCallback          0x08001209   Thumb Code     8  usbd_conf.o(i.HAL_PCD_ISOINIncompleteCallback)
    HAL_PCD_ISOOUTIncompleteCallback         0x08001211   Thumb Code     8  usbd_conf.o(i.HAL_PCD_ISOOUTIncompleteCallback)
    HAL_PCD_Init                             0x08001219   Thumb Code   226  stm32f4xx_hal_pcd.o(i.HAL_PCD_Init)
    HAL_PCD_MspInit                          0x080012fd   Thumb Code   122  usbd_conf.o(i.HAL_PCD_MspInit)
    HAL_PCD_ResetCallback                    0x08001381   Thumb Code    44  usbd_conf.o(i.HAL_PCD_ResetCallback)
    HAL_PCD_ResumeCallback                   0x080013ad   Thumb Code     8  usbd_conf.o(i.HAL_PCD_ResumeCallback)
    HAL_PCD_SOFCallback                      0x080013b5   Thumb Code     8  usbd_conf.o(i.HAL_PCD_SOFCallback)
    HAL_PCD_SetAddress                       0x080013bd   Thumb Code    40  stm32f4xx_hal_pcd.o(i.HAL_PCD_SetAddress)
    HAL_PCD_SetupStageCallback               0x080013e5   Thumb Code    14  usbd_conf.o(i.HAL_PCD_SetupStageCallback)
    HAL_PCD_Start                            0x080013f3   Thumb Code    66  stm32f4xx_hal_pcd.o(i.HAL_PCD_Start)
    HAL_PCD_SuspendCallback                  0x08001435   Thumb Code    44  usbd_conf.o(i.HAL_PCD_SuspendCallback)
    HAL_RCC_ClockConfig                      0x08001465   Thumb Code   288  stm32f4xx_hal_rcc.o(i.HAL_RCC_ClockConfig)
    HAL_RCC_GetHCLKFreq                      0x08001599   Thumb Code     6  stm32f4xx_hal_rcc.o(i.HAL_RCC_GetHCLKFreq)
    HAL_RCC_GetPCLK1Freq                     0x080015a5   Thumb Code    20  stm32f4xx_hal_rcc.o(i.HAL_RCC_GetPCLK1Freq)
    HAL_RCC_GetPCLK2Freq                     0x080015c5   Thumb Code    20  stm32f4xx_hal_rcc.o(i.HAL_RCC_GetPCLK2Freq)
    HAL_RCC_GetSysClockFreq                  0x080015e5   Thumb Code    88  stm32f4xx_hal_rcc.o(i.HAL_RCC_GetSysClockFreq)
    HAL_RCC_OscConfig                        0x08001645   Thumb Code   840  stm32f4xx_hal_rcc.o(i.HAL_RCC_OscConfig)
    HAL_SD_AbortCallback                     0x080019a1   Thumb Code     8  bsp_driver_sd.o(i.HAL_SD_AbortCallback)
    HAL_SD_ConfigWideBusOperation            0x080019a9   Thumb Code   238  stm32f4xx_hal_sd.o(i.HAL_SD_ConfigWideBusOperation)
    HAL_SD_ErrorCallback                     0x08001a9d   Thumb Code     2  stm32f4xx_hal_sd.o(i.HAL_SD_ErrorCallback)
    HAL_SD_GetCardCSD                        0x08001aa1   Thumb Code   402  stm32f4xx_hal_sd.o(i.HAL_SD_GetCardCSD)
    HAL_SD_GetCardInfo                       0x08001c39   Thumb Code    36  stm32f4xx_hal_sd.o(i.HAL_SD_GetCardInfo)
    HAL_SD_GetCardState                      0x08001c5d   Thumb Code    44  stm32f4xx_hal_sd.o(i.HAL_SD_GetCardState)
    HAL_SD_GetState                          0x08001c89   Thumb Code     6  stm32f4xx_hal_sd.o(i.HAL_SD_GetState)
    HAL_SD_IRQHandler                        0x08001c91   Thumb Code   512  stm32f4xx_hal_sd.o(i.HAL_SD_IRQHandler)
    HAL_SD_Init                              0x08001e99   Thumb Code    54  stm32f4xx_hal_sd.o(i.HAL_SD_Init)
    HAL_SD_InitCard                          0x08001ed1   Thumb Code    78  stm32f4xx_hal_sd.o(i.HAL_SD_InitCard)
    HAL_SD_MspInit                           0x08001f25   Thumb Code   300  sdio.o(i.HAL_SD_MspInit)
    HAL_SD_ReadBlocks                        0x08002069   Thumb Code   500  stm32f4xx_hal_sd.o(i.HAL_SD_ReadBlocks)
    HAL_SD_ReadBlocks_DMA                    0x08002261   Thumb Code   288  stm32f4xx_hal_sd.o(i.HAL_SD_ReadBlocks_DMA)
    HAL_SD_RxCpltCallback                    0x08002391   Thumb Code     8  bsp_driver_sd.o(i.HAL_SD_RxCpltCallback)
    HAL_SD_TxCpltCallback                    0x08002399   Thumb Code     8  bsp_driver_sd.o(i.HAL_SD_TxCpltCallback)
    HAL_SD_WriteBlocks                       0x080023a1   Thumb Code   454  stm32f4xx_hal_sd.o(i.HAL_SD_WriteBlocks)
    HAL_SD_WriteBlocks_DMA                   0x0800256d   Thumb Code   290  stm32f4xx_hal_sd.o(i.HAL_SD_WriteBlocks_DMA)
    HAL_SYSTICK_Config                       0x080026a1   Thumb Code    40  stm32f4xx_hal_cortex.o(i.HAL_SYSTICK_Config)
    HAL_UART_Init                            0x080026c9   Thumb Code    98  stm32f4xx_hal_uart.o(i.HAL_UART_Init)
    HAL_UART_MspInit                         0x0800272d   Thumb Code   130  usart.o(i.HAL_UART_MspInit)
    HardFault_Handler                        0x080027c1   Thumb Code     2  stm32f4xx_it.o(i.HardFault_Handler)
    MSC_BOT_CplClrFeature                    0x0800290d   Thumb Code    56  usbd_msc_bot.o(i.MSC_BOT_CplClrFeature)
    MSC_BOT_DataIn                           0x08002945   Thumb Code    58  usbd_msc_bot.o(i.MSC_BOT_DataIn)
    MSC_BOT_DataOut                          0x0800297f   Thumb Code    58  usbd_msc_bot.o(i.MSC_BOT_DataOut)
    MSC_BOT_DeInit                           0x080029b9   Thumb Code    10  usbd_msc_bot.o(i.MSC_BOT_DeInit)
    MSC_BOT_Init                             0x080029c3   Thumb Code    70  usbd_msc_bot.o(i.MSC_BOT_Init)
    MSC_BOT_Reset                            0x08002a09   Thumb Code    50  usbd_msc_bot.o(i.MSC_BOT_Reset)
    MSC_BOT_SendCSW                          0x08002a3d   Thumb Code    54  usbd_msc_bot.o(i.MSC_BOT_SendCSW)
    MX_DMA_Init                              0x08002a79   Thumb Code    56  dma.o(i.MX_DMA_Init)
    MX_FATFS_Init                            0x08002ab5   Thumb Code    18  fatfs.o(i.MX_FATFS_Init)
    MX_GPIO_Init                             0x08002ad1   Thumb Code    86  gpio.o(i.MX_GPIO_Init)
    MX_SDIO_SD_Init                          0x08002b2d   Thumb Code    24  sdio.o(i.MX_SDIO_SD_Init)
    MX_USART1_UART_Init                      0x08002b4d   Thumb Code    48  usart.o(i.MX_USART1_UART_Init)
    MX_USB_DEVICE_Init                       0x08002b85   Thumb Code    66  usb_device.o(i.MX_USB_DEVICE_Init)
    MemManage_Handler                        0x08002bd9   Thumb Code     2  stm32f4xx_it.o(i.MemManage_Handler)
    NMI_Handler                              0x08002bdb   Thumb Code     2  stm32f4xx_it.o(i.NMI_Handler)
    OTG_FS_IRQHandler                        0x08002bdd   Thumb Code     6  stm32f4xx_it.o(i.OTG_FS_IRQHandler)
    PendSV_Handler                           0x08002d57   Thumb Code     2  stm32f4xx_it.o(i.PendSV_Handler)
    SCSI_ProcessCmd                          0x08002df1   Thumb Code   406  usbd_msc_scsi.o(i.SCSI_ProcessCmd)
    SCSI_SenseCode                           0x08003403   Thumb Code    64  usbd_msc_scsi.o(i.SCSI_SenseCode)
    SDIO_ConfigData                          0x080035f7   Thumb Code    36  stm32f4xx_ll_sdmmc.o(i.SDIO_ConfigData)
    SDIO_GetPowerState                       0x0800361b   Thumb Code     8  stm32f4xx_ll_sdmmc.o(i.SDIO_GetPowerState)
    SDIO_GetResponse                         0x08003623   Thumb Code     6  stm32f4xx_ll_sdmmc.o(i.SDIO_GetResponse)
    SDIO_IRQHandler                          0x08003629   Thumb Code     6  stm32f4xx_it.o(i.SDIO_IRQHandler)
    SDIO_Init                                0x08003635   Thumb Code    36  stm32f4xx_ll_sdmmc.o(i.SDIO_Init)
    SDIO_PowerState_ON                       0x08003659   Thumb Code    16  stm32f4xx_ll_sdmmc.o(i.SDIO_PowerState_ON)
    SDIO_ReadFIFO                            0x08003669   Thumb Code     6  stm32f4xx_ll_sdmmc.o(i.SDIO_ReadFIFO)
    SDIO_SendCommand                         0x0800366f   Thumb Code    32  stm32f4xx_ll_sdmmc.o(i.SDIO_SendCommand)
    SDIO_WriteFIFO                           0x0800368f   Thumb Code    10  stm32f4xx_ll_sdmmc.o(i.SDIO_WriteFIFO)
    SDMMC_CmdAppCommand                      0x08003699   Thumb Code    50  stm32f4xx_ll_sdmmc.o(i.SDMMC_CmdAppCommand)
    SDMMC_CmdAppOperCommand                  0x080036cd   Thumb Code    48  stm32f4xx_ll_sdmmc.o(i.SDMMC_CmdAppOperCommand)
    SDMMC_CmdBlockLength                     0x08003701   Thumb Code    50  stm32f4xx_ll_sdmmc.o(i.SDMMC_CmdBlockLength)
    SDMMC_CmdBusWidth                        0x08003733   Thumb Code    50  stm32f4xx_ll_sdmmc.o(i.SDMMC_CmdBusWidth)
    SDMMC_CmdGoIdleState                     0x08003765   Thumb Code    74  stm32f4xx_ll_sdmmc.o(i.SDMMC_CmdGoIdleState)
    SDMMC_CmdOperCond                        0x080037b5   Thumb Code   112  stm32f4xx_ll_sdmmc.o(i.SDMMC_CmdOperCond)
    SDMMC_CmdReadMultiBlock                  0x08003829   Thumb Code    50  stm32f4xx_ll_sdmmc.o(i.SDMMC_CmdReadMultiBlock)
    SDMMC_CmdReadSingleBlock                 0x0800385b   Thumb Code    50  stm32f4xx_ll_sdmmc.o(i.SDMMC_CmdReadSingleBlock)
    SDMMC_CmdSelDesel                        0x0800388d   Thumb Code    50  stm32f4xx_ll_sdmmc.o(i.SDMMC_CmdSelDesel)
    SDMMC_CmdSendCID                         0x080038bf   Thumb Code    44  stm32f4xx_ll_sdmmc.o(i.SDMMC_CmdSendCID)
    SDMMC_CmdSendCSD                         0x080038eb   Thumb Code    44  stm32f4xx_ll_sdmmc.o(i.SDMMC_CmdSendCSD)
    SDMMC_CmdSendSCR                         0x08003917   Thumb Code    48  stm32f4xx_ll_sdmmc.o(i.SDMMC_CmdSendSCR)
    SDMMC_CmdSendStatus                      0x08003947   Thumb Code    50  stm32f4xx_ll_sdmmc.o(i.SDMMC_CmdSendStatus)
    SDMMC_CmdSetRelAdd                       0x08003979   Thumb Code    48  stm32f4xx_ll_sdmmc.o(i.SDMMC_CmdSetRelAdd)
    SDMMC_CmdStopTransfer                    0x080039a9   Thumb Code    46  stm32f4xx_ll_sdmmc.o(i.SDMMC_CmdStopTransfer)
    SDMMC_CmdWriteMultiBlock                 0x080039dd   Thumb Code    50  stm32f4xx_ll_sdmmc.o(i.SDMMC_CmdWriteMultiBlock)
    SDMMC_CmdWriteSingleBlock                0x08003a0f   Thumb Code    50  stm32f4xx_ll_sdmmc.o(i.SDMMC_CmdWriteSingleBlock)
    SD_initialize                            0x08004051   Thumb Code    28  sd_diskio.o(i.SD_initialize)
    SD_ioctl                                 0x08004071   Thumb Code    76  sd_diskio.o(i.SD_ioctl)
    SD_read                                  0x080040c1   Thumb Code    38  sd_diskio.o(i.SD_read)
    SD_status                                0x080040e7   Thumb Code     4  sd_diskio.o(i.SD_status)
    SD_write                                 0x080040ed   Thumb Code    38  sd_diskio.o(i.SD_write)
    SVC_Handler                              0x080041e1   Thumb Code     2  stm32f4xx_it.o(i.SVC_Handler)
    SysTick_Handler                          0x080041ed   Thumb Code     4  stm32f4xx_it.o(i.SysTick_Handler)
    SystemClock_Config                       0x080041f1   Thumb Code   124  main.o(i.SystemClock_Config)
    SystemInit                               0x08004275   Thumb Code    22  system_stm32f4xx.o(i.SystemInit)
    USBD_ClrClassConfig                      0x080043b9   Thumb Code    16  usbd_core.o(i.USBD_ClrClassConfig)
    USBD_CtlContinueRx                       0x080043c9   Thumb Code    16  usbd_ioreq.o(i.USBD_CtlContinueRx)
    USBD_CtlContinueSendData                 0x080043d9   Thumb Code    16  usbd_ioreq.o(i.USBD_CtlContinueSendData)
    USBD_CtlError                            0x080043e9   Thumb Code    22  usbd_ctlreq.o(i.USBD_CtlError)
    USBD_CtlReceiveStatus                    0x080043ff   Thumb Code    22  usbd_ioreq.o(i.USBD_CtlReceiveStatus)
    USBD_CtlSendData                         0x08004415   Thumb Code    26  usbd_ioreq.o(i.USBD_CtlSendData)
    USBD_CtlSendStatus                       0x0800442f   Thumb Code    22  usbd_ioreq.o(i.USBD_CtlSendStatus)
    USBD_FS_ConfigStrDescriptor              0x08004445   Thumb Code    16  usbd_desc.o(i.USBD_FS_ConfigStrDescriptor)
    USBD_FS_DeviceDescriptor                 0x08004465   Thumb Code     8  usbd_desc.o(i.USBD_FS_DeviceDescriptor)
    USBD_FS_InterfaceStrDescriptor           0x08004471   Thumb Code    16  usbd_desc.o(i.USBD_FS_InterfaceStrDescriptor)
    USBD_FS_LangIDStrDescriptor              0x08004495   Thumb Code     8  usbd_desc.o(i.USBD_FS_LangIDStrDescriptor)
    USBD_FS_ManufacturerStrDescriptor        0x080044a1   Thumb Code    16  usbd_desc.o(i.USBD_FS_ManufacturerStrDescriptor)
    USBD_FS_ProductStrDescriptor             0x080044c9   Thumb Code    16  usbd_desc.o(i.USBD_FS_ProductStrDescriptor)
    USBD_FS_SerialStrDescriptor              0x080044f1   Thumb Code    48  usbd_desc.o(i.USBD_FS_SerialStrDescriptor)
    USBD_GetString                           0x0800460f   Thumb Code    72  usbd_ctlreq.o(i.USBD_GetString)
    USBD_Get_USB_Status                      0x08004657   Thumb Code    24  usbd_conf.o(i.USBD_Get_USB_Status)
    USBD_Init                                0x0800466f   Thumb Code    52  usbd_core.o(i.USBD_Init)
    USBD_LL_ClearStallEP                     0x080046a3   Thumb Code    18  usbd_conf.o(i.USBD_LL_ClearStallEP)
    USBD_LL_CloseEP                          0x080046b5   Thumb Code    18  usbd_conf.o(i.USBD_LL_CloseEP)
    USBD_LL_DataInStage                      0x080046c7   Thumb Code   170  usbd_core.o(i.USBD_LL_DataInStage)
    USBD_LL_DataOutStage                     0x08004771   Thumb Code   110  usbd_core.o(i.USBD_LL_DataOutStage)
    USBD_LL_DevConnected                     0x080047df   Thumb Code     4  usbd_core.o(i.USBD_LL_DevConnected)
    USBD_LL_DevDisconnected                  0x080047e3   Thumb Code    24  usbd_core.o(i.USBD_LL_DevDisconnected)
    USBD_LL_FlushEP                          0x080047fb   Thumb Code    18  usbd_conf.o(i.USBD_LL_FlushEP)
    USBD_LL_GetRxDataSize                    0x0800480d   Thumb Code     8  usbd_conf.o(i.USBD_LL_GetRxDataSize)
    USBD_LL_Init                             0x08004815   Thumb Code    90  usbd_conf.o(i.USBD_LL_Init)
    USBD_LL_IsStallEP                        0x08004875   Thumb Code    32  usbd_conf.o(i.USBD_LL_IsStallEP)
    USBD_LL_IsoINIncomplete                  0x08004895   Thumb Code     4  usbd_core.o(i.USBD_LL_IsoINIncomplete)
    USBD_LL_IsoOUTIncomplete                 0x08004899   Thumb Code     4  usbd_core.o(i.USBD_LL_IsoOUTIncomplete)
    USBD_LL_OpenEP                           0x0800489d   Thumb Code    24  usbd_conf.o(i.USBD_LL_OpenEP)
    USBD_LL_PrepareReceive                   0x080048b5   Thumb Code    18  usbd_conf.o(i.USBD_LL_PrepareReceive)
    USBD_LL_Reset                            0x080048c7   Thumb Code    82  usbd_core.o(i.USBD_LL_Reset)
    USBD_LL_Resume                           0x08004919   Thumb Code    20  usbd_core.o(i.USBD_LL_Resume)
    USBD_LL_SOF                              0x0800492d   Thumb Code    24  usbd_core.o(i.USBD_LL_SOF)
    USBD_LL_SetSpeed                         0x08004945   Thumb Code     6  usbd_core.o(i.USBD_LL_SetSpeed)
    USBD_LL_SetUSBAddress                    0x0800494b   Thumb Code    18  usbd_conf.o(i.USBD_LL_SetUSBAddress)
    USBD_LL_SetupStage                       0x0800495d   Thumb Code    96  usbd_core.o(i.USBD_LL_SetupStage)
    USBD_LL_StallEP                          0x080049bd   Thumb Code    18  usbd_conf.o(i.USBD_LL_StallEP)
    USBD_LL_Start                            0x080049cf   Thumb Code    18  usbd_conf.o(i.USBD_LL_Start)
    USBD_LL_Suspend                          0x080049e1   Thumb Code    18  usbd_core.o(i.USBD_LL_Suspend)
    USBD_LL_Transmit                         0x080049f3   Thumb Code    18  usbd_conf.o(i.USBD_LL_Transmit)
    USBD_MSC_DataIn                          0x08004a05   Thumb Code    10  usbd_msc.o(i.USBD_MSC_DataIn)
    USBD_MSC_DataOut                         0x08004a0f   Thumb Code    10  usbd_msc.o(i.USBD_MSC_DataOut)
    USBD_MSC_DeInit                          0x08004a19   Thumb Code    50  usbd_msc.o(i.USBD_MSC_DeInit)
    USBD_MSC_GetDeviceQualifierDescriptor    0x08004a4d   Thumb Code     8  usbd_msc.o(i.USBD_MSC_GetDeviceQualifierDescriptor)
    USBD_MSC_GetFSCfgDesc                    0x08004a59   Thumb Code     8  usbd_msc.o(i.USBD_MSC_GetFSCfgDesc)
    USBD_MSC_GetHSCfgDesc                    0x08004a65   Thumb Code     8  usbd_msc.o(i.USBD_MSC_GetHSCfgDesc)
    USBD_MSC_GetOtherSpeedCfgDesc            0x08004a71   Thumb Code     8  usbd_msc.o(i.USBD_MSC_GetOtherSpeedCfgDesc)
    USBD_MSC_Init                            0x08004a7d   Thumb Code    98  usbd_msc.o(i.USBD_MSC_Init)
    USBD_MSC_RegisterStorage                 0x08004adf   Thumb Code    14  usbd_msc.o(i.USBD_MSC_RegisterStorage)
    USBD_MSC_Setup                           0x08004aed   Thumb Code   204  usbd_msc.o(i.USBD_MSC_Setup)
    USBD_ParseSetupRequest                   0x08004bb9   Thumb Code    44  usbd_ctlreq.o(i.USBD_ParseSetupRequest)
    USBD_RegisterClass                       0x08004be5   Thumb Code    34  usbd_core.o(i.USBD_RegisterClass)
    USBD_SetClassConfig                      0x08004c07   Thumb Code    20  usbd_core.o(i.USBD_SetClassConfig)
    USBD_Start                               0x08004cd9   Thumb Code     4  usbd_core.o(i.USBD_Start)
    USBD_StdDevReq                           0x08004cdd   Thumb Code   276  usbd_ctlreq.o(i.USBD_StdDevReq)
    USBD_StdEPReq                            0x08004df1   Thumb Code   332  usbd_ctlreq.o(i.USBD_StdEPReq)
    USBD_StdItfReq                           0x08004f3d   Thumb Code    82  usbd_ctlreq.o(i.USBD_StdItfReq)
    USB_ActivateEndpoint                     0x08004f91   Thumb Code   122  stm32f4xx_ll_usb.o(i.USB_ActivateEndpoint)
    USB_ActivateSetup                        0x08005011   Thumb Code    28  stm32f4xx_ll_usb.o(i.USB_ActivateSetup)
    USB_CoreInit                             0x0800502d   Thumb Code   112  stm32f4xx_ll_usb.o(i.USB_CoreInit)
    USB_DeactivateEndpoint                   0x080050d9   Thumb Code   194  stm32f4xx_ll_usb.o(i.USB_DeactivateEndpoint)
    USB_DevConnect                           0x080051a5   Thumb Code    28  stm32f4xx_ll_usb.o(i.USB_DevConnect)
    USB_DevDisconnect                        0x080051c1   Thumb Code    28  stm32f4xx_ll_usb.o(i.USB_DevDisconnect)
    USB_DevInit                              0x080051dd   Thumb Code   362  stm32f4xx_ll_usb.o(i.USB_DevInit)
    USB_DisableGlobalInt                     0x08005351   Thumb Code    12  stm32f4xx_ll_usb.o(i.USB_DisableGlobalInt)
    USB_EP0StartXfer                         0x0800535d   Thumb Code   276  stm32f4xx_ll_usb.o(i.USB_EP0StartXfer)
    USB_EP0_OutStart                         0x08005475   Thumb Code    84  stm32f4xx_ll_usb.o(i.USB_EP0_OutStart)
    USB_EPClearStall                         0x080054cd   Thumb Code    88  stm32f4xx_ll_usb.o(i.USB_EPClearStall)
    USB_EPSetStall                           0x08005525   Thumb Code    88  stm32f4xx_ll_usb.o(i.USB_EPSetStall)
    USB_EPStartXfer                          0x0800557d   Thumb Code   482  stm32f4xx_ll_usb.o(i.USB_EPStartXfer)
    USB_EnableGlobalInt                      0x08005765   Thumb Code    12  stm32f4xx_ll_usb.o(i.USB_EnableGlobalInt)
    USB_FlushRxFifo                          0x08005771   Thumb Code    28  stm32f4xx_ll_usb.o(i.USB_FlushRxFifo)
    USB_FlushTxFifo                          0x08005791   Thumb Code    32  stm32f4xx_ll_usb.o(i.USB_FlushTxFifo)
    USB_GetDevSpeed                          0x080057b5   Thumb Code    26  stm32f4xx_ll_usb.o(i.USB_GetDevSpeed)
    USB_GetMode                              0x080057cf   Thumb Code     8  stm32f4xx_ll_usb.o(i.USB_GetMode)
    USB_ReadDevAllInEpInterrupt              0x080057d7   Thumb Code    14  stm32f4xx_ll_usb.o(i.USB_ReadDevAllInEpInterrupt)
    USB_ReadDevAllOutEpInterrupt             0x080057e5   Thumb Code    14  stm32f4xx_ll_usb.o(i.USB_ReadDevAllOutEpInterrupt)
    USB_ReadDevInEPInterrupt                 0x080057f3   Thumb Code    36  stm32f4xx_ll_usb.o(i.USB_ReadDevInEPInterrupt)
    USB_ReadDevOutEPInterrupt                0x08005817   Thumb Code    16  stm32f4xx_ll_usb.o(i.USB_ReadDevOutEPInterrupt)
    USB_ReadInterrupts                       0x08005827   Thumb Code     8  stm32f4xx_ll_usb.o(i.USB_ReadInterrupts)
    USB_ReadPacket                           0x0800582f   Thumb Code    28  stm32f4xx_ll_usb.o(i.USB_ReadPacket)
    USB_SetCurrentMode                       0x0800584b   Thumb Code    46  stm32f4xx_ll_usb.o(i.USB_SetCurrentMode)
    USB_SetDevAddress                        0x08005879   Thumb Code    34  stm32f4xx_ll_usb.o(i.USB_SetDevAddress)
    USB_SetTurnaroundTime                    0x0800589d   Thumb Code   158  stm32f4xx_ll_usb.o(i.USB_SetTurnaroundTime)
    USB_WritePacket                          0x08005985   Thumb Code    36  stm32f4xx_ll_usb.o(i.USB_WritePacket)
    UsageFault_Handler                       0x080059a9   Thumb Code     2  stm32f4xx_it.o(i.UsageFault_Handler)
    __scatterload_copy                       0x080059cb   Thumb Code    14  handlers.o(i.__scatterload_copy)
    __scatterload_null                       0x080059d9   Thumb Code     2  handlers.o(i.__scatterload_null)
    __scatterload_zeroinit                   0x080059db   Thumb Code    14  handlers.o(i.__scatterload_zeroinit)
    free                                     0x080059e9   Thumb Code    76  malloc.o(i.free)
    main                                     0x08005a39   Thumb Code    34  main.o(i.main)
    malloc                                   0x08005a5d   Thumb Code    92  malloc.o(i.malloc)
    SD_Driver                                0x08005ac8   Data          20  sd_diskio.o(.constdata)
    STORAGE_Inquirydata_FS                   0x08005adc   Data          36  usbd_storage_if.o(.constdata)
    AHBPrescTable                            0x08005b08   Data          16  system_stm32f4xx.o(.constdata)
    APBPrescTable                            0x08005b18   Data           8  system_stm32f4xx.o(.constdata)
    Region$$Table$$Base                      0x08005b20   Number         0  anon$$obj.o(Region$$Table)
    Region$$Table$$Limit                     0x08005b40   Number         0  anon$$obj.o(Region$$Table)
    retSD                                    0x20000001   Data           1  fatfs.o(.data)
    SDPath                                   0x20000002   Data           4  fatfs.o(.data)
    FS_Desc                                  0x20000008   Data          28  usbd_desc.o(.data)
    USBD_LangIDDesc                          0x20000024   Data           4  usbd_desc.o(.data)
    USBD_FS_DeviceDesc                       0x20000028   Data          18  usbd_desc.o(.data)
    USBD_StringSerial                        0x2000003c   Data          26  usbd_desc.o(.data)
    USBD_Storage_Interface_fops_FS           0x20000058   Data          32  usbd_storage_if.o(.data)
    uwTickFreq                               0x2000007c   Data           1  stm32f4xx_hal.o(.data)
    uwTickPrio                               0x20000080   Data           4  stm32f4xx_hal.o(.data)
    uwTick                                   0x20000084   Data           4  stm32f4xx_hal.o(.data)
    SystemCoreClock                          0x20000088   Data           4  system_stm32f4xx.o(.data)
    USBD_MSC                                 0x20000090   Data          56  usbd_msc.o(.data)
    MSC_Page00_Inquiry_Data                  0x20000132   Data           6  usbd_msc_data.o(.data)
    MSC_Page80_Inquiry_Data                  0x20000138   Data           8  usbd_msc_data.o(.data)
    MSC_Mode_Sense6_data                     0x20000140   Data          23  usbd_msc_data.o(.data)
    MSC_Mode_Sense10_data                    0x20000157   Data          27  usbd_msc_data.o(.data)
    __microlib_freelist                      0x20000174   Data           4  mvars.o(.data)
    __microlib_freelist_initialised          0x20000178   Data           4  mvars.o(.data)
    hsd                                      0x2000017c   Data         132  sdio.o(.bss)
    hdma_sdio_tx                             0x20000200   Data          96  sdio.o(.bss)
    hdma_sdio_rx                             0x20000260   Data          96  sdio.o(.bss)
    huart1                                   0x200002c0   Data          64  usart.o(.bss)
    hUsbDeviceFS                             0x20000300   Data         720  usb_device.o(.bss)
    USBD_StrDesc                             0x200005d0   Data         512  usbd_desc.o(.bss)
    hpcd_USB_OTG_FS                          0x200007d0   Data        1032  usbd_conf.o(.bss)
    disk                                     0x20000bd8   Data          12  ff_gen_drv.o(.bss)
    __heap_base                              0x20000be8   Data           0  startup_stm32f407xx.o(HEAP)
    __heap_limit                             0x20001be8   Data           0  startup_stm32f407xx.o(HEAP)
    __initial_sp                             0x20001fe8   Data           0  startup_stm32f407xx.o(STACK)



==============================================================================

Memory Map of the image

  Image Entry point : 0x08000189

  Load Region LR_IROM1 (Base: 0x08000000, Size: 0x00005cbc, Max: 0x00100000, ABSOLUTE, COMPRESSED[0x00005bfc])

    Execution Region ER_IROM1 (Exec base: 0x08000000, Load base: 0x08000000, Size: 0x00005b40, Max: 0x00100000, ABSOLUTE)

    Exec Addr    Load Addr    Size         Type   Attr      Idx    E Section Name        Object

    0x08000000   0x08000000   0x00000188   Data   RO            3    RESET               startup_stm32f407xx.o
    0x08000188   0x08000188   0x00000000   Code   RO         4698  * .ARM.Collect$$$$00000000  mc_w.l(entry.o)
    0x08000188   0x08000188   0x00000004   Code   RO         4737    .ARM.Collect$$$$00000001  mc_w.l(entry2.o)
    0x0800018c   0x0800018c   0x00000004   Code   RO         4740    .ARM.Collect$$$$00000004  mc_w.l(entry5.o)
    0x08000190   0x08000190   0x00000000   Code   RO         4742    .ARM.Collect$$$$00000008  mc_w.l(entry7b.o)
    0x08000190   0x08000190   0x00000000   Code   RO         4744    .ARM.Collect$$$$0000000A  mc_w.l(entry8b.o)
    0x08000190   0x08000190   0x00000008   Code   RO         4745    .ARM.Collect$$$$0000000B  mc_w.l(entry9a.o)
    0x08000198   0x08000198   0x00000004   Code   RO         4752    .ARM.Collect$$$$0000000E  mc_w.l(entry12b.o)
    0x0800019c   0x0800019c   0x00000000   Code   RO         4747    .ARM.Collect$$$$0000000F  mc_w.l(entry10a.o)
    0x0800019c   0x0800019c   0x00000000   Code   RO         4749    .ARM.Collect$$$$00000011  mc_w.l(entry11a.o)
    0x0800019c   0x0800019c   0x00000004   Code   RO         4738    .ARM.Collect$$$$00002712  mc_w.l(entry2.o)
    0x080001a0   0x080001a0   0x00000024   Code   RO            4    .text               startup_stm32f407xx.o
    0x080001c4   0x080001c4   0x00000062   Code   RO         4701    .text               mc_w.l(uldiv.o)
    0x08000226   0x08000226   0x00000024   Code   RO         4703    .text               mc_w.l(memcpya.o)
    0x0800024a   0x0800024a   0x00000024   Code   RO         4705    .text               mc_w.l(memseta.o)
    0x0800026e   0x0800026e   0x0000001e   Code   RO         4753    .text               mc_w.l(llshl.o)
    0x0800028c   0x0800028c   0x00000020   Code   RO         4755    .text               mc_w.l(llushr.o)
    0x080002ac   0x080002ac   0x00000024   Code   RO         4759    .text               mc_w.l(init.o)
    0x080002d0   0x080002d0   0x00000056   Code   RO         4769    .text               mc_w.l(__dczerorl2.o)
    0x08000326   0x08000326   0x00000002   Code   RO          476    i.BSP_SD_AbortCallback  bsp_driver_sd.o
    0x08000328   0x08000328   0x0000000c   Code   RO          479    i.BSP_SD_GetCardInfo  bsp_driver_sd.o
    0x08000334   0x08000334   0x00000018   Code   RO          480    i.BSP_SD_GetCardState  bsp_driver_sd.o
    0x0800034c   0x0800034c   0x00000030   Code   RO          482    i.BSP_SD_Init       bsp_driver_sd.o
    0x0800037c   0x0800037c   0x0000000e   Code   RO          483    i.BSP_SD_IsDetected  bsp_driver_sd.o
    0x0800038a   0x0800038a   0x00000002   PAD
    0x0800038c   0x0800038c   0x00000020   Code   RO          484    i.BSP_SD_ReadBlocks  bsp_driver_sd.o
    0x080003ac   0x080003ac   0x00000002   Code   RO          486    i.BSP_SD_ReadCpltCallback  bsp_driver_sd.o
    0x080003ae   0x080003ae   0x00000002   PAD
    0x080003b0   0x080003b0   0x00000020   Code   RO          487    i.BSP_SD_WriteBlocks  bsp_driver_sd.o
    0x080003d0   0x080003d0   0x00000002   Code   RO          489    i.BSP_SD_WriteCpltCallback  bsp_driver_sd.o
    0x080003d2   0x080003d2   0x00000002   Code   RO          352    i.BusFault_Handler  stm32f4xx_it.o
    0x080003d4   0x080003d4   0x0000000c   Code   RO          353    i.DMA2_Stream3_IRQHandler  stm32f4xx_it.o
    0x080003e0   0x080003e0   0x0000000c   Code   RO          354    i.DMA2_Stream6_IRQHandler  stm32f4xx_it.o
    0x080003ec   0x080003ec   0x00000028   Code   RO         2126    i.DMA_CalcBaseAndBitshift  stm32f4xx_hal_dma.o
    0x08000414   0x08000414   0x00000054   Code   RO         2127    i.DMA_CheckFifoParam  stm32f4xx_hal_dma.o
    0x08000468   0x08000468   0x00000028   Code   RO         2128    i.DMA_SetConfig     stm32f4xx_hal_dma.o
    0x08000490   0x08000490   0x00000002   Code   RO          355    i.DebugMon_Handler  stm32f4xx_it.o
    0x08000492   0x08000492   0x00000002   Code   RO           13    i.Error_Handler     main.o
    0x08000494   0x08000494   0x00000006   Code   RO         4075    i.FATFS_LinkDriver  ff_gen_drv.o
    0x0800049a   0x0800049a   0x00000002   PAD
    0x0800049c   0x0800049c   0x00000040   Code   RO         4076    i.FATFS_LinkDriverEx  ff_gen_drv.o
    0x080004dc   0x080004dc   0x00000024   Code   RO         2130    i.HAL_DMA_Abort_IT  stm32f4xx_hal_dma.o
    0x08000500   0x08000500   0x00000004   Code   RO         2132    i.HAL_DMA_GetError  stm32f4xx_hal_dma.o
    0x08000504   0x08000504   0x000001a0   Code   RO         2134    i.HAL_DMA_IRQHandler  stm32f4xx_hal_dma.o
    0x080006a4   0x080006a4   0x000000d4   Code   RO         2135    i.HAL_DMA_Init      stm32f4xx_hal_dma.o
    0x08000778   0x08000778   0x0000006e   Code   RO         2139    i.HAL_DMA_Start_IT  stm32f4xx_hal_dma.o
    0x080007e6   0x080007e6   0x00000002   PAD
    0x080007e8   0x080007e8   0x00000024   Code   RO         2548    i.HAL_Delay         stm32f4xx_hal.o
    0x0800080c   0x0800080c   0x000001b8   Code   RO         2022    i.HAL_GPIO_Init     stm32f4xx_hal_gpio.o
    0x080009c4   0x080009c4   0x0000000c   Code   RO         2554    i.HAL_GetTick       stm32f4xx_hal.o
    0x080009d0   0x080009d0   0x00000010   Code   RO         2560    i.HAL_IncTick       stm32f4xx_hal.o
    0x080009e0   0x080009e0   0x00000034   Code   RO         2561    i.HAL_Init          stm32f4xx_hal.o
    0x08000a14   0x08000a14   0x00000040   Code   RO         2562    i.HAL_InitTick      stm32f4xx_hal.o
    0x08000a54   0x08000a54   0x00000030   Code   RO          452    i.HAL_MspInit       stm32f4xx_hal_msp.o
    0x08000a84   0x08000a84   0x0000001a   Code   RO         2411    i.HAL_NVIC_EnableIRQ  stm32f4xx_hal_cortex.o
    0x08000a9e   0x08000a9e   0x00000002   PAD
    0x08000aa0   0x08000aa0   0x00000040   Code   RO         2417    i.HAL_NVIC_SetPriority  stm32f4xx_hal_cortex.o
    0x08000ae0   0x08000ae0   0x00000024   Code   RO         2418    i.HAL_NVIC_SetPriorityGrouping  stm32f4xx_hal_cortex.o
    0x08000b04   0x08000b04   0x00000002   Code   RO         1326    i.HAL_PCDEx_LPM_Callback  stm32f4xx_hal_pcd_ex.o
    0x08000b06   0x08000b06   0x00000008   Code   RO         1327    i.HAL_PCDEx_SetRxFiFo  stm32f4xx_hal_pcd_ex.o
    0x08000b0e   0x08000b0e   0x00000044   Code   RO         1328    i.HAL_PCDEx_SetTxFiFo  stm32f4xx_hal_pcd_ex.o
    0x08000b52   0x08000b52   0x00000008   Code   RO          904    i.HAL_PCD_ConnectCallback  usbd_conf.o
    0x08000b5a   0x08000b5a   0x00000012   Code   RO          905    i.HAL_PCD_DataInStageCallback  usbd_conf.o
    0x08000b6c   0x08000b6c   0x00000014   Code   RO          906    i.HAL_PCD_DataOutStageCallback  usbd_conf.o
    0x08000b80   0x08000b80   0x00000008   Code   RO          907    i.HAL_PCD_DisconnectCallback  usbd_conf.o
    0x08000b88   0x08000b88   0x0000004c   Code   RO         1108    i.HAL_PCD_EP_Close  stm32f4xx_hal_pcd.o
    0x08000bd4   0x08000bd4   0x0000005c   Code   RO         1109    i.HAL_PCD_EP_ClrStall  stm32f4xx_hal_pcd.o
    0x08000c30   0x08000c30   0x00000034   Code   RO         1110    i.HAL_PCD_EP_Flush  stm32f4xx_hal_pcd.o
    0x08000c64   0x08000c64   0x00000012   Code   RO         1111    i.HAL_PCD_EP_GetRxCount  stm32f4xx_hal_pcd.o
    0x08000c76   0x08000c76   0x00000060   Code   RO         1112    i.HAL_PCD_EP_Open   stm32f4xx_hal_pcd.o
    0x08000cd6   0x08000cd6   0x00000048   Code   RO         1113    i.HAL_PCD_EP_Receive  stm32f4xx_hal_pcd.o
    0x08000d1e   0x08000d1e   0x00000074   Code   RO         1114    i.HAL_PCD_EP_SetStall  stm32f4xx_hal_pcd.o
    0x08000d92   0x08000d92   0x00000040   Code   RO         1115    i.HAL_PCD_EP_Transmit  stm32f4xx_hal_pcd.o
    0x08000dd2   0x08000dd2   0x00000002   PAD
    0x08000dd4   0x08000dd4   0x00000434   Code   RO         1117    i.HAL_PCD_IRQHandler  stm32f4xx_hal_pcd.o
    0x08001208   0x08001208   0x00000008   Code   RO          908    i.HAL_PCD_ISOINIncompleteCallback  usbd_conf.o
    0x08001210   0x08001210   0x00000008   Code   RO          909    i.HAL_PCD_ISOOUTIncompleteCallback  usbd_conf.o
    0x08001218   0x08001218   0x000000e2   Code   RO         1120    i.HAL_PCD_Init      stm32f4xx_hal_pcd.o
    0x080012fa   0x080012fa   0x00000002   PAD
    0x080012fc   0x080012fc   0x00000084   Code   RO          911    i.HAL_PCD_MspInit   usbd_conf.o
    0x08001380   0x08001380   0x0000002c   Code   RO          912    i.HAL_PCD_ResetCallback  usbd_conf.o
    0x080013ac   0x080013ac   0x00000008   Code   RO          913    i.HAL_PCD_ResumeCallback  usbd_conf.o
    0x080013b4   0x080013b4   0x00000008   Code   RO          914    i.HAL_PCD_SOFCallback  usbd_conf.o
    0x080013bc   0x080013bc   0x00000028   Code   RO         1126    i.HAL_PCD_SetAddress  stm32f4xx_hal_pcd.o
    0x080013e4   0x080013e4   0x0000000e   Code   RO          915    i.HAL_PCD_SetupStageCallback  usbd_conf.o
    0x080013f2   0x080013f2   0x00000042   Code   RO         1128    i.HAL_PCD_Start     stm32f4xx_hal_pcd.o
    0x08001434   0x08001434   0x00000030   Code   RO          916    i.HAL_PCD_SuspendCallback  usbd_conf.o
    0x08001464   0x08001464   0x00000134   Code   RO         1668    i.HAL_RCC_ClockConfig  stm32f4xx_hal_rcc.o
    0x08001598   0x08001598   0x0000000c   Code   RO         1673    i.HAL_RCC_GetHCLKFreq  stm32f4xx_hal_rcc.o
    0x080015a4   0x080015a4   0x00000020   Code   RO         1675    i.HAL_RCC_GetPCLK1Freq  stm32f4xx_hal_rcc.o
    0x080015c4   0x080015c4   0x00000020   Code   RO         1676    i.HAL_RCC_GetPCLK2Freq  stm32f4xx_hal_rcc.o
    0x080015e4   0x080015e4   0x00000060   Code   RO         1677    i.HAL_RCC_GetSysClockFreq  stm32f4xx_hal_rcc.o
    0x08001644   0x08001644   0x0000035c   Code   RO         1680    i.HAL_RCC_OscConfig  stm32f4xx_hal_rcc.o
    0x080019a0   0x080019a0   0x00000008   Code   RO          490    i.HAL_SD_AbortCallback  bsp_driver_sd.o
    0x080019a8   0x080019a8   0x000000f4   Code   RO         3066    i.HAL_SD_ConfigWideBusOperation  stm32f4xx_hal_sd.o
    0x08001a9c   0x08001a9c   0x00000002   Code   RO         3069    i.HAL_SD_ErrorCallback  stm32f4xx_hal_sd.o
    0x08001a9e   0x08001a9e   0x00000002   PAD
    0x08001aa0   0x08001aa0   0x00000198   Code   RO         3071    i.HAL_SD_GetCardCSD  stm32f4xx_hal_sd.o
    0x08001c38   0x08001c38   0x00000024   Code   RO         3072    i.HAL_SD_GetCardInfo  stm32f4xx_hal_sd.o
    0x08001c5c   0x08001c5c   0x0000002c   Code   RO         3073    i.HAL_SD_GetCardState  stm32f4xx_hal_sd.o
    0x08001c88   0x08001c88   0x00000006   Code   RO         3076    i.HAL_SD_GetState   stm32f4xx_hal_sd.o
    0x08001c8e   0x08001c8e   0x00000002   PAD
    0x08001c90   0x08001c90   0x00000208   Code   RO         3077    i.HAL_SD_IRQHandler  stm32f4xx_hal_sd.o
    0x08001e98   0x08001e98   0x00000036   Code   RO         3078    i.HAL_SD_Init       stm32f4xx_hal_sd.o
    0x08001ece   0x08001ece   0x00000002   PAD
    0x08001ed0   0x08001ed0   0x00000054   Code   RO         3079    i.HAL_SD_InitCard   stm32f4xx_hal_sd.o
    0x08001f24   0x08001f24   0x00000144   Code   RO          263    i.HAL_SD_MspInit    sdio.o
    0x08002068   0x08002068   0x000001f8   Code   RO         3082    i.HAL_SD_ReadBlocks  stm32f4xx_hal_sd.o
    0x08002260   0x08002260   0x00000130   Code   RO         3083    i.HAL_SD_ReadBlocks_DMA  stm32f4xx_hal_sd.o
    0x08002390   0x08002390   0x00000008   Code   RO          491    i.HAL_SD_RxCpltCallback  bsp_driver_sd.o
    0x08002398   0x08002398   0x00000008   Code   RO          492    i.HAL_SD_TxCpltCallback  bsp_driver_sd.o
    0x080023a0   0x080023a0   0x000001cc   Code   RO         3087    i.HAL_SD_WriteBlocks  stm32f4xx_hal_sd.o
    0x0800256c   0x0800256c   0x00000134   Code   RO         3088    i.HAL_SD_WriteBlocks_DMA  stm32f4xx_hal_sd.o
    0x080026a0   0x080026a0   0x00000028   Code   RO         2422    i.HAL_SYSTICK_Config  stm32f4xx_hal_cortex.o
    0x080026c8   0x080026c8   0x00000062   Code   RO         3349    i.HAL_UART_Init     stm32f4xx_hal_uart.o
    0x0800272a   0x0800272a   0x00000002   PAD
    0x0800272c   0x0800272c   0x00000094   Code   RO          305    i.HAL_UART_MspInit  usart.o
    0x080027c0   0x080027c0   0x00000002   Code   RO          356    i.HardFault_Handler  stm32f4xx_it.o
    0x080027c2   0x080027c2   0x00000002   PAD
    0x080027c4   0x080027c4   0x00000038   Code   RO          749    i.IntToUnicode      usbd_desc.o
    0x080027fc   0x080027fc   0x00000044   Code   RO         4505    i.MSC_BOT_Abort     usbd_msc_bot.o
    0x08002840   0x08002840   0x000000cc   Code   RO         4506    i.MSC_BOT_CBW_Decode  usbd_msc_bot.o
    0x0800290c   0x0800290c   0x00000038   Code   RO         4507    i.MSC_BOT_CplClrFeature  usbd_msc_bot.o
    0x08002944   0x08002944   0x0000003a   Code   RO         4508    i.MSC_BOT_DataIn    usbd_msc_bot.o
    0x0800297e   0x0800297e   0x0000003a   Code   RO         4509    i.MSC_BOT_DataOut   usbd_msc_bot.o
    0x080029b8   0x080029b8   0x0000000a   Code   RO         4510    i.MSC_BOT_DeInit    usbd_msc_bot.o
    0x080029c2   0x080029c2   0x00000046   Code   RO         4511    i.MSC_BOT_Init      usbd_msc_bot.o
    0x08002a08   0x08002a08   0x00000032   Code   RO         4512    i.MSC_BOT_Reset     usbd_msc_bot.o
    0x08002a3a   0x08002a3a   0x00000002   PAD
    0x08002a3c   0x08002a3c   0x0000003c   Code   RO         4513    i.MSC_BOT_SendCSW   usbd_msc_bot.o
    0x08002a78   0x08002a78   0x0000003c   Code   RO          238    i.MX_DMA_Init       dma.o
    0x08002ab4   0x08002ab4   0x0000001c   Code   RO          657    i.MX_FATFS_Init     fatfs.o
    0x08002ad0   0x08002ad0   0x0000005c   Code   RO          214    i.MX_GPIO_Init      gpio.o
    0x08002b2c   0x08002b2c   0x00000020   Code   RO          264    i.MX_SDIO_SD_Init   sdio.o
    0x08002b4c   0x08002b4c   0x00000038   Code   RO          306    i.MX_USART1_UART_Init  usart.o
    0x08002b84   0x08002b84   0x00000054   Code   RO          695    i.MX_USB_DEVICE_Init  usb_device.o
    0x08002bd8   0x08002bd8   0x00000002   Code   RO          357    i.MemManage_Handler  stm32f4xx_it.o
    0x08002bda   0x08002bda   0x00000002   Code   RO          358    i.NMI_Handler       stm32f4xx_it.o
    0x08002bdc   0x08002bdc   0x0000000c   Code   RO          359    i.OTG_FS_IRQHandler  stm32f4xx_it.o
    0x08002be8   0x08002be8   0x000000cc   Code   RO         1132    i.PCD_EP_OutXfrComplete_int  stm32f4xx_hal_pcd.o
    0x08002cb4   0x08002cb4   0x000000a2   Code   RO         1133    i.PCD_WriteEmptyTxFifo  stm32f4xx_hal_pcd.o
    0x08002d56   0x08002d56   0x00000002   Code   RO          360    i.PendSV_Handler    stm32f4xx_it.o
    0x08002d58   0x08002d58   0x00000022   Code   RO         4602    i.SCSI_CheckAddressRange  usbd_msc_scsi.o
    0x08002d7a   0x08002d7a   0x00000002   PAD
    0x08002d7c   0x08002d7c   0x00000074   Code   RO         4603    i.SCSI_Inquiry      usbd_msc_scsi.o
    0x08002df0   0x08002df0   0x000001a0   Code   RO         4604    i.SCSI_ProcessCmd   usbd_msc_scsi.o
    0x08002f90   0x08002f90   0x00000096   Code   RO         4605    i.SCSI_ProcessRead  usbd_msc_scsi.o
    0x08003026   0x08003026   0x000000a2   Code   RO         4606    i.SCSI_ProcessWrite  usbd_msc_scsi.o
    0x080030c8   0x080030c8   0x000000aa   Code   RO         4607    i.SCSI_Read10       usbd_msc_scsi.o
    0x08003172   0x08003172   0x000000b4   Code   RO         4608    i.SCSI_Read12       usbd_msc_scsi.o
    0x08003226   0x08003226   0x0000005e   Code   RO         4609    i.SCSI_ReadCapacity10  usbd_msc_scsi.o
    0x08003284   0x08003284   0x00000096   Code   RO         4610    i.SCSI_ReadCapacity16  usbd_msc_scsi.o
    0x0800331a   0x0800331a   0x0000006e   Code   RO         4611    i.SCSI_ReadFormatCapacity  usbd_msc_scsi.o
    0x08003388   0x08003388   0x0000007a   Code   RO         4612    i.SCSI_RequestSense  usbd_msc_scsi.o
    0x08003402   0x08003402   0x00000040   Code   RO         4613    i.SCSI_SenseCode    usbd_msc_scsi.o
    0x08003442   0x08003442   0x00000018   Code   RO         4614    i.SCSI_UpdateBotData  usbd_msc_scsi.o
    0x0800345a   0x0800345a   0x000000c6   Code   RO         4615    i.SCSI_Write10      usbd_msc_scsi.o
    0x08003520   0x08003520   0x000000d6   Code   RO         4616    i.SCSI_Write12      usbd_msc_scsi.o
    0x080035f6   0x080035f6   0x00000024   Code   RO         2799    i.SDIO_ConfigData   stm32f4xx_ll_sdmmc.o
    0x0800361a   0x0800361a   0x00000008   Code   RO         2803    i.SDIO_GetPowerState  stm32f4xx_ll_sdmmc.o
    0x08003622   0x08003622   0x00000006   Code   RO         2804    i.SDIO_GetResponse  stm32f4xx_ll_sdmmc.o
    0x08003628   0x08003628   0x0000000c   Code   RO          361    i.SDIO_IRQHandler   stm32f4xx_it.o
    0x08003634   0x08003634   0x00000024   Code   RO         2805    i.SDIO_Init         stm32f4xx_ll_sdmmc.o
    0x08003658   0x08003658   0x00000010   Code   RO         2807    i.SDIO_PowerState_ON  stm32f4xx_ll_sdmmc.o
    0x08003668   0x08003668   0x00000006   Code   RO         2808    i.SDIO_ReadFIFO     stm32f4xx_ll_sdmmc.o
    0x0800366e   0x0800366e   0x00000020   Code   RO         2809    i.SDIO_SendCommand  stm32f4xx_ll_sdmmc.o
    0x0800368e   0x0800368e   0x0000000a   Code   RO         2811    i.SDIO_WriteFIFO    stm32f4xx_ll_sdmmc.o
    0x08003698   0x08003698   0x00000032   Code   RO         2812    i.SDMMC_CmdAppCommand  stm32f4xx_ll_sdmmc.o
    0x080036ca   0x080036ca   0x00000002   PAD
    0x080036cc   0x080036cc   0x00000034   Code   RO         2813    i.SDMMC_CmdAppOperCommand  stm32f4xx_ll_sdmmc.o
    0x08003700   0x08003700   0x00000032   Code   RO         2814    i.SDMMC_CmdBlockLength  stm32f4xx_ll_sdmmc.o
    0x08003732   0x08003732   0x00000032   Code   RO         2815    i.SDMMC_CmdBusWidth  stm32f4xx_ll_sdmmc.o
    0x08003764   0x08003764   0x00000050   Code   RO         2819    i.SDMMC_CmdGoIdleState  stm32f4xx_ll_sdmmc.o
    0x080037b4   0x080037b4   0x00000074   Code   RO         2821    i.SDMMC_CmdOperCond  stm32f4xx_ll_sdmmc.o
    0x08003828   0x08003828   0x00000032   Code   RO         2822    i.SDMMC_CmdReadMultiBlock  stm32f4xx_ll_sdmmc.o
    0x0800385a   0x0800385a   0x00000032   Code   RO         2823    i.SDMMC_CmdReadSingleBlock  stm32f4xx_ll_sdmmc.o
    0x0800388c   0x0800388c   0x00000032   Code   RO         2826    i.SDMMC_CmdSelDesel  stm32f4xx_ll_sdmmc.o
    0x080038be   0x080038be   0x0000002c   Code   RO         2827    i.SDMMC_CmdSendCID  stm32f4xx_ll_sdmmc.o
    0x080038ea   0x080038ea   0x0000002c   Code   RO         2828    i.SDMMC_CmdSendCSD  stm32f4xx_ll_sdmmc.o
    0x08003916   0x08003916   0x00000030   Code   RO         2829    i.SDMMC_CmdSendSCR  stm32f4xx_ll_sdmmc.o
    0x08003946   0x08003946   0x00000032   Code   RO         2830    i.SDMMC_CmdSendStatus  stm32f4xx_ll_sdmmc.o
    0x08003978   0x08003978   0x00000030   Code   RO         2831    i.SDMMC_CmdSetRelAdd  stm32f4xx_ll_sdmmc.o
    0x080039a8   0x080039a8   0x00000034   Code   RO         2833    i.SDMMC_CmdStopTransfer  stm32f4xx_ll_sdmmc.o
    0x080039dc   0x080039dc   0x00000032   Code   RO         2835    i.SDMMC_CmdWriteMultiBlock  stm32f4xx_ll_sdmmc.o
    0x08003a0e   0x08003a0e   0x00000032   Code   RO         2836    i.SDMMC_CmdWriteSingleBlock  stm32f4xx_ll_sdmmc.o
    0x08003a40   0x08003a40   0x00000120   Code   RO         2837    i.SDMMC_GetCmdResp1  stm32f4xx_ll_sdmmc.o
    0x08003b60   0x08003b60   0x00000050   Code   RO         2838    i.SDMMC_GetCmdResp2  stm32f4xx_ll_sdmmc.o
    0x08003bb0   0x08003bb0   0x00000044   Code   RO         2839    i.SDMMC_GetCmdResp3  stm32f4xx_ll_sdmmc.o
    0x08003bf4   0x08003bf4   0x00000088   Code   RO         2840    i.SDMMC_GetCmdResp6  stm32f4xx_ll_sdmmc.o
    0x08003c7c   0x08003c7c   0x00000020   Code   RO          597    i.SD_CheckStatus    sd_diskio.o
    0x08003c9c   0x08003c9c   0x00000064   Code   RO         3090    i.SD_DMAError       stm32f4xx_hal_sd.o
    0x08003d00   0x08003d00   0x00000042   Code   RO         3091    i.SD_DMAReceiveCplt  stm32f4xx_hal_sd.o
    0x08003d42   0x08003d42   0x00000044   Code   RO         3092    i.SD_DMARxAbort     stm32f4xx_hal_sd.o
    0x08003d86   0x08003d86   0x0000000e   Code   RO         3093    i.SD_DMATransmitCplt  stm32f4xx_hal_sd.o
    0x08003d94   0x08003d94   0x00000044   Code   RO         3094    i.SD_DMATxAbort     stm32f4xx_hal_sd.o
    0x08003dd8   0x08003dd8   0x000000d4   Code   RO         3095    i.SD_FindSCR        stm32f4xx_hal_sd.o
    0x08003eac   0x08003eac   0x000000ee   Code   RO         3096    i.SD_InitCard       stm32f4xx_hal_sd.o
    0x08003f9a   0x08003f9a   0x00000002   PAD
    0x08003f9c   0x08003f9c   0x000000b4   Code   RO         3097    i.SD_PowerON        stm32f4xx_hal_sd.o
    0x08004050   0x08004050   0x00000020   Code   RO          598    i.SD_initialize     sd_diskio.o
    0x08004070   0x08004070   0x00000050   Code   RO          599    i.SD_ioctl          sd_diskio.o
    0x080040c0   0x080040c0   0x00000026   Code   RO          600    i.SD_read           sd_diskio.o
    0x080040e6   0x080040e6   0x00000004   Code   RO          601    i.SD_status         sd_diskio.o
    0x080040ea   0x080040ea   0x00000002   PAD
    0x080040ec   0x080040ec   0x00000026   Code   RO          602    i.SD_write          sd_diskio.o
    0x08004112   0x08004112   0x0000002a   Code   RO          835    i.STORAGE_GetCapacity_FS  usbd_storage_if.o
    0x0800413c   0x0800413c   0x00000004   Code   RO          836    i.STORAGE_GetMaxLun_FS  usbd_storage_if.o
    0x08004140   0x08004140   0x0000000a   Code   RO          837    i.STORAGE_Init_FS   usbd_storage_if.o
    0x0800414a   0x0800414a   0x00000002   PAD
    0x0800414c   0x0800414c   0x00000038   Code   RO          838    i.STORAGE_IsReady_FS  usbd_storage_if.o
    0x08004184   0x08004184   0x00000004   Code   RO          839    i.STORAGE_IsWriteProtected_FS  usbd_storage_if.o
    0x08004188   0x08004188   0x0000002c   Code   RO          840    i.STORAGE_Read_FS   usbd_storage_if.o
    0x080041b4   0x080041b4   0x0000002c   Code   RO          841    i.STORAGE_Write_FS  usbd_storage_if.o
    0x080041e0   0x080041e0   0x00000002   Code   RO          362    i.SVC_Handler       stm32f4xx_it.o
    0x080041e2   0x080041e2   0x0000000a   Code   RO         4287    i.SWAPBYTE          usbd_ctlreq.o
    0x080041ec   0x080041ec   0x00000004   Code   RO          363    i.SysTick_Handler   stm32f4xx_it.o
    0x080041f0   0x080041f0   0x00000084   Code   RO           14    i.SystemClock_Config  main.o
    0x08004274   0x08004274   0x0000001c   Code   RO         3651    i.SystemInit        system_stm32f4xx.o
    0x08004290   0x08004290   0x00000128   Code   RO         3375    i.UART_SetConfig    stm32f4xx_hal_uart.o
    0x080043b8   0x080043b8   0x00000010   Code   RO         4149    i.USBD_ClrClassConfig  usbd_core.o
    0x080043c8   0x080043c8   0x00000010   Code   RO         4360    i.USBD_CtlContinueRx  usbd_ioreq.o
    0x080043d8   0x080043d8   0x00000010   Code   RO         4361    i.USBD_CtlContinueSendData  usbd_ioreq.o
    0x080043e8   0x080043e8   0x00000016   Code   RO         4288    i.USBD_CtlError     usbd_ctlreq.o
    0x080043fe   0x080043fe   0x00000016   Code   RO         4363    i.USBD_CtlReceiveStatus  usbd_ioreq.o
    0x08004414   0x08004414   0x0000001a   Code   RO         4364    i.USBD_CtlSendData  usbd_ioreq.o
    0x0800442e   0x0800442e   0x00000016   Code   RO         4365    i.USBD_CtlSendStatus  usbd_ioreq.o
    0x08004444   0x08004444   0x00000020   Code   RO          750    i.USBD_FS_ConfigStrDescriptor  usbd_desc.o
    0x08004464   0x08004464   0x0000000c   Code   RO          751    i.USBD_FS_DeviceDescriptor  usbd_desc.o
    0x08004470   0x08004470   0x00000024   Code   RO          752    i.USBD_FS_InterfaceStrDescriptor  usbd_desc.o
    0x08004494   0x08004494   0x0000000c   Code   RO          753    i.USBD_FS_LangIDStrDescriptor  usbd_desc.o
    0x080044a0   0x080044a0   0x00000028   Code   RO          754    i.USBD_FS_ManufacturerStrDescriptor  usbd_desc.o
    0x080044c8   0x080044c8   0x00000028   Code   RO          755    i.USBD_FS_ProductStrDescriptor  usbd_desc.o
    0x080044f0   0x080044f0   0x00000038   Code   RO          756    i.USBD_FS_SerialStrDescriptor  usbd_desc.o
    0x08004528   0x08004528   0x000000e6   Code   RO         4289    i.USBD_GetDescriptor  usbd_ctlreq.o
    0x0800460e   0x0800460e   0x00000048   Code   RO         4290    i.USBD_GetString    usbd_ctlreq.o
    0x08004656   0x08004656   0x00000018   Code   RO          917    i.USBD_Get_USB_Status  usbd_conf.o
    0x0800466e   0x0800466e   0x00000034   Code   RO         4151    i.USBD_Init         usbd_core.o
    0x080046a2   0x080046a2   0x00000012   Code   RO          918    i.USBD_LL_ClearStallEP  usbd_conf.o
    0x080046b4   0x080046b4   0x00000012   Code   RO          919    i.USBD_LL_CloseEP   usbd_conf.o
    0x080046c6   0x080046c6   0x000000aa   Code   RO         4152    i.USBD_LL_DataInStage  usbd_core.o
    0x08004770   0x08004770   0x0000006e   Code   RO         4153    i.USBD_LL_DataOutStage  usbd_core.o
    0x080047de   0x080047de   0x00000004   Code   RO         4154    i.USBD_LL_DevConnected  usbd_core.o
    0x080047e2   0x080047e2   0x00000018   Code   RO         4155    i.USBD_LL_DevDisconnected  usbd_core.o
    0x080047fa   0x080047fa   0x00000012   Code   RO          922    i.USBD_LL_FlushEP   usbd_conf.o
    0x0800480c   0x0800480c   0x00000008   Code   RO          923    i.USBD_LL_GetRxDataSize  usbd_conf.o
    0x08004814   0x08004814   0x00000060   Code   RO          924    i.USBD_LL_Init      usbd_conf.o
    0x08004874   0x08004874   0x00000020   Code   RO          925    i.USBD_LL_IsStallEP  usbd_conf.o
    0x08004894   0x08004894   0x00000004   Code   RO         4156    i.USBD_LL_IsoINIncomplete  usbd_core.o
    0x08004898   0x08004898   0x00000004   Code   RO         4157    i.USBD_LL_IsoOUTIncomplete  usbd_core.o
    0x0800489c   0x0800489c   0x00000018   Code   RO          926    i.USBD_LL_OpenEP    usbd_conf.o
    0x080048b4   0x080048b4   0x00000012   Code   RO          927    i.USBD_LL_PrepareReceive  usbd_conf.o
    0x080048c6   0x080048c6   0x00000052   Code   RO         4158    i.USBD_LL_Reset     usbd_core.o
    0x08004918   0x08004918   0x00000014   Code   RO         4159    i.USBD_LL_Resume    usbd_core.o
    0x0800492c   0x0800492c   0x00000018   Code   RO         4160    i.USBD_LL_SOF       usbd_core.o
    0x08004944   0x08004944   0x00000006   Code   RO         4161    i.USBD_LL_SetSpeed  usbd_core.o
    0x0800494a   0x0800494a   0x00000012   Code   RO          928    i.USBD_LL_SetUSBAddress  usbd_conf.o
    0x0800495c   0x0800495c   0x00000060   Code   RO         4162    i.USBD_LL_SetupStage  usbd_core.o
    0x080049bc   0x080049bc   0x00000012   Code   RO          929    i.USBD_LL_StallEP   usbd_conf.o
    0x080049ce   0x080049ce   0x00000012   Code   RO          930    i.USBD_LL_Start     usbd_conf.o
    0x080049e0   0x080049e0   0x00000012   Code   RO         4163    i.USBD_LL_Suspend   usbd_core.o
    0x080049f2   0x080049f2   0x00000012   Code   RO          932    i.USBD_LL_Transmit  usbd_conf.o
    0x08004a04   0x08004a04   0x0000000a   Code   RO         4420    i.USBD_MSC_DataIn   usbd_msc.o
    0x08004a0e   0x08004a0e   0x0000000a   Code   RO         4421    i.USBD_MSC_DataOut  usbd_msc.o
    0x08004a18   0x08004a18   0x00000032   Code   RO         4422    i.USBD_MSC_DeInit   usbd_msc.o
    0x08004a4a   0x08004a4a   0x00000002   PAD
    0x08004a4c   0x08004a4c   0x0000000c   Code   RO         4423    i.USBD_MSC_GetDeviceQualifierDescriptor  usbd_msc.o
    0x08004a58   0x08004a58   0x0000000c   Code   RO         4424    i.USBD_MSC_GetFSCfgDesc  usbd_msc.o
    0x08004a64   0x08004a64   0x0000000c   Code   RO         4425    i.USBD_MSC_GetHSCfgDesc  usbd_msc.o
    0x08004a70   0x08004a70   0x0000000c   Code   RO         4426    i.USBD_MSC_GetOtherSpeedCfgDesc  usbd_msc.o
    0x08004a7c   0x08004a7c   0x00000062   Code   RO         4427    i.USBD_MSC_Init     usbd_msc.o
    0x08004ade   0x08004ade   0x0000000e   Code   RO         4428    i.USBD_MSC_RegisterStorage  usbd_msc.o
    0x08004aec   0x08004aec   0x000000cc   Code   RO         4429    i.USBD_MSC_Setup    usbd_msc.o
    0x08004bb8   0x08004bb8   0x0000002c   Code   RO         4291    i.USBD_ParseSetupRequest  usbd_ctlreq.o
    0x08004be4   0x08004be4   0x00000022   Code   RO         4164    i.USBD_RegisterClass  usbd_core.o
    0x08004c06   0x08004c06   0x00000014   Code   RO         4166    i.USBD_SetClassConfig  usbd_core.o
    0x08004c1a   0x08004c1a   0x00000002   PAD
    0x08004c1c   0x08004c1c   0x000000bc   Code   RO         4292    i.USBD_SetConfig    usbd_ctlreq.o
    0x08004cd8   0x08004cd8   0x00000004   Code   RO         4167    i.USBD_Start        usbd_core.o
    0x08004cdc   0x08004cdc   0x00000114   Code   RO         4293    i.USBD_StdDevReq    usbd_ctlreq.o
    0x08004df0   0x08004df0   0x0000014c   Code   RO         4294    i.USBD_StdEPReq     usbd_ctlreq.o
    0x08004f3c   0x08004f3c   0x00000052   Code   RO         4295    i.USBD_StdItfReq    usbd_ctlreq.o
    0x08004f8e   0x08004f8e   0x00000002   PAD
    0x08004f90   0x08004f90   0x00000080   Code   RO         1368    i.USB_ActivateEndpoint  stm32f4xx_ll_usb.o
    0x08005010   0x08005010   0x0000001c   Code   RO         1370    i.USB_ActivateSetup  stm32f4xx_ll_usb.o
    0x0800502c   0x0800502c   0x00000074   Code   RO         1372    i.USB_CoreInit      stm32f4xx_ll_usb.o
    0x080050a0   0x080050a0   0x00000038   Code   RO         1373    i.USB_CoreReset     stm32f4xx_ll_usb.o
    0x080050d8   0x080050d8   0x000000cc   Code   RO         1376    i.USB_DeactivateEndpoint  stm32f4xx_ll_usb.o
    0x080051a4   0x080051a4   0x0000001c   Code   RO         1377    i.USB_DevConnect    stm32f4xx_ll_usb.o
    0x080051c0   0x080051c0   0x0000001c   Code   RO         1378    i.USB_DevDisconnect  stm32f4xx_ll_usb.o
    0x080051dc   0x080051dc   0x00000174   Code   RO         1379    i.USB_DevInit       stm32f4xx_ll_usb.o
    0x08005350   0x08005350   0x0000000c   Code   RO         1380    i.USB_DisableGlobalInt  stm32f4xx_ll_usb.o
    0x0800535c   0x0800535c   0x00000118   Code   RO         1383    i.USB_EP0StartXfer  stm32f4xx_ll_usb.o
    0x08005474   0x08005474   0x00000058   Code   RO         1384    i.USB_EP0_OutStart  stm32f4xx_ll_usb.o
    0x080054cc   0x080054cc   0x00000058   Code   RO         1385    i.USB_EPClearStall  stm32f4xx_ll_usb.o
    0x08005524   0x08005524   0x00000058   Code   RO         1386    i.USB_EPSetStall    stm32f4xx_ll_usb.o
    0x0800557c   0x0800557c   0x000001e8   Code   RO         1387    i.USB_EPStartXfer   stm32f4xx_ll_usb.o
    0x08005764   0x08005764   0x0000000c   Code   RO         1388    i.USB_EnableGlobalInt  stm32f4xx_ll_usb.o
    0x08005770   0x08005770   0x00000020   Code   RO         1389    i.USB_FlushRxFifo   stm32f4xx_ll_usb.o
    0x08005790   0x08005790   0x00000024   Code   RO         1390    i.USB_FlushTxFifo   stm32f4xx_ll_usb.o
    0x080057b4   0x080057b4   0x0000001a   Code   RO         1392    i.USB_GetDevSpeed   stm32f4xx_ll_usb.o
    0x080057ce   0x080057ce   0x00000008   Code   RO         1394    i.USB_GetMode       stm32f4xx_ll_usb.o
    0x080057d6   0x080057d6   0x0000000e   Code   RO         1401    i.USB_ReadDevAllInEpInterrupt  stm32f4xx_ll_usb.o
    0x080057e4   0x080057e4   0x0000000e   Code   RO         1402    i.USB_ReadDevAllOutEpInterrupt  stm32f4xx_ll_usb.o
    0x080057f2   0x080057f2   0x00000024   Code   RO         1403    i.USB_ReadDevInEPInterrupt  stm32f4xx_ll_usb.o
    0x08005816   0x08005816   0x00000010   Code   RO         1404    i.USB_ReadDevOutEPInterrupt  stm32f4xx_ll_usb.o
    0x08005826   0x08005826   0x00000008   Code   RO         1405    i.USB_ReadInterrupts  stm32f4xx_ll_usb.o
    0x0800582e   0x0800582e   0x0000001c   Code   RO         1406    i.USB_ReadPacket    stm32f4xx_ll_usb.o
    0x0800584a   0x0800584a   0x0000002e   Code   RO         1408    i.USB_SetCurrentMode  stm32f4xx_ll_usb.o
    0x08005878   0x08005878   0x00000022   Code   RO         1409    i.USB_SetDevAddress  stm32f4xx_ll_usb.o
    0x0800589a   0x0800589a   0x00000002   PAD
    0x0800589c   0x0800589c   0x000000e8   Code   RO         1411    i.USB_SetTurnaroundTime  stm32f4xx_ll_usb.o
    0x08005984   0x08005984   0x00000024   Code   RO         1414    i.USB_WritePacket   stm32f4xx_ll_usb.o
    0x080059a8   0x080059a8   0x00000002   Code   RO          364    i.UsageFault_Handler  stm32f4xx_it.o
    0x080059aa   0x080059aa   0x00000020   Code   RO         2424    i.__NVIC_SetPriority  stm32f4xx_hal_cortex.o
    0x080059ca   0x080059ca   0x0000000e   Code   RO         4763    i.__scatterload_copy  mc_w.l(handlers.o)
    0x080059d8   0x080059d8   0x00000002   Code   RO         4764    i.__scatterload_null  mc_w.l(handlers.o)
    0x080059da   0x080059da   0x0000000e   Code   RO         4765    i.__scatterload_zeroinit  mc_w.l(handlers.o)
    0x080059e8   0x080059e8   0x00000050   Code   RO         4709    i.free              mc_w.l(malloc.o)
    0x08005a38   0x08005a38   0x00000022   Code   RO           15    i.main              main.o
    0x08005a5a   0x08005a5a   0x00000002   PAD
    0x08005a5c   0x08005a5c   0x0000006c   Code   RO         4710    i.malloc            mc_w.l(malloc.o)
    0x08005ac8   0x08005ac8   0x00000014   Data   RO          603    .constdata          sd_diskio.o
    0x08005adc   0x08005adc   0x00000024   Data   RO          842    .constdata          usbd_storage_if.o
    0x08005b00   0x08005b00   0x00000008   Data   RO         2141    .constdata          stm32f4xx_hal_dma.o
    0x08005b08   0x08005b08   0x00000010   Data   RO         3652    .constdata          system_stm32f4xx.o
    0x08005b18   0x08005b18   0x00000008   Data   RO         3653    .constdata          system_stm32f4xx.o
    0x08005b20   0x08005b20   0x00000020   Data   RO         4761    Region$$Table       anon$$obj.o


    Execution Region RW_IRAM2 (Exec base: 0x10000000, Load base: 0x08005bfc, Size: 0x00000000, Max: 0x00010000, ABSOLUTE)

    **** No section assigned to this execution region ****


    Execution Region RW_IRAM1 (Exec base: 0x20000000, Load base: 0x08005b40, Size: 0x00001fe8, Max: 0x00020000, ABSOLUTE, COMPRESSED[0x000000bc])

    Exec Addr    Load Addr    Size         Type   Attr      Idx    E Section Name        Object

    0x20000000   COMPRESSED   0x00000001   Data   RW          604    .data               sd_diskio.o
    0x20000001   COMPRESSED   0x00000005   Data   RW          661    .data               fatfs.o
    0x20000006   COMPRESSED   0x00000002   PAD
    0x20000008   COMPRESSED   0x0000001c   Data   RW          758    .data               usbd_desc.o
    0x20000024   COMPRESSED   0x00000032   Data   RW          759    .data               usbd_desc.o
    0x20000056   COMPRESSED   0x00000002   PAD
    0x20000058   COMPRESSED   0x00000020   Data   RW          843    .data               usbd_storage_if.o
    0x20000078   COMPRESSED   0x00000001   Data   RW          844    .data               usbd_storage_if.o
    0x20000079   COMPRESSED   0x00000003   PAD
    0x2000007c   COMPRESSED   0x0000000c   Data   RW         2568    .data               stm32f4xx_hal.o
    0x20000088   COMPRESSED   0x00000004   Data   RW         3654    .data               system_stm32f4xx.o
    0x2000008c   COMPRESSED   0x00000001   Data   RW         4296    .data               usbd_ctlreq.o
    0x2000008d   COMPRESSED   0x00000003   PAD
    0x20000090   COMPRESSED   0x00000038   Data   RW         4430    .data               usbd_msc.o
    0x200000c8   COMPRESSED   0x0000006a   Data   RW         4431    .data               usbd_msc.o
    0x20000132   COMPRESSED   0x00000006   Data   RW         4575    .data               usbd_msc_data.o
    0x20000138   COMPRESSED   0x00000008   Data   RW         4576    .data               usbd_msc_data.o
    0x20000140   COMPRESSED   0x00000017   Data   RW         4577    .data               usbd_msc_data.o
    0x20000157   COMPRESSED   0x0000001b   Data   RW         4578    .data               usbd_msc_data.o
    0x20000172   COMPRESSED   0x00000002   PAD
    0x20000174   COMPRESSED   0x00000004   Data   RW         4757    .data               mc_w.l(mvars.o)
    0x20000178   COMPRESSED   0x00000004   Data   RW         4758    .data               mc_w.l(mvars.o)
    0x2000017c        -       0x00000144   Zero   RW          265    .bss                sdio.o
    0x200002c0        -       0x00000040   Zero   RW          308    .bss                usart.o
    0x20000300        -       0x000002d0   Zero   RW          696    .bss                usb_device.o
    0x200005d0        -       0x00000200   Zero   RW          757    .bss                usbd_desc.o
    0x200007d0        -       0x00000408   Zero   RW          933    .bss                usbd_conf.o
    0x20000bd8        -       0x0000000c   Zero   RW         4079    .bss                ff_gen_drv.o
    0x20000be4   COMPRESSED   0x00000004   PAD
    0x20000be8        -       0x00001000   Zero   RW            2    HEAP                startup_stm32f407xx.o
    0x20001be8        -       0x00000400   Zero   RW            1    STACK               startup_stm32f407xx.o


==============================================================================

Image component sizes


      Code (inc. data)   RO Data    RW Data    ZI Data      Debug   Object Name

       192         26          0          0          0       6887   bsp_driver_sd.o
        60          4          0          0          0        750   dma.o
        28         10          0          5          0       1002   fatfs.o
        70          6          0          0         12       1783   ff_gen_drv.o
        92          6          0          0          0        875   gpio.o
       168          8          0          0          0     697868   main.o
       224         14         20          1          0       4456   sd_diskio.o
       356         32          0          0        324       1799   sdio.o
        36          8        392          0       5120        820   startup_stm32f407xx.o
       180         28          0         12          0       9957   stm32f4xx_hal.o
       198         14          0          0          0      34587   stm32f4xx_hal_cortex.o
       942         16          8          0          0       7721   stm32f4xx_hal_dma.o
       440         46          0          0          0       1932   stm32f4xx_hal_gpio.o
        48          6          0          0          0        822   stm32f4xx_hal_msp.o
      2360         14          0          0          0      14604   stm32f4xx_hal_pcd.o
        78          0          0          0          0       2729   stm32f4xx_hal_pcd_ex.o
      1340         78          0          0          0       6252   stm32f4xx_hal_rcc.o
      3920         80          0          0          0      22326   stm32f4xx_hal_sd.o
       394         10          0          0          0       2320   stm32f4xx_hal_uart.o
        68         24          0          0          0       5844   stm32f4xx_it.o
      1656         46          0          0          0      25143   stm32f4xx_ll_sdmmc.o
      2582        132          0          0          0      24827   stm32f4xx_ll_usb.o
        28          6         24          4          0       1163   system_stm32f4xx.o
       204         26          0          0         64       1754   usart.o
        84         18          0          0        720       5887   usb_device.o
       652         20          0          0       1032      16086   usbd_conf.o
       688          0          0          0          0      13685   usbd_core.o
      1256         30          0          1          0      14848   usbd_ctlreq.o
       284        100          0         78        512       6077   usbd_desc.o
       102          0          0          0          0       4272   usbd_ioreq.o
       434         16          0        162          0      10318   usbd_msc.o
       634         12          0          0          0       8273   usbd_msc_bot.o
         0          0          0         64          0       1069   usbd_msc_data.o
      2204         20          0          0          0      17495   usbd_msc_scsi.o
       204         18         36         33          0       4947   usbd_storage_if.o

    ----------------------------------------------------------------------
     22252        874        512        372       7788     981178   Object Totals
         0          0         32          0          0          0   (incl. Generated)
        46          0          0         12          4          0   (incl. Padding)

    ----------------------------------------------------------------------

      Code (inc. data)   RO Data    RW Data    ZI Data      Debug   Library Member Name

        86          0          0          0          0          0   __dczerorl2.o
         0          0          0          0          0          0   entry.o
         0          0          0          0          0          0   entry10a.o
         0          0          0          0          0          0   entry11a.o
         4          0          0          0          0          0   entry12b.o
         8          4          0          0          0          0   entry2.o
         4          0          0          0          0          0   entry5.o
         0          0          0          0          0          0   entry7b.o
         0          0          0          0          0          0   entry8b.o
         8          4          0          0          0          0   entry9a.o
        30          0          0          0          0          0   handlers.o
        36          8          0          0          0         68   init.o
        30          0          0          0          0         68   llshl.o
        32          0          0          0          0         68   llushr.o
       188         20          0          0          0        160   malloc.o
        36          0          0          0          0         68   memcpya.o
        36          0          0          0          0        108   memseta.o
         0          0          0          8          0          0   mvars.o
        98          0          0          0          0         92   uldiv.o

    ----------------------------------------------------------------------
       596         36          0          8          0        632   Library Totals
         0          0          0          0          0          0   (incl. Padding)

    ----------------------------------------------------------------------

      Code (inc. data)   RO Data    RW Data    ZI Data      Debug   Library Name

       596         36          0          8          0        632   mc_w.l

    ----------------------------------------------------------------------
       596         36          0          8          0        632   Library Totals

    ----------------------------------------------------------------------

==============================================================================


      Code (inc. data)   RO Data    RW Data    ZI Data      Debug   

     22848        910        512        380       7788     955234   Grand Totals
     22848        910        512        188       7788     955234   ELF Image Totals (compressed)
     22848        910        512        188          0          0   ROM Totals

==============================================================================

    Total RO  Size (Code + RO Data)                23360 (  22.81kB)
    Total RW  Size (RW Data + ZI Data)              8168 (   7.98kB)
    Total ROM Size (Code + RO Data + RW Data)      23548 (  23.00kB)

==============================================================================

