Component: ARM Compiler 6.14.1 Tool: armlink [5db06d00]

==============================================================================

Section Cross References

    startup_stm32f407xx.o(RESET) refers to startup_stm32f407xx.o(STACK) for __initial_sp
    startup_stm32f407xx.o(RESET) refers to startup_stm32f407xx.o(.text) for Reset_Handler
    startup_stm32f407xx.o(RESET) refers to stm32f4xx_it.o(.text.NMI_Handler) for NMI_Handler
    startup_stm32f407xx.o(RESET) refers to stm32f4xx_it.o(.text.HardFault_Handler) for HardFault_Handler
    startup_stm32f407xx.o(RESET) refers to stm32f4xx_it.o(.text.MemManage_Handler) for MemManage_Handler
    startup_stm32f407xx.o(RESET) refers to stm32f4xx_it.o(.text.BusFault_Handler) for BusFault_Handler
    startup_stm32f407xx.o(RESET) refers to stm32f4xx_it.o(.text.UsageFault_Handler) for UsageFault_Handler
    startup_stm32f407xx.o(RESET) refers to stm32f4xx_it.o(.text.SVC_Handler) for SVC_Handler
    startup_stm32f407xx.o(RESET) refers to stm32f4xx_it.o(.text.DebugMon_Handler) for DebugMon_Handler
    startup_stm32f407xx.o(RESET) refers to stm32f4xx_it.o(.text.PendSV_Handler) for PendSV_Handler
    startup_stm32f407xx.o(RESET) refers to stm32f4xx_it.o(.text.SysTick_Handler) for SysTick_Handler
    startup_stm32f407xx.o(RESET) refers to stm32f4xx_it.o(.text.SDIO_IRQHandler) for SDIO_IRQHandler
    startup_stm32f407xx.o(.text) refers to system_stm32f4xx.o(.text.SystemInit) for SystemInit
    startup_stm32f407xx.o(.text) refers to entry.o(.ARM.Collect$$$$00000000) for __main
    main.o(.text.main) refers to stm32f4xx_hal.o(.text.HAL_Init) for HAL_Init
    main.o(.text.main) refers to main.o(.text.SystemClock_Config) for SystemClock_Config
    main.o(.text.main) refers to gpio.o(.text.MX_GPIO_Init) for MX_GPIO_Init
    main.o(.text.main) refers to sdio.o(.text.MX_SDIO_SD_Init) for MX_SDIO_SD_Init
    main.o(.text.main) refers to usart.o(.text.MX_USART1_UART_Init) for MX_USART1_UART_Init
    main.o(.text.main) refers to fatfs.o(.text.MX_FATFS_Init) for MX_FATFS_Init
    main.o(.text.main) refers to puts.o(i.puts) for puts
    main.o(.text.main) refers to sdio.o(.bss.hsd) for hsd
    main.o(.text.main) refers to stm32f4xx_hal_sd.o(.text.HAL_SD_GetCardState) for HAL_SD_GetCardState
    main.o(.text.main) refers to main.o(.rodata.str1.1) for .Lstr.11
    main.o(.text.main) refers to printf4.o(i.__0printf$4) for __2printf
    main.o(.text.main) refers to stm32f4xx_hal_sd.o(.text.HAL_SD_GetCardCID) for HAL_SD_GetCardCID
    main.o(.ARM.exidx.text.main) refers to main.o(.text.main) for [Anonymous Symbol]
    main.o(.text.SystemClock_Config) refers to memseta.o(.text) for __aeabi_memclr4
    main.o(.text.SystemClock_Config) refers to stm32f4xx_hal_rcc.o(.text.HAL_RCC_OscConfig) for HAL_RCC_OscConfig
    main.o(.text.SystemClock_Config) refers to stm32f4xx_hal_rcc.o(.text.HAL_RCC_ClockConfig) for HAL_RCC_ClockConfig
    main.o(.ARM.exidx.text.SystemClock_Config) refers to main.o(.text.SystemClock_Config) for [Anonymous Symbol]
    main.o(.ARM.exidx.text.Error_Handler) refers to main.o(.text.Error_Handler) for [Anonymous Symbol]
    gpio.o(.ARM.exidx.text.MX_GPIO_Init) refers to gpio.o(.text.MX_GPIO_Init) for [Anonymous Symbol]
    sdio.o(.text.MX_SDIO_SD_Init) refers to sdio.o(.bss.hsd) for hsd
    sdio.o(.ARM.exidx.text.MX_SDIO_SD_Init) refers to sdio.o(.text.MX_SDIO_SD_Init) for [Anonymous Symbol]
    sdio.o(.text.HAL_SD_MspInit) refers to stm32f4xx_hal_gpio.o(.text.HAL_GPIO_Init) for HAL_GPIO_Init
    sdio.o(.text.HAL_SD_MspInit) refers to stm32f4xx_hal_cortex.o(.text.HAL_NVIC_SetPriority) for HAL_NVIC_SetPriority
    sdio.o(.text.HAL_SD_MspInit) refers to stm32f4xx_hal_cortex.o(.text.HAL_NVIC_EnableIRQ) for HAL_NVIC_EnableIRQ
    sdio.o(.ARM.exidx.text.HAL_SD_MspInit) refers to sdio.o(.text.HAL_SD_MspInit) for [Anonymous Symbol]
    sdio.o(.text.HAL_SD_MspDeInit) refers to stm32f4xx_hal_gpio.o(.text.HAL_GPIO_DeInit) for HAL_GPIO_DeInit
    sdio.o(.text.HAL_SD_MspDeInit) refers to stm32f4xx_hal_cortex.o(.text.HAL_NVIC_DisableIRQ) for HAL_NVIC_DisableIRQ
    sdio.o(.ARM.exidx.text.HAL_SD_MspDeInit) refers to sdio.o(.text.HAL_SD_MspDeInit) for [Anonymous Symbol]
    usart.o(.text.MX_USART1_UART_Init) refers to usart.o(.bss.huart1) for huart1
    usart.o(.text.MX_USART1_UART_Init) refers to stm32f4xx_hal_uart.o(.text.HAL_UART_Init) for HAL_UART_Init
    usart.o(.text.MX_USART1_UART_Init) refers to main.o(.text.Error_Handler) for Error_Handler
    usart.o(.ARM.exidx.text.MX_USART1_UART_Init) refers to usart.o(.text.MX_USART1_UART_Init) for [Anonymous Symbol]
    usart.o(.text.HAL_UART_MspInit) refers to stm32f4xx_hal_gpio.o(.text.HAL_GPIO_Init) for HAL_GPIO_Init
    usart.o(.ARM.exidx.text.HAL_UART_MspInit) refers to usart.o(.text.HAL_UART_MspInit) for [Anonymous Symbol]
    usart.o(.text.HAL_UART_MspDeInit) refers to stm32f4xx_hal_gpio.o(.text.HAL_GPIO_DeInit) for HAL_GPIO_DeInit
[...]
    Removing bsp_driver_sd.o(.ARM.exidx.text.BSP_SD_DetectIT), (8 bytes).
    Removing bsp_driver_sd.o(.ARM.exidx.text.BSP_SD_ReadBlocks), (8 bytes).
    Removing bsp_driver_sd.o(.ARM.exidx.text.BSP_SD_WriteBlocks), (8 bytes).
    Removing bsp_driver_sd.o(.text.BSP_SD_ReadBlocks_DMA), (28 bytes).
    Removing bsp_driver_sd.o(.ARM.exidx.text.BSP_SD_ReadBlocks_DMA), (8 bytes).
    Removing bsp_driver_sd.o(.text.BSP_SD_WriteBlocks_DMA), (28 bytes).
    Removing bsp_driver_sd.o(.ARM.exidx.text.BSP_SD_WriteBlocks_DMA), (8 bytes).
    Removing bsp_driver_sd.o(.text.BSP_SD_Erase), (26 bytes).
    Removing bsp_driver_sd.o(.ARM.exidx.text.BSP_SD_Erase), (8 bytes).
    Removing bsp_driver_sd.o(.ARM.exidx.text.BSP_SD_GetCardState), (8 bytes).
    Removing bsp_driver_sd.o(.ARM.exidx.text.BSP_SD_GetCardInfo), (8 bytes).
    Removing bsp_driver_sd.o(.ARM.exidx.text.HAL_SD_AbortCallback), (8 bytes).
    Removing bsp_driver_sd.o(.ARM.exidx.text.BSP_SD_AbortCallback), (8 bytes).
    Removing bsp_driver_sd.o(.ARM.exidx.text.HAL_SD_TxCpltCallback), (8 bytes).
    Removing bsp_driver_sd.o(.ARM.exidx.text.BSP_SD_WriteCpltCallback), (8 bytes).
    Removing bsp_driver_sd.o(.ARM.exidx.text.HAL_SD_RxCpltCallback), (8 bytes).
    Removing bsp_driver_sd.o(.ARM.exidx.text.BSP_SD_ReadCpltCallback), (8 bytes).
    Removing sd_diskio.o(.text), (0 bytes).
    Removing sd_diskio.o(.ARM.exidx.text.SD_initialize), (8 bytes).
    Removing sd_diskio.o(.ARM.exidx.text.SD_status), (8 bytes).
    Removing sd_diskio.o(.ARM.exidx.text.SD_read), (8 bytes).
    Removing sd_diskio.o(.ARM.exidx.text.SD_write), (8 bytes).
    Removing sd_diskio.o(.ARM.exidx.text.SD_ioctl), (8 bytes).
    Removing sd_diskio.o(.ARM.exidx.text.SD_CheckStatus), (8 bytes).
    Removing fatfs.o(.text), (0 bytes).
    Removing fatfs.o(.ARM.exidx.text.MX_FATFS_Init), (8 bytes).
    Removing fatfs.o(.text.get_fattime), (4 bytes).
    Removing fatfs.o(.ARM.exidx.text.get_fattime), (8 bytes).
    Removing fatfs.o(.bss.SDFatFS), (560 bytes).
    Removing fatfs.o(.bss.SDFile), (560 bytes).
    Removing diskio.o(.text), (0 bytes).
    Removing diskio.o(.text.disk_status), (26 bytes).
    Removing diskio.o(.ARM.exidx.text.disk_status), (8 bytes).
    Removing diskio.o(.text.disk_initialize), (40 bytes).
    Removing diskio.o(.ARM.exidx.text.disk_initialize), (8 bytes).
    Removing diskio.o(.text.disk_read), (30 bytes).
    Removing diskio.o(.ARM.exidx.text.disk_read), (8 bytes).
    Removing diskio.o(.text.disk_write), (30 bytes).
    Removing diskio.o(.ARM.exidx.text.disk_write), (8 bytes).
    Removing diskio.o(.text.disk_ioctl), (26 bytes).
    Removing diskio.o(.ARM.exidx.text.disk_ioctl), (8 bytes).
    Removing diskio.o(.text.get_fattime), (4 bytes).
    Removing diskio.o(.ARM.exidx.text.get_fattime), (8 bytes).
    Removing ff.o(.text), (0 bytes).
    Removing ff.o(.text.f_mount), (100 bytes).
    Removing ff.o(.ARM.exidx.text.f_mount), (8 bytes).
    Removing ff.o(.text.get_ldnumber), (76 bytes).
    Removing ff.o(.ARM.exidx.text.get_ldnumber), (8 bytes).
    Removing ff.o(.text.clear_lock), (36 bytes).
    Removing ff.o(.ARM.exidx.text.clear_lock), (8 bytes).
    Removing ff.o(.text.find_volume), (684 bytes).
    Removing ff.o(.ARM.exidx.text.find_volume), (8 bytes).
    Removing ff.o(.text.f_open), (618 bytes).
    Removing ff.o(.ARM.exidx.text.f_open), (8 bytes).
    Removing ff.o(.text.follow_path), (148 bytes).
    Removing ff.o(.ARM.exidx.text.follow_path), (8 bytes).
    Removing ff.o(.text.chk_lock), (128 bytes).
    Removing ff.o(.ARM.exidx.text.chk_lock), (8 bytes).
    Removing ff.o(.text.enq_lock), (36 bytes).
    Removing ff.o(.ARM.exidx.text.enq_lock), (8 bytes).
    Removing ff.o(.text.dir_register), (62 bytes).
    Removing ff.o(.ARM.exidx.text.dir_register), (8 bytes).
    Removing ff.o(.text.st_dword), (4 bytes).
    Removing ff.o(.ARM.exidx.text.st_dword), (8 bytes).
    Removing ff.o(.text.ld_clust), (38 bytes).
    Removing ff.o(.ARM.exidx.text.ld_clust), (8 bytes).
    Removing ff.o(.text.st_clust), (38 bytes).
    Removing ff.o(.ARM.exidx.text.st_clust), (8 bytes).
    Removing ff.o(.text.remove_chain), (140 bytes).
    Removing ff.o(.ARM.exidx.text.remove_chain), (8 bytes).
    Removing ff.o(.text.move_window), (62 bytes).
    Removing ff.o(.ARM.exidx.text.move_window), (8 bytes).
    Removing ff.o(.text.inc_lock), (162 bytes).
    Removing ff.o(.ARM.exidx.text.inc_lock), (8 bytes).
    Removing ff.o(.text.ld_dword), (4 bytes).
    Removing ff.o(.ARM.exidx.text.ld_dword), (8 bytes).
    Removing ff.o(.text.mem_set), (14 bytes).
    Removing ff.o(.ARM.exidx.text.mem_set), (8 bytes).
    Removing ff.o(.text.get_fat), (186 bytes).
    Removing ff.o(.ARM.exidx.text.get_fat), (8 bytes).
    Removing ff.o(.text.clust2sect), (24 bytes).
    Removing ff.o(.ARM.exidx.text.clust2sect), (8 bytes).
    Removing ff.o(.text.f_read), (384 bytes).
    Removing ff.o(.ARM.exidx.text.f_read), (8 bytes).
    Removing ff.o(.text.validate), (68 bytes).
    Removing ff.o(.ARM.exidx.text.validate), (8 bytes).
    Removing ff.o(.text.clmt_clust), (56 bytes).
    Removing ff.o(.ARM.exidx.text.clmt_clust), (8 bytes).
    Removing ff.o(.text.mem_cpy), (26 bytes).
    Removing ff.o(.ARM.exidx.text.mem_cpy), (8 bytes).
    Removing ff.o(.text.f_write), (430 bytes).
    Removing ff.o(.ARM.exidx.text.f_write), (8 bytes).
    Removing ff.o(.text.create_chain), (200 bytes).
    Removing ff.o(.ARM.exidx.text.create_chain), (8 bytes).
    Removing ff.o(.text.f_sync), (152 bytes).
    Removing ff.o(.ARM.exidx.text.f_sync), (8 bytes).
    Removing ff.o(.text.st_word), (4 bytes).
    Removing ff.o(.ARM.exidx.text.st_word), (8 bytes).
    Removing ff.o(.text.sync_fs), (148 bytes).
    Removing ff.o(.ARM.exidx.text.sync_fs), (8 bytes).
    Removing ff.o(.text.f_close), (46 bytes).
    Removing ff.o(.ARM.exidx.text.f_close), (8 bytes).
    Removing ff.o(.text.dec_lock), (56 bytes).
    Removing ff.o(.ARM.exidx.text.dec_lock), (8 bytes).
    Removing ff.o(.text.f_lseek), (628 bytes).
    Removing ff.o(.ARM.exidx.text.f_lseek), (8 bytes).
    Removing ff.o(.text.f_opendir), (136 bytes).
    Removing ff.o(.ARM.exidx.text.f_opendir), (8 bytes).
    Removing ff.o(.text.dir_sdi), (150 bytes).
    Removing ff.o(.ARM.exidx.text.dir_sdi), (8 bytes).
    Removing ff.o(.text.f_closedir), (40 bytes).
    Removing ff.o(.ARM.exidx.text.f_closedir), (8 bytes).
    Removing ff.o(.text.f_readdir), (78 bytes).
    Removing ff.o(.ARM.exidx.text.f_readdir), (8 bytes).
    Removing ff.o(.text.dir_read), (90 bytes).
    Removing ff.o(.ARM.exidx.text.dir_read), (8 bytes).
    Removing ff.o(.text.get_fileinfo), (118 bytes).
    Removing ff.o(.ARM.exidx.text.get_fileinfo), (8 bytes).
    Removing ff.o(.text.dir_next), (306 bytes).
    Removing ff.o(.ARM.exidx.text.dir_next), (8 bytes).
    Removing ff.o(.text.f_stat), (66 bytes).
    Removing ff.o(.ARM.exidx.text.f_stat), (8 bytes).
    Removing ff.o(.text.f_getfree), (238 bytes).
    Removing ff.o(.ARM.exidx.text.f_getfree), (8 bytes).
    Removing ff.o(.text.ld_word), (4 bytes).
    Removing ff.o(.ARM.exidx.text.ld_word), (8 bytes).
    Removing ff.o(.text.f_truncate), (170 bytes).
    Removing ff.o(.ARM.exidx.text.f_truncate), (8 bytes).
    Removing ff.o(.text.f_unlink), (170 bytes).
    Removing ff.o(.ARM.exidx.text.f_unlink), (8 bytes).
    Removing ff.o(.text.dir_remove), (32 bytes).
    Removing ff.o(.ARM.exidx.text.dir_remove), (8 bytes).
    Removing ff.o(.text.f_mkdir), (352 bytes).
    Removing ff.o(.ARM.exidx.text.f_mkdir), (8 bytes).
    Removing ff.o(.text.sync_window), (90 bytes).
    Removing ff.o(.ARM.exidx.text.sync_window), (8 bytes).
    Removing ff.o(.text.f_rename), (286 bytes).
    Removing ff.o(.ARM.exidx.text.f_rename), (8 bytes).
    Removing ff.o(.text.f_mkfs), (1596 bytes).
    Removing ff.o(.ARM.exidx.text.f_mkfs), (8 bytes).
    Removing ff.o(.text.f_gets), (88 bytes).
    Removing ff.o(.ARM.exidx.text.f_gets), (8 bytes).
    Removing ff.o(.text.f_putc), (32 bytes).
    Removing ff.o(.ARM.exidx.text.f_putc), (8 bytes).
    Removing ff.o(.text.putc_init), (10 bytes).
    Removing ff.o(.ARM.exidx.text.putc_init), (8 bytes).
    Removing ff.o(.text.putc_bfd), (72 bytes).
    Removing ff.o(.ARM.exidx.text.putc_bfd), (8 bytes).
    Removing ff.o(.text.putc_flush), (48 bytes).
    Removing ff.o(.ARM.exidx.text.putc_flush), (8 bytes).
    Removing ff.o(.text.f_puts), (46 bytes).
    Removing ff.o(.ARM.exidx.text.f_puts), (8 bytes).
    Removing ff.o(.text.f_printf), (610 bytes).
    Removing ff.o(.ARM.exidx.text.f_printf), (8 bytes).
    Removing ff.o(.text.check_fs), (116 bytes).
    Removing ff.o(.ARM.exidx.text.check_fs), (8 bytes).
    Removing ff.o(.text.create_name), (250 bytes).
    Removing ff.o(.ARM.exidx.text.create_name), (8 bytes).
    Removing ff.o(.text.dir_find), (92 bytes).
    Removing ff.o(.ARM.exidx.text.dir_find), (8 bytes).
    Removing ff.o(.text.chk_chr), (28 bytes).
    Removing ff.o(.ARM.exidx.text.chk_chr), (8 bytes).
    Removing ff.o(.text.mem_cmp), (40 bytes).
    Removing ff.o(.ARM.exidx.text.mem_cmp), (8 bytes).
    Removing ff.o(.text.dir_alloc), (52 bytes).
    Removing ff.o(.ARM.exidx.text.dir_alloc), (8 bytes).
    Removing ff.o(.text.put_fat), (266 bytes).
    Removing ff.o(.ARM.exidx.text.put_fat), (8 bytes).
    Removing ff.o(.bss.FatFs), (4 bytes).
    Removing ff.o(.rodata.str2.2), (28 bytes).
    Removing ff.o(.rodata.str1.1), (35 bytes).
    Removing ff.o(.bss.Files), (32 bytes).
    Removing ff.o(.bss.Fsid), (2 bytes).
    Removing ff.o(.rodata.ExCvt), (128 bytes).
    Removing ff_gen_drv.o(.text), (0 bytes).
    Removing ff_gen_drv.o(.ARM.exidx.text.FATFS_LinkDriverEx), (8 bytes).
    Removing ff_gen_drv.o(.ARM.exidx.text.FATFS_LinkDriver), (8 bytes).
    Removing ff_gen_drv.o(.text.FATFS_UnLinkDriverEx), (48 bytes).
    Removing ff_gen_drv.o(.ARM.exidx.text.FATFS_UnLinkDriverEx), (8 bytes).
    Removing ff_gen_drv.o(.text.FATFS_UnLinkDriver), (10 bytes).
    Removing ff_gen_drv.o(.ARM.exidx.text.FATFS_UnLinkDriver), (8 bytes).
    Removing ff_gen_drv.o(.text.FATFS_GetAttachedDriversNbr), (12 bytes).
    Removing ff_gen_drv.o(.ARM.exidx.text.FATFS_GetAttachedDriversNbr), (8 bytes).
    Removing syscall.o(.text), (0 bytes).
    Removing dadd.o(.text), (334 bytes).
    Removing dmul.o(.text), (228 bytes).
    Removing ddiv.o(.text), (222 bytes).
    Removing dfixul.o(.text), (48 bytes).
    Removing cdrcmple.o(.text), (48 bytes).
    Removing depilogue.o(.text), (186 bytes).

797 unused section(s) (total 38745 bytes) removed from the image.

==============================================================================

Image Symbol Table

    Local Symbols

    Symbol Name                              Value     Ov Type        Size  Object(Section)

    ../clib/microlib/division.c              0x00000000   Number         0  uldiv.o ABSOLUTE
    ../clib/microlib/division.c              0x00000000   Number         0  uidiv.o ABSOLUTE
    ../clib/microlib/init/entry.s            0x00000000   Number         0  entry.o ABSOLUTE
    ../clib/microlib/init/entry.s            0x00000000   Number         0  entry2.o ABSOLUTE
    ../clib/microlib/init/entry.s            0x00000000   Number         0  entry5.o ABSOLUTE
    ../clib/microlib/init/entry.s            0x00000000   Number         0  entry7a.o ABSOLUTE
    ../clib/microlib/init/entry.s            0x00000000   Number         0  entry7b.o ABSOLUTE
    ../clib/microlib/init/entry.s            0x00000000   Number         0  entry8a.o ABSOLUTE
    ../clib/microlib/init/entry.s            0x00000000   Number         0  entry8b.o ABSOLUTE
    ../clib/microlib/init/entry.s            0x00000000   Number         0  entry9a.o ABSOLUTE
    ../clib/microlib/init/entry.s            0x00000000   Number         0  entry9b.o ABSOLUTE
    ../clib/microlib/init/entry.s            0x00000000   Number         0  entry10a.o ABSOLUTE
    ../clib/microlib/init/entry.s            0x00000000   Number         0  entry10b.o ABSOLUTE
    ../clib/microlib/init/entry.s            0x00000000   Number         0  entry11a.o ABSOLUTE
    ../clib/microlib/init/entry.s            0x00000000   Number         0  entry11b.o ABSOLUTE
    ../clib/microlib/longlong.c              0x00000000   Number         0  llshl.o ABSOLUTE
    ../clib/microlib/longlong.c              0x00000000   Number         0  llushr.o ABSOLUTE
    ../clib/microlib/longlong.c              0x00000000   Number         0  llsshr.o ABSOLUTE
    ../clib/microlib/printf/printf.c         0x00000000   Number         0  printfb.o ABSOLUTE
    ../clib/microlib/printf/printf.c         0x00000000   Number         0  printf0.o ABSOLUTE
    ../clib/microlib/printf/printf.c         0x00000000   Number         0  printf1.o ABSOLUTE
    ../clib/microlib/printf/printf.c         0x00000000   Number         0  printf2.o ABSOLUTE
    ../clib/microlib/printf/printf.c         0x00000000   Number         0  printf3.o ABSOLUTE
    ../clib/microlib/printf/printf.c         0x00000000   Number         0  printf4.o ABSOLUTE
    ../clib/microlib/printf/printf.c         0x00000000   Number         0  printf5.o ABSOLUTE
    ../clib/microlib/printf/printf.c         0x00000000   Number         0  printf6.o ABSOLUTE
    ../clib/microlib/printf/printf.c         0x00000000   Number         0  printf7.o ABSOLUTE
    ../clib/microlib/printf/printf.c         0x00000000   Number         0  printf8.o ABSOLUTE
    ../clib/microlib/printf/printf.c         0x00000000   Number         0  printfa.o ABSOLUTE
    ../clib/microlib/printf/stubs.s          0x00000000   Number         0  printfstubs.o ABSOLUTE
    ../clib/microlib/stdio/puts.c            0x00000000   Number         0  puts.o ABSOLUTE
    ../clib/microlib/stdio/puts.c            0x00000000   Number         0  puts_e.o ABSOLUTE
    ../clib/microlib/stdio/streams.c         0x00000000   Number         0  stdout.o ABSOLUTE
    ../clib/microlib/string/memset.c         0x00000000   Number         0  memseta.o ABSOLUTE
    ../clib/microlib/stubs.s                 0x00000000   Number         0  iusefp.o ABSOLUTE
    ../fplib/microlib/fpadd.c                0x00000000   Number         0  dadd.o ABSOLUTE
    ../fplib/microlib/fpdiv.c                0x00000000   Number         0  ddiv.o ABSOLUTE
    ../fplib/microlib/fpepilogue.c           0x00000000   Number         0  depilogue.o ABSOLUTE
    ../fplib/microlib/fpfix.c                0x00000000   Number         0  dfixul.o ABSOLUTE
    ../fplib/microlib/fpmul.c                0x00000000   Number         0  dmul.o ABSOLUTE
    bsp_driver_sd.c                          0x00000000   Number         0  bsp_driver_sd.o ABSOLUTE
    cdrcmple.s                               0x00000000   Number         0  cdrcmple.o ABSOLUTE
    dc.s                                     0x00000000   Number         0  dc.o ABSOLUTE
    diskio.c                                 0x00000000   Number         0  diskio.o ABSOLUTE
    fatfs.c                                  0x00000000   Number         0  fatfs.o ABSOLUTE
    ff.c                                     0x00000000   Number         0  ff.o ABSOLUTE
    ff_gen_drv.c                             0x00000000   Number         0  ff_gen_drv.o ABSOLUTE
    gpio.c                                   0x00000000   Number         0  gpio.o ABSOLUTE
    handlers.s                               0x00000000   Number         0  handlers.o ABSOLUTE
    init.s                                   0x00000000   Number         0  init.o ABSOLUTE
    main.c                                   0x00000000   Number         0  main.o ABSOLUTE
    sd_diskio.c                              0x00000000   Number         0  sd_diskio.o ABSOLUTE
    sdio.c                                   0x00000000   Number         0  sdio.o ABSOLUTE
    startup_stm32f407xx.s                    0x00000000   Number         0  startup_stm32f407xx.o ABSOLUTE
    stm32f4xx_hal.c                          0x00000000   Number         0  stm32f4xx_hal.o ABSOLUTE
    stm32f4xx_hal_cortex.c                   0x00000000   Number         0  stm32f4xx_hal_cortex.o ABSOLUTE
    stm32f4xx_hal_dma.c                      0x00000000   Number         0  stm32f4xx_hal_dma.o ABSOLUTE
    stm32f4xx_hal_dma_ex.c                   0x00000000   Number         0  stm32f4xx_hal_dma_ex.o ABSOLUTE
    stm32f4xx_hal_exti.c                     0x00000000   Number         0  stm32f4xx_hal_exti.o ABSOLUTE
    stm32f4xx_hal_flash.c                    0x00000000   Number         0  stm32f4xx_hal_flash.o ABSOLUTE
    stm32f4xx_hal_flash_ex.c                 0x00000000   Number         0  stm32f4xx_hal_flash_ex.o ABSOLUTE
    stm32f4xx_hal_flash_ramfunc.c            0x00000000   Number         0  stm32f4xx_hal_flash_ramfunc.o ABSOLUTE
    stm32f4xx_hal_gpio.c                     0x00000000   Number         0  stm32f4xx_hal_gpio.o ABSOLUTE
    stm32f4xx_hal_msp.c                      0x00000000   Number         0  stm32f4xx_hal_msp.o ABSOLUTE
    stm32f4xx_hal_pwr.c                      0x00000000   Number         0  stm32f4xx_hal_pwr.o ABSOLUTE
    stm32f4xx_hal_pwr_ex.c                   0x00000000   Number         0  stm32f4xx_hal_pwr_ex.o ABSOLUTE
    stm32f4xx_hal_rcc.c                      0x00000000   Number         0  stm32f4xx_hal_rcc.o ABSOLUTE
    stm32f4xx_hal_rcc_ex.c                   0x00000000   Number         0  stm32f4xx_hal_rcc_ex.o ABSOLUTE
    stm32f4xx_hal_sd.c                       0x00000000   Number         0  stm32f4xx_hal_sd.o ABSOLUTE
    stm32f4xx_hal_tim.c                      0x00000000   Number         0  stm32f4xx_hal_tim.o ABSOLUTE
    stm32f4xx_hal_tim_ex.c                   0x00000000   Number         0  stm32f4xx_hal_tim_ex.o ABSOLUTE
    stm32f4xx_hal_uart.c                     0x00000000   Number         0  stm32f4xx_hal_uart.o ABSOLUTE
    stm32f4xx_it.c                           0x00000000   Number         0  stm32f4xx_it.o ABSOLUTE
    stm32f4xx_ll_sdmmc.c                     0x00000000   Number         0  stm32f4xx_ll_sdmmc.o ABSOLUTE
    syscall.c                                0x00000000   Number         0  syscall.o ABSOLUTE
    system_stm32f4xx.c                       0x00000000   Number         0  system_stm32f4xx.o ABSOLUTE
    usart.c                                  0x00000000   Number         0  usart.o ABSOLUTE
    RESET                                    0x08000000   Section      392  startup_stm32f407xx.o(RESET)
    .ARM.Collect$$$$00000000                 0x08000188   Section        0  entry.o(.ARM.Collect$$$$00000000)
    .ARM.Collect$$$$00000001                 0x08000188   Section        4  entry2.o(.ARM.Collect$$$$00000001)
    .ARM.Collect$$$$00000004                 0x0800018c   Section        4  entry5.o(.ARM.Collect$$$$00000004)
    .ARM.Collect$$$$00000008                 0x08000190   Section        0  entry7b.o(.ARM.Collect$$$$00000008)
    .ARM.Collect$$$$0000000A                 0x08000190   Section        0  entry8b.o(.ARM.Collect$$$$0000000A)
    .ARM.Collect$$$$0000000B                 0x08000190   Section        8  entry9a.o(.ARM.Collect$$$$0000000B)
    __lit__00000000                          0x08000198   Data           4  entry2.o(.ARM.Collect$$$$00002712)
    .ARM.Collect$$$$0000000D                 0x08000198   Section        0  entry10a.o(.ARM.Collect$$$$0000000D)
    .ARM.Collect$$$$0000000F                 0x08000198   Section        0  entry11a.o(.ARM.Collect$$$$0000000F)
    .ARM.Collect$$$$00002712                 0x08000198   Section        4  entry2.o(.ARM.Collect$$$$00002712)
    $v0                                      0x0800019c   Number         0  startup_stm32f407xx.o(.text)
    .text                                    0x0800019c   Section       36  startup_stm32f407xx.o(.text)
    .text                                    0x080001c0   Section        0  uldiv.o(.text)
    .text                                    0x08000222   Section        0  memseta.o(.text)
    .text                                    0x08000246   Section        0  llshl.o(.text)
    .text                                    0x08000264   Section        0  llushr.o(.text)
    .text                                    0x08000284   Section       36  init.o(.text)
    [Anonymous Symbol]                       0x080002a8   Section        0  bsp_driver_sd.o(.text.BSP_SD_AbortCallback)
    [Anonymous Symbol]                       0x080002ac   Section        0  bsp_driver_sd.o(.text.BSP_SD_GetCardInfo)
    [Anonymous Symbol]                       0x080002c0   Section        0  bsp_driver_sd.o(.text.BSP_SD_GetCardState)
    [Anonymous Symbol]                       0x080002d8   Section        0  bsp_driver_sd.o(.text.BSP_SD_Init)
    [Anonymous Symbol]                       0x08000314   Section        0  bsp_driver_sd.o(.text.BSP_SD_IsDetected)
    [Anonymous Symbol]                       0x08000324   Section        0  bsp_driver_sd.o(.text.BSP_SD_ReadBlocks)
    [Anonymous Symbol]                       0x0800034c   Section        0  bsp_driver_sd.o(.text.BSP_SD_ReadCpltCallback)
    [Anonymous Symbol]                       0x08000350   Section        0  bsp_driver_sd.o(.text.BSP_SD_WriteBlocks)
    [Anonymous Symbol]                       0x08000378   Section        0  bsp_driver_sd.o(.text.BSP_SD_WriteCpltCallback)
    [Anonymous Symbol]                       0x0800037c   Section        0  stm32f4xx_it.o(.text.BusFault_Handler)
    [Anonymous Symbol]                       0x08000380   Section        0  stm32f4xx_it.o(.text.DebugMon_Handler)
    [Anonymous Symbol]                       0x08000384   Section        0  main.o(.text.Error_Handler)
    [Anonymous Symbol]                       0x08000388   Section        0  ff_gen_drv.o(.text.FATFS_LinkDriver)
    [Anonymous Symbol]                       0x08000394   Section        0  ff_gen_drv.o(.text.FATFS_LinkDriverEx)
    [Anonymous Symbol]                       0x080003e4   Section        0  stm32f4xx_hal_dma.o(.text.HAL_DMA_Abort_IT)
    [Anonymous Symbol]                       0x08000408   Section        0  stm32f4xx_hal.o(.text.HAL_Delay)
    [Anonymous Symbol]                       0x08000430   Section        0  stm32f4xx_hal_gpio.o(.text.HAL_GPIO_Init)
    [Anonymous Symbol]                       0x080005c4   Section        0  stm32f4xx_hal.o(.text.HAL_GetTick)
    [Anonymous Symbol]                       0x080005d0   Section        0  stm32f4xx_hal.o(.text.HAL_IncTick)
    [Anonymous Symbol]                       0x080005ec   Section        0  stm32f4xx_hal.o(.text.HAL_Init)
    [Anonymous Symbol]                       0x08000624   Section        0  stm32f4xx_hal.o(.text.HAL_InitTick)
    [Anonymous Symbol]                       0x08000674   Section        0  stm32f4xx_hal_msp.o(.text.HAL_MspInit)
    [Anonymous Symbol]                       0x080006ac   Section        0  stm32f4xx_hal_cortex.o(.text.HAL_NVIC_EnableIRQ)
    [Anonymous Symbol]                       0x080006b4   Section        0  stm32f4xx_hal_cortex.o(.text.HAL_NVIC_SetPriority)
    [Anonymous Symbol]                       0x080006d4   Section        0  stm32f4xx_hal_cortex.o(.text.HAL_NVIC_SetPriorityGrouping)
    [Anonymous Symbol]                       0x080006dc   Section        0  stm32f4xx_hal_rcc.o(.text.HAL_RCC_ClockConfig)
    [Anonymous Symbol]                       0x0800083c   Section        0  stm32f4xx_hal_rcc.o(.text.HAL_RCC_GetHCLKFreq)
    [Anonymous Symbol]                       0x08000848   Section        0  stm32f4xx_hal_rcc.o(.text.HAL_RCC_GetPCLK1Freq)
    [Anonymous Symbol]                       0x0800086c   Section        0  stm32f4xx_hal_rcc.o(.text.HAL_RCC_GetPCLK2Freq)
    [Anonymous Symbol]                       0x08000890   Section        0  stm32f4xx_hal_rcc.o(.text.HAL_RCC_GetSysClockFreq)
    [Anonymous Symbol]                       0x080008fc   Section        0  stm32f4xx_hal_rcc.o(.text.HAL_RCC_OscConfig)
    [Anonymous Symbol]                       0x08000c30   Section        0  bsp_driver_sd.o(.text.HAL_SD_AbortCallback)
    [Anonymous Symbol]                       0x08000c38   Section        0  stm32f4xx_hal_sd.o(.text.HAL_SD_ConfigWideBusOperation)
    [Anonymous Symbol]                       0x08000cac   Section        0  stm32f4xx_hal_sd.o(.text.HAL_SD_ErrorCallback)
    [Anonymous Symbol]                       0x08000cb0   Section        0  stm32f4xx_hal_sd.o(.text.HAL_SD_GetCardCID)
    [Anonymous Symbol]                       0x08000cf8   Section        0  stm32f4xx_hal_sd.o(.text.HAL_SD_GetCardCSD)
    [Anonymous Symbol]                       0x08000e70   Section        0  stm32f4xx_hal_sd.o(.text.HAL_SD_GetCardInfo)
    [Anonymous Symbol]                       0x08000e94   Section        0  stm32f4xx_hal_sd.o(.text.HAL_SD_GetCardState)
    [Anonymous Symbol]                       0x08000eb8   Section        0  stm32f4xx_hal_sd.o(.text.HAL_SD_IRQHandler)
    [Anonymous Symbol]                       0x0800105c   Section        0  stm32f4xx_hal_sd.o(.text.HAL_SD_Init)
    [Anonymous Symbol]                       0x0800109c   Section        0  stm32f4xx_hal_sd.o(.text.HAL_SD_InitCard)
    [Anonymous Symbol]                       0x08001104   Section        0  sdio.o(.text.HAL_SD_MspInit)
    [Anonymous Symbol]                       0x080011c0   Section        0  stm32f4xx_hal_sd.o(.text.HAL_SD_ReadBlocks)
    [Anonymous Symbol]                       0x080013d8   Section        0  bsp_driver_sd.o(.text.HAL_SD_RxCpltCallback)
    [Anonymous Symbol]                       0x080013e0   Section        0  bsp_driver_sd.o(.text.HAL_SD_TxCpltCallback)
    [Anonymous Symbol]                       0x080013e8   Section        0  stm32f4xx_hal_sd.o(.text.HAL_SD_WriteBlocks)
    [Anonymous Symbol]                       0x080015e4   Section        0  stm32f4xx_hal_cortex.o(.text.HAL_SYSTICK_Config)
    [Anonymous Symbol]                       0x080015ec   Section        0  stm32f4xx_hal_uart.o(.text.HAL_UART_Init)
    [Anonymous Symbol]                       0x0800164c   Section        0  usart.o(.text.HAL_UART_MspInit)
    [Anonymous Symbol]                       0x080016f8   Section        0  stm32f4xx_it.o(.text.HardFault_Handler)
    [Anonymous Symbol]                       0x080016fc   Section        0  fatfs.o(.text.MX_FATFS_Init)
    [Anonymous Symbol]                       0x08001720   Section        0  gpio.o(.text.MX_GPIO_Init)
    [Anonymous Symbol]                       0x08001794   Section        0  sdio.o(.text.MX_SDIO_SD_Init)
    [Anonymous Symbol]                       0x080017b8   Section        0  usart.o(.text.MX_USART1_UART_Init)
    [Anonymous Symbol]                       0x080017f0   Section        0  stm32f4xx_it.o(.text.MemManage_Handler)
    [Anonymous Symbol]                       0x080017f4   Section        0  stm32f4xx_it.o(.text.NMI_Handler)
    NVIC_EncodePriority                      0x080017f9   Thumb Code    44  stm32f4xx_hal_cortex.o(.text.NVIC_EncodePriority)
    [Anonymous Symbol]                       0x080017f8   Section        0  stm32f4xx_hal_cortex.o(.text.NVIC_EncodePriority)
    [Anonymous Symbol]                       0x08001824   Section        0  stm32f4xx_it.o(.text.PendSV_Handler)
    [Anonymous Symbol]                       0x08001828   Section        0  stm32f4xx_ll_sdmmc.o(.text.SDIO_ConfigData)
    [Anonymous Symbol]                       0x08001850   Section        0  stm32f4xx_ll_sdmmc.o(.text.SDIO_GetCommandResponse)
    [Anonymous Symbol]                       0x08001858   Section        0  stm32f4xx_ll_sdmmc.o(.text.SDIO_GetPowerState)
    [Anonymous Symbol]                       0x08001860   Section        0  stm32f4xx_ll_sdmmc.o(.text.SDIO_GetResponse)
    [Anonymous Symbol]                       0x08001868   Section        0  stm32f4xx_it.o(.text.SDIO_IRQHandler)
    [Anonymous Symbol]                       0x08001878   Section        0  stm32f4xx_ll_sdmmc.o(.text.SDIO_Init)
    [Anonymous Symbol]                       0x080018a4   Section        0  stm32f4xx_ll_sdmmc.o(.text.SDIO_PowerState_ON)
    [Anonymous Symbol]                       0x080018b4   Section        0  stm32f4xx_ll_sdmmc.o(.text.SDIO_ReadFIFO)
    [Anonymous Symbol]                       0x080018bc   Section        0  stm32f4xx_ll_sdmmc.o(.text.SDIO_SendCommand)
    [Anonymous Symbol]                       0x080018e8   Section        0  stm32f4xx_ll_sdmmc.o(.text.SDIO_WriteFIFO)
    [Anonymous Symbol]                       0x080018f4   Section        0  stm32f4xx_ll_sdmmc.o(.text.SDMMC_CmdAppCommand)
    [Anonymous Symbol]                       0x08001928   Section        0  stm32f4xx_ll_sdmmc.o(.text.SDMMC_CmdAppOperCommand)
    [Anonymous Symbol]                       0x0800195c   Section        0  stm32f4xx_ll_sdmmc.o(.text.SDMMC_CmdBlockLength)
    [Anonymous Symbol]                       0x08001990   Section        0  stm32f4xx_ll_sdmmc.o(.text.SDMMC_CmdBusWidth)
    [Anonymous Symbol]                       0x080019c4   Section        0  stm32f4xx_ll_sdmmc.o(.text.SDMMC_CmdGoIdleState)
    [Anonymous Symbol]                       0x080019ec   Section        0  stm32f4xx_ll_sdmmc.o(.text.SDMMC_CmdOperCond)
    [Anonymous Symbol]                       0x08001a1c   Section        0  stm32f4xx_ll_sdmmc.o(.text.SDMMC_CmdReadMultiBlock)
    [Anonymous Symbol]                       0x08001a50   Section        0  stm32f4xx_ll_sdmmc.o(.text.SDMMC_CmdReadSingleBlock)
    [Anonymous Symbol]                       0x08001a84   Section        0  stm32f4xx_ll_sdmmc.o(.text.SDMMC_CmdSelDesel)
    [Anonymous Symbol]                       0x08001ab8   Section        0  stm32f4xx_ll_sdmmc.o(.text.SDMMC_CmdSendCID)
    [Anonymous Symbol]                       0x08001ae4   Section        0  stm32f4xx_ll_sdmmc.o(.text.SDMMC_CmdSendCSD)
    [Anonymous Symbol]                       0x08001b10   Section        0  stm32f4xx_ll_sdmmc.o(.text.SDMMC_CmdSendSCR)
    [Anonymous Symbol]                       0x08001b44   Section        0  stm32f4xx_ll_sdmmc.o(.text.SDMMC_CmdSendStatus)
    [Anonymous Symbol]                       0x08001b78   Section        0  stm32f4xx_ll_sdmmc.o(.text.SDMMC_CmdSetRelAdd)
    [Anonymous Symbol]                       0x08001ba8   Section        0  stm32f4xx_ll_sdmmc.o(.text.SDMMC_CmdStopTransfer)
    [Anonymous Symbol]                       0x08001be0   Section        0  stm32f4xx_ll_sdmmc.o(.text.SDMMC_CmdWriteMultiBlock)
    [Anonymous Symbol]                       0x08001c14   Section        0  stm32f4xx_ll_sdmmc.o(.text.SDMMC_CmdWriteSingleBlock)
    SDMMC_GetCmdError                        0x08001c49   Thumb Code    56  stm32f4xx_ll_sdmmc.o(.text.SDMMC_GetCmdError)
    [Anonymous Symbol]                       0x08001c48   Section        0  stm32f4xx_ll_sdmmc.o(.text.SDMMC_GetCmdError)
    SDMMC_GetCmdResp1                        0x08001c81   Thumb Code   306  stm32f4xx_ll_sdmmc.o(.text.SDMMC_GetCmdResp1)
    [Anonymous Symbol]                       0x08001c80   Section        0  stm32f4xx_ll_sdmmc.o(.text.SDMMC_GetCmdResp1)
    SDMMC_GetCmdResp2                        0x08001db5   Thumb Code    88  stm32f4xx_ll_sdmmc.o(.text.SDMMC_GetCmdResp2)
    [Anonymous Symbol]                       0x08001db4   Section        0  stm32f4xx_ll_sdmmc.o(.text.SDMMC_GetCmdResp2)
    SDMMC_GetCmdResp3                        0x08001e0d   Thumb Code    74  stm32f4xx_ll_sdmmc.o(.text.SDMMC_GetCmdResp3)
    [Anonymous Symbol]                       0x08001e0c   Section        0  stm32f4xx_ll_sdmmc.o(.text.SDMMC_GetCmdResp3)
    SDMMC_GetCmdResp6                        0x08001e59   Thumb Code   152  stm32f4xx_ll_sdmmc.o(.text.SDMMC_GetCmdResp6)
    [Anonymous Symbol]                       0x08001e58   Section        0  stm32f4xx_ll_sdmmc.o(.text.SDMMC_GetCmdResp6)
    SDMMC_GetCmdResp7                        0x08001ef1   Thumb Code    98  stm32f4xx_ll_sdmmc.o(.text.SDMMC_GetCmdResp7)
    [Anonymous Symbol]                       0x08001ef0   Section        0  stm32f4xx_ll_sdmmc.o(.text.SDMMC_GetCmdResp7)
    SD_CheckStatus                           0x08001f55   Thumb Code    36  sd_diskio.o(.text.SD_CheckStatus)
    [Anonymous Symbol]                       0x08001f54   Section        0  sd_diskio.o(.text.SD_CheckStatus)
    SD_DMARxAbort                            0x08001f79   Thumb Code    66  stm32f4xx_hal_sd.o(.text.SD_DMARxAbort)
    [Anonymous Symbol]                       0x08001f78   Section        0  stm32f4xx_hal_sd.o(.text.SD_DMARxAbort)
    SD_DMATxAbort                            0x08001fbd   Thumb Code    66  stm32f4xx_hal_sd.o(.text.SD_DMATxAbort)
    [Anonymous Symbol]                       0x08001fbc   Section        0  stm32f4xx_hal_sd.o(.text.SD_DMATxAbort)
    SD_FindSCR                               0x08002001   Thumb Code   210  stm32f4xx_hal_sd.o(.text.SD_FindSCR)
    [Anonymous Symbol]                       0x08002000   Section        0  stm32f4xx_hal_sd.o(.text.SD_FindSCR)
    SD_InitCard                              0x080020d5   Thumb Code   252  stm32f4xx_hal_sd.o(.text.SD_InitCard)
    [Anonymous Symbol]                       0x080020d4   Section        0  stm32f4xx_hal_sd.o(.text.SD_InitCard)
    SD_PowerON                               0x080021d1   Thumb Code   176  stm32f4xx_hal_sd.o(.text.SD_PowerON)
    [Anonymous Symbol]                       0x080021d0   Section        0  stm32f4xx_hal_sd.o(.text.SD_PowerON)
    SD_Read_IT                               0x08002281   Thumb Code    44  stm32f4xx_hal_sd.o(.text.SD_Read_IT)
    [Anonymous Symbol]                       0x08002280   Section        0  stm32f4xx_hal_sd.o(.text.SD_Read_IT)
    SD_SendStatus                            0x080022ad   Thumb Code    48  stm32f4xx_hal_sd.o(.text.SD_SendStatus)
    [Anonymous Symbol]                       0x080022ac   Section        0  stm32f4xx_hal_sd.o(.text.SD_SendStatus)
    SD_WideBus_Disable                       0x080022dd   Thumb Code    88  stm32f4xx_hal_sd.o(.text.SD_WideBus_Disable)
    [Anonymous Symbol]                       0x080022dc   Section        0  stm32f4xx_hal_sd.o(.text.SD_WideBus_Disable)
    SD_WideBus_Enable                        0x08002335   Thumb Code    88  stm32f4xx_hal_sd.o(.text.SD_WideBus_Enable)
    [Anonymous Symbol]                       0x08002334   Section        0  stm32f4xx_hal_sd.o(.text.SD_WideBus_Enable)
    SD_Write_IT                              0x0800238d   Thumb Code    86  stm32f4xx_hal_sd.o(.text.SD_Write_IT)
    [Anonymous Symbol]                       0x0800238c   Section        0  stm32f4xx_hal_sd.o(.text.SD_Write_IT)
    [Anonymous Symbol]                       0x080023e4   Section        0  sd_diskio.o(.text.SD_initialize)
    [Anonymous Symbol]                       0x08002408   Section        0  sd_diskio.o(.text.SD_ioctl)
    [Anonymous Symbol]                       0x08002460   Section        0  sd_diskio.o(.text.SD_read)
    [Anonymous Symbol]                       0x08002484   Section        0  sd_diskio.o(.text.SD_status)
    [Anonymous Symbol]                       0x0800248c   Section        0  sd_diskio.o(.text.SD_write)
    [Anonymous Symbol]                       0x080024b0   Section        0  stm32f4xx_it.o(.text.SVC_Handler)
    SysTick_Config                           0x080024b5   Thumb Code    46  stm32f4xx_hal_cortex.o(.text.SysTick_Config)
    [Anonymous Symbol]                       0x080024b4   Section        0  stm32f4xx_hal_cortex.o(.text.SysTick_Config)
    [Anonymous Symbol]                       0x080024e4   Section        0  stm32f4xx_it.o(.text.SysTick_Handler)
    [Anonymous Symbol]                       0x080024ec   Section        0  main.o(.text.SystemClock_Config)
    [Anonymous Symbol]                       0x08002588   Section        0  system_stm32f4xx.o(.text.SystemInit)
    UART_SetConfig                           0x080025a5   Thumb Code   364  stm32f4xx_hal_uart.o(.text.UART_SetConfig)
    [Anonymous Symbol]                       0x080025a4   Section        0  stm32f4xx_hal_uart.o(.text.UART_SetConfig)
    [Anonymous Symbol]                       0x08002710   Section        0  stm32f4xx_it.o(.text.UsageFault_Handler)
    __NVIC_EnableIRQ                         0x08002715   Thumb Code    32  stm32f4xx_hal_cortex.o(.text.__NVIC_EnableIRQ)
    [Anonymous Symbol]                       0x08002714   Section        0  stm32f4xx_hal_cortex.o(.text.__NVIC_EnableIRQ)
    __NVIC_GetPriorityGrouping               0x08002735   Thumb Code    16  stm32f4xx_hal_cortex.o(.text.__NVIC_GetPriorityGrouping)
    [Anonymous Symbol]                       0x08002734   Section        0  stm32f4xx_hal_cortex.o(.text.__NVIC_GetPriorityGrouping)
    __NVIC_SetPriority                       0x08002745   Thumb Code    34  stm32f4xx_hal_cortex.o(.text.__NVIC_SetPriority)
    [Anonymous Symbol]                       0x08002744   Section        0  stm32f4xx_hal_cortex.o(.text.__NVIC_SetPriority)
    __NVIC_SetPriorityGrouping               0x08002769   Thumb Code    32  stm32f4xx_hal_cortex.o(.text.__NVIC_SetPriorityGrouping)
    [Anonymous Symbol]                       0x08002768   Section        0  stm32f4xx_hal_cortex.o(.text.__NVIC_SetPriorityGrouping)
    [Anonymous Symbol]                       0x08002788   Section        0  usart.o(.text.fputc)
    [Anonymous Symbol]                       0x0800279c   Section        0  main.o(.text.main)
    i.__0printf$4                            0x080028d0   Section        0  printf4.o(i.__0printf$4)
    i.__scatterload_copy                     0x080028f0   Section       14  handlers.o(i.__scatterload_copy)
    i.__scatterload_null                     0x080028fe   Section        2  handlers.o(i.__scatterload_null)
    i.__scatterload_zeroinit                 0x08002900   Section       14  handlers.o(i.__scatterload_zeroinit)
    _printf_core                             0x08002911   Thumb Code   552  printf4.o(i._printf_core)
    i._printf_core                           0x08002910   Section        0  printf4.o(i._printf_core)
    i.puts                                   0x08002b3c   Section        0  puts.o(i.puts)
    .Lstr.11                                 0x08002b8c   Data          20  main.o(.rodata.str1.1)
    [Anonymous Symbol]                       0x08002b8c   Section        0  main.o(.rodata.str1.1)
    .Lstr.12                                 0x08002ba0   Data          22  main.o(.rodata.str1.1)
    .data                                    0x20000000   Section        4  stdout.o(.data)
    Stat                                     0x20000004   Data           1  sd_diskio.o(.data.Stat)
    [Anonymous Symbol]                       0x20000004   Section        0  sd_diskio.o(.data.Stat)
    STACK                                    0x200000f8   Section     1024  startup_stm32f407xx.o(STACK)

    Global Symbols

    Symbol Name                              Value     Ov Type        Size  Object(Section)

    BuildAttributes$$THM_ISAv4$E$P$D$K$B$S$7EM$VFPi3$EXTD16$VFPS$VFMA$PE$A:L22UL41UL21$X:L11$S22US41US21$IEEE1$IW$~IW$USESV6$~STKCKD$USESV7$~SHL$OTIME$ROPI$EBA8$MICROLIB$REQ8$PRES8$EABIv2 0x00000000   Number         0  anon$$obj.o ABSOLUTE
    _printf_a                                0x00000000   Number         0  printfstubs.o ABSOLUTE
    _printf_c                                0x00000000   Number         0  printfstubs.o ABSOLUTE
    _printf_charcount                        0x00000000   Number         0  printfstubs.o ABSOLUTE
    _printf_d                                0x00000000   Number         0  printfstubs.o ABSOLUTE
    _printf_e                                0x00000000   Number         0  printfstubs.o ABSOLUTE
    _printf_f                                0x00000000   Number         0  printfstubs.o ABSOLUTE
    _printf_flags                            0x00000000   Number         0  printfstubs.o ABSOLUTE
    _printf_fp_dec                           0x00000000   Number         0  printfstubs.o ABSOLUTE
    _printf_fp_hex                           0x00000000   Number         0  printfstubs.o ABSOLUTE
    _printf_g                                0x00000000   Number         0  printfstubs.o ABSOLUTE
    _printf_i                                0x00000000   Number         0  printfstubs.o ABSOLUTE
    _printf_int_dec                          0x00000000   Number         0  printfstubs.o ABSOLUTE
    _printf_l                                0x00000000   Number         0  printfstubs.o ABSOLUTE
    _printf_lc                               0x00000000   Number         0  printfstubs.o ABSOLUTE
    _printf_ll                               0x00000000   Number         0  printfstubs.o ABSOLUTE
    _printf_lld                              0x00000000   Number         0  printfstubs.o ABSOLUTE
    _printf_lli                              0x00000000   Number         0  printfstubs.o ABSOLUTE
    _printf_llo                              0x00000000   Number         0  printfstubs.o ABSOLUTE
    _printf_llu                              0x00000000   Number         0  printfstubs.o ABSOLUTE
    _printf_llx                              0x00000000   Number         0  printfstubs.o ABSOLUTE
    _printf_longlong_dec                     0x00000000   Number         0  printfstubs.o ABSOLUTE
    _printf_longlong_hex                     0x00000000   Number         0  printfstubs.o ABSOLUTE
    _printf_longlong_oct                     0x00000000   Number         0  printfstubs.o ABSOLUTE
    _printf_ls                               0x00000000   Number         0  printfstubs.o ABSOLUTE
    _printf_mbtowc                           0x00000000   Number         0  printfstubs.o ABSOLUTE
    _printf_n                                0x00000000   Number         0  printfstubs.o ABSOLUTE
    _printf_o                                0x00000000   Number         0  printfstubs.o ABSOLUTE
    _printf_p                                0x00000000   Number         0  printfstubs.o ABSOLUTE
    _printf_percent                          0x00000000   Number         0  printfstubs.o ABSOLUTE
    _printf_pre_padding                      0x00000000   Number         0  printfstubs.o ABSOLUTE
    _printf_return_value                     0x00000000   Number         0  printfstubs.o ABSOLUTE
    _printf_s                                0x00000000   Number         0  printfstubs.o ABSOLUTE
    _printf_sizespec                         0x00000000   Number         0  printfstubs.o ABSOLUTE
    _printf_str                              0x00000000   Number         0  printfstubs.o ABSOLUTE
    _printf_truncate_signed                  0x00000000   Number         0  printfstubs.o ABSOLUTE
    _printf_truncate_unsigned                0x00000000   Number         0  printfstubs.o ABSOLUTE
    _printf_u                                0x00000000   Number         0  printfstubs.o ABSOLUTE
    _printf_wc                               0x00000000   Number         0  printfstubs.o ABSOLUTE
    _printf_wctomb                           0x00000000   Number         0  printfstubs.o ABSOLUTE
    _printf_widthprec                        0x00000000   Number         0  printfstubs.o ABSOLUTE
    _printf_x                                0x00000000   Number         0  printfstubs.o ABSOLUTE
    __cpp_initialize__aeabi_                  - Undefined Weak Reference
    __cxa_finalize                            - Undefined Weak Reference
    __decompress                              - Undefined Weak Reference
    _clock_init                               - Undefined Weak Reference
    _microlib_exit                            - Undefined Weak Reference
    __Vectors_Size                           0x00000188   Number         0  startup_stm32f407xx.o ABSOLUTE
    __Vectors                                0x08000000   Data           4  startup_stm32f407xx.o(RESET)
    __Vectors_End                            0x08000188   Data           0  startup_stm32f407xx.o(RESET)
    __main                                   0x08000189   Thumb Code     0  entry.o(.ARM.Collect$$$$00000000)
    _main_stk                                0x08000189   Thumb Code     0  entry2.o(.ARM.Collect$$$$00000001)
    _main_scatterload                        0x0800018d   Thumb Code     0  entry5.o(.ARM.Collect$$$$00000004)
    __main_after_scatterload                 0x08000191   Thumb Code     0  entry5.o(.ARM.Collect$$$$00000004)
    _main_clock                              0x08000191   Thumb Code     0  entry7b.o(.ARM.Collect$$$$00000008)
    _main_cpp_init                           0x08000191   Thumb Code     0  entry8b.o(.ARM.Collect$$$$0000000A)
    _main_init                               0x08000191   Thumb Code     0  entry9a.o(.ARM.Collect$$$$0000000B)
    __rt_final_cpp                           0x08000199   Thumb Code     0  entry10a.o(.ARM.Collect$$$$0000000D)
    __rt_final_exit                          0x08000199   Thumb Code     0  entry11a.o(.ARM.Collect$$$$0000000F)
    Reset_Handler                            0x0800019d   Thumb Code     8  startup_stm32f407xx.o(.text)
    ADC_IRQHandler                           0x080001b7   Thumb Code     0  startup_stm32f407xx.o(.text)
    CAN1_RX0_IRQHandler                      0x080001b7   Thumb Code     0  startup_stm32f407xx.o(.text)
    CAN1_RX1_IRQHandler                      0x080001b7   Thumb Code     0  startup_stm32f407xx.o(.text)
    CAN1_SCE_IRQHandler                      0x080001b7   Thumb Code     0  startup_stm32f407xx.o(.text)
    CAN1_TX_IRQHandler                       0x080001b7   Thumb Code     0  startup_stm32f407xx.o(.text)
    CAN2_RX0_IRQHandler                      0x080001b7   Thumb Code     0  startup_stm32f407xx.o(.text)
    CAN2_RX1_IRQHandler                      0x080001b7   Thumb Code     0  startup_stm32f407xx.o(.text)
    CAN2_SCE_IRQHandler                      0x080001b7   Thumb Code     0  startup_stm32f407xx.o(.text)
    CAN2_TX_IRQHandler                       0x080001b7   Thumb Code     0  startup_stm32f407xx.o(.text)
    DCMI_IRQHandler                          0x080001b7   Thumb Code     0  startup_stm32f407xx.o(.text)
    DMA1_Stream0_IRQHandler                  0x080001b7   Thumb Code     0  startup_stm32f407xx.o(.text)
    DMA1_Stream1_IRQHandler                  0x080001b7   Thumb Code     0  startup_stm32f407xx.o(.text)
    DMA1_Stream2_IRQHandler                  0x080001b7   Thumb Code     0  startup_stm32f407xx.o(.text)
    DMA1_Stream3_IRQHandler                  0x080001b7   Thumb Code     0  startup_stm32f407xx.o(.text)
    DMA1_Stream4_IRQHandler                  0x080001b7   Thumb Code     0  startup_stm32f407xx.o(.text)
    DMA1_Stream5_IRQHandler                  0x080001b7   Thumb Code     0  startup_stm32f407xx.o(.text)
    DMA1_Stream6_IRQHandler                  0x080001b7   Thumb Code     0  startup_stm32f407xx.o(.text)
    DMA1_Stream7_IRQHandler                  0x080001b7   Thumb Code     0  startup_stm32f407xx.o(.text)
    DMA2_Stream0_IRQHandler                  0x080001b7   Thumb Code     0  startup_stm32f407xx.o(.text)
    DMA2_Stream1_IRQHandler                  0x080001b7   Thumb Code     0  startup_stm32f407xx.o(.text)
    DMA2_Stream2_IRQHandler                  0x080001b7   Thumb Code     0  startup_stm32f407xx.o(.text)
    DMA2_Stream3_IRQHandler                  0x080001b7   Thumb Code     0  startup_stm32f407xx.o(.text)
    DMA2_Stream4_IRQHandler                  0x080001b7   Thumb Code     0  startup_stm32f407xx.o(.text)
    DMA2_Stream5_IRQHandler                  0x080001b7   Thumb Code     0  startup_stm32f407xx.o(.text)
    DMA2_Stream6_IRQHandler                  0x080001b7   Thumb Code     0  startup_stm32f407xx.o(.text)
    DMA2_Stream7_IRQHandler                  0x080001b7   Thumb Code     0  startup_stm32f407xx.o(.text)
    ETH_IRQHandler                           0x080001b7   Thumb Code     0  startup_stm32f407xx.o(.text)
    ETH_WKUP_IRQHandler                      0x080001b7   Thumb Code     0  startup_stm32f407xx.o(.text)
    EXTI0_IRQHandler                         0x080001b7   Thumb Code     0  startup_stm32f407xx.o(.text)
    EXTI15_10_IRQHandler                     0x080001b7   Thumb Code     0  startup_stm32f407xx.o(.text)
    EXTI1_IRQHandler                         0x080001b7   Thumb Code     0  startup_stm32f407xx.o(.text)
    EXTI2_IRQHandler                         0x080001b7   Thumb Code     0  startup_stm32f407xx.o(.text)
    EXTI3_IRQHandler                         0x080001b7   Thumb Code     0  startup_stm32f407xx.o(.text)
    EXTI4_IRQHandler                         0x080001b7   Thumb Code     0  startup_stm32f407xx.o(.text)
    EXTI9_5_IRQHandler                       0x080001b7   Thumb Code     0  startup_stm32f407xx.o(.text)
    FLASH_IRQHandler                         0x080001b7   Thumb Code     0  startup_stm32f407xx.o(.text)
    FMC_IRQHandler                           0x080001b7   Thumb Code     0  startup_stm32f407xx.o(.text)
    FPU_IRQHandler                           0x080001b7   Thumb Code     0  startup_stm32f407xx.o(.text)
    HASH_RNG_IRQHandler                      0x080001b7   Thumb Code     0  startup_stm32f407xx.o(.text)
    I2C1_ER_IRQHandler                       0x080001b7   Thumb Code     0  startup_stm32f407xx.o(.text)
    I2C1_EV_IRQHandler                       0x080001b7   Thumb Code     0  startup_stm32f407xx.o(.text)
    I2C2_ER_IRQHandler                       0x080001b7   Thumb Code     0  startup_stm32f407xx.o(.text)
    I2C2_EV_IRQHandler                       0x080001b7   Thumb Code     0  startup_stm32f407xx.o(.text)
    I2C3_ER_IRQHandler                       0x080001b7   Thumb Code     0  startup_stm32f407xx.o(.text)
    I2C3_EV_IRQHandler                       0x080001b7   Thumb Code     0  startup_stm32f407xx.o(.text)
    OTG_FS_IRQHandler                        0x080001b7   Thumb Code     0  startup_stm32f407xx.o(.text)
    OTG_FS_WKUP_IRQHandler                   0x080001b7   Thumb Code     0  startup_stm32f407xx.o(.text)
    OTG_HS_EP1_IN_IRQHandler                 0x080001b7   Thumb Code     0  startup_stm32f407xx.o(.text)
    OTG_HS_EP1_OUT_IRQHandler                0x080001b7   Thumb Code     0  startup_stm32f407xx.o(.text)
    OTG_HS_IRQHandler                        0x080001b7   Thumb Code     0  startup_stm32f407xx.o(.text)
    OTG_HS_WKUP_IRQHandler                   0x080001b7   Thumb Code     0  startup_stm32f407xx.o(.text)
    PVD_IRQHandler                           0x080001b7   Thumb Code     0  startup_stm32f407xx.o(.text)
    RCC_IRQHandler                           0x080001b7   Thumb Code     0  startup_stm32f407xx.o(.text)
    RTC_Alarm_IRQHandler                     0x080001b7   Thumb Code     0  startup_stm32f407xx.o(.text)
    RTC_WKUP_IRQHandler                      0x080001b7   Thumb Code     0  startup_stm32f407xx.o(.text)
    SPI1_IRQHandler                          0x080001b7   Thumb Code     0  startup_stm32f407xx.o(.text)
    SPI2_IRQHandler                          0x080001b7   Thumb Code     0  startup_stm32f407xx.o(.text)
    SPI3_IRQHandler                          0x080001b7   Thumb Code     0  startup_stm32f407xx.o(.text)
    TAMP_STAMP_IRQHandler                    0x080001b7   Thumb Code     0  startup_stm32f407xx.o(.text)
    TIM1_BRK_TIM9_IRQHandler                 0x080001b7   Thumb Code     0  startup_stm32f407xx.o(.text)
    TIM1_CC_IRQHandler                       0x080001b7   Thumb Code     0  startup_stm32f407xx.o(.text)
    TIM1_TRG_COM_TIM11_IRQHandler            0x080001b7   Thumb Code     0  startup_stm32f407xx.o(.text)
    TIM1_UP_TIM10_IRQHandler                 0x080001b7   Thumb Code     0  startup_stm32f407xx.o(.text)
    TIM2_IRQHandler                          0x080001b7   Thumb Code     0  startup_stm32f407xx.o(.text)
    TIM3_IRQHandler                          0x080001b7   Thumb Code     0  startup_stm32f407xx.o(.text)
    TIM4_IRQHandler                          0x080001b7   Thumb Code     0  startup_stm32f407xx.o(.text)
    TIM5_IRQHandler                          0x080001b7   Thumb Code     0  startup_stm32f407xx.o(.text)
    TIM6_DAC_IRQHandler                      0x080001b7   Thumb Code     0  startup_stm32f407xx.o(.text)
    TIM7_IRQHandler                          0x080001b7   Thumb Code     0  startup_stm32f407xx.o(.text)
    TIM8_BRK_TIM12_IRQHandler                0x080001b7   Thumb Code     0  startup_stm32f407xx.o(.text)
    TIM8_CC_IRQHandler                       0x080001b7   Thumb Code     0  startup_stm32f407xx.o(.text)
    TIM8_TRG_COM_TIM14_IRQHandler            0x080001b7   Thumb Code     0  startup_stm32f407xx.o(.text)
    TIM8_UP_TIM13_IRQHandler                 0x080001b7   Thumb Code     0  startup_stm32f407xx.o(.text)
    UART4_IRQHandler                         0x080001b7   Thumb Code     0  startup_stm32f407xx.o(.text)
    UART5_IRQHandler                         0x080001b7   Thumb Code     0  startup_stm32f407xx.o(.text)
    USART1_IRQHandler                        0x080001b7   Thumb Code     0  startup_stm32f407xx.o(.text)
    USART2_IRQHandler                        0x080001b7   Thumb Code     0  startup_stm32f407xx.o(.text)
    USART3_IRQHandler                        0x080001b7   Thumb Code     0  startup_stm32f407xx.o(.text)
    USART6_IRQHandler                        0x080001b7   Thumb Code     0  startup_stm32f407xx.o(.text)
    WWDG_IRQHandler                          0x080001b7   Thumb Code     0  startup_stm32f407xx.o(.text)
    __aeabi_uldivmod                         0x080001c1   Thumb Code    98  uldiv.o(.text)
    __aeabi_memset                           0x08000223   Thumb Code    14  memseta.o(.text)
    __aeabi_memset4                          0x08000223   Thumb Code     0  memseta.o(.text)
    __aeabi_memset8                          0x08000223   Thumb Code     0  memseta.o(.text)
    __aeabi_memclr                           0x08000231   Thumb Code     4  memseta.o(.text)
    __aeabi_memclr4                          0x08000231   Thumb Code     0  memseta.o(.text)
    __aeabi_memclr8                          0x08000231   Thumb Code     0  memseta.o(.text)
    _memset$wrapper                          0x08000235   Thumb Code    18  memseta.o(.text)
    __aeabi_llsl                             0x08000247   Thumb Code    30  llshl.o(.text)
    _ll_shift_l                              0x08000247   Thumb Code     0  llshl.o(.text)
    __aeabi_llsr                             0x08000265   Thumb Code    32  llushr.o(.text)
    _ll_ushift_r                             0x08000265   Thumb Code     0  llushr.o(.text)
    __scatterload                            0x08000285   Thumb Code    28  init.o(.text)
    __scatterload_rt2                        0x08000285   Thumb Code     0  init.o(.text)
    BSP_SD_AbortCallback                     0x080002a9   Thumb Code     2  bsp_driver_sd.o(.text.BSP_SD_AbortCallback)
    BSP_SD_GetCardInfo                       0x080002ad   Thumb Code    18  bsp_driver_sd.o(.text.BSP_SD_GetCardInfo)
    BSP_SD_GetCardState                      0x080002c1   Thumb Code    22  bsp_driver_sd.o(.text.BSP_SD_GetCardState)
    BSP_SD_Init                              0x080002d9   Thumb Code    60  bsp_driver_sd.o(.text.BSP_SD_Init)
    BSP_SD_IsDetected                        0x08000315   Thumb Code    16  bsp_driver_sd.o(.text.BSP_SD_IsDetected)
    BSP_SD_ReadBlocks                        0x08000325   Thumb Code    38  bsp_driver_sd.o(.text.BSP_SD_ReadBlocks)
    BSP_SD_ReadCpltCallback                  0x0800034d   Thumb Code     2  bsp_driver_sd.o(.text.BSP_SD_ReadCpltCallback)
    BSP_SD_WriteBlocks                       0x08000351   Thumb Code    38  bsp_driver_sd.o(.text.BSP_SD_WriteBlocks)
    BSP_SD_WriteCpltCallback                 0x08000379   Thumb Code     2  bsp_driver_sd.o(.text.BSP_SD_WriteCpltCallback)
    BusFault_Handler                         0x0800037d   Thumb Code     2  stm32f4xx_it.o(.text.BusFault_Handler)
    DebugMon_Handler                         0x08000381   Thumb Code     2  stm32f4xx_it.o(.text.DebugMon_Handler)
    Error_Handler                            0x08000385   Thumb Code     2  main.o(.text.Error_Handler)
    FATFS_LinkDriver                         0x08000389   Thumb Code    10  ff_gen_drv.o(.text.FATFS_LinkDriver)
    FATFS_LinkDriverEx                       0x08000395   Thumb Code    80  ff_gen_drv.o(.text.FATFS_LinkDriverEx)
    HAL_DMA_Abort_IT                         0x080003e5   Thumb Code    36  stm32f4xx_hal_dma.o(.text.HAL_DMA_Abort_IT)
    HAL_Delay                                0x08000409   Thumb Code    40  stm32f4xx_hal.o(.text.HAL_Delay)
    HAL_GPIO_Init                            0x08000431   Thumb Code   404  stm32f4xx_hal_gpio.o(.text.HAL_GPIO_Init)
    HAL_GetTick                              0x080005c5   Thumb Code    12  stm32f4xx_hal.o(.text.HAL_GetTick)
    HAL_IncTick                              0x080005d1   Thumb Code    26  stm32f4xx_hal.o(.text.HAL_IncTick)
    HAL_Init                                 0x080005ed   Thumb Code    54  stm32f4xx_hal.o(.text.HAL_Init)
    HAL_InitTick                             0x08000625   Thumb Code    80  stm32f4xx_hal.o(.text.HAL_InitTick)
    HAL_MspInit                              0x08000675   Thumb Code    56  stm32f4xx_hal_msp.o(.text.HAL_MspInit)
    HAL_NVIC_EnableIRQ                       0x080006ad   Thumb Code     8  stm32f4xx_hal_cortex.o(.text.HAL_NVIC_EnableIRQ)
    HAL_NVIC_SetPriority                     0x080006b5   Thumb Code    30  stm32f4xx_hal_cortex.o(.text.HAL_NVIC_SetPriority)
    HAL_NVIC_SetPriorityGrouping             0x080006d5   Thumb Code     8  stm32f4xx_hal_cortex.o(.text.HAL_NVIC_SetPriorityGrouping)
    HAL_RCC_ClockConfig                      0x080006dd   Thumb Code   352  stm32f4xx_hal_rcc.o(.text.HAL_RCC_ClockConfig)
    HAL_RCC_GetHCLKFreq                      0x0800083d   Thumb Code    12  stm32f4xx_hal_rcc.o(.text.HAL_RCC_GetHCLKFreq)
    HAL_RCC_GetPCLK1Freq                     0x08000849   Thumb Code    34  stm32f4xx_hal_rcc.o(.text.HAL_RCC_GetPCLK1Freq)
    HAL_RCC_GetPCLK2Freq                     0x0800086d   Thumb Code    34  stm32f4xx_hal_rcc.o(.text.HAL_RCC_GetPCLK2Freq)
    HAL_RCC_GetSysClockFreq                  0x08000891   Thumb Code   106  stm32f4xx_hal_rcc.o(.text.HAL_RCC_GetSysClockFreq)
    HAL_RCC_OscConfig                        0x080008fd   Thumb Code   820  stm32f4xx_hal_rcc.o(.text.HAL_RCC_OscConfig)
    HAL_SD_AbortCallback                     0x08000c31   Thumb Code     8  bsp_driver_sd.o(.text.HAL_SD_AbortCallback)
    HAL_SD_ConfigWideBusOperation            0x08000c39   Thumb Code   114  stm32f4xx_hal_sd.o(.text.HAL_SD_ConfigWideBusOperation)
    HAL_SD_ErrorCallback                     0x08000cad   Thumb Code     2  stm32f4xx_hal_sd.o(.text.HAL_SD_ErrorCallback)
    HAL_SD_GetCardCID                        0x08000cb1   Thumb Code    72  stm32f4xx_hal_sd.o(.text.HAL_SD_GetCardCID)
    HAL_SD_GetCardCSD                        0x08000cf9   Thumb Code   376  stm32f4xx_hal_sd.o(.text.HAL_SD_GetCardCSD)
    HAL_SD_GetCardInfo                       0x08000e71   Thumb Code    36  stm32f4xx_hal_sd.o(.text.HAL_SD_GetCardInfo)
    HAL_SD_GetCardState                      0x08000e95   Thumb Code    36  stm32f4xx_hal_sd.o(.text.HAL_SD_GetCardState)
    HAL_SD_IRQHandler                        0x08000eb9   Thumb Code   418  stm32f4xx_hal_sd.o(.text.HAL_SD_IRQHandler)
    HAL_SD_Init                              0x0800105d   Thumb Code    62  stm32f4xx_hal_sd.o(.text.HAL_SD_Init)
    HAL_SD_InitCard                          0x0800109d   Thumb Code   104  stm32f4xx_hal_sd.o(.text.HAL_SD_InitCard)
    HAL_SD_MspInit                           0x08001105   Thumb Code   188  sdio.o(.text.HAL_SD_MspInit)
    HAL_SD_ReadBlocks                        0x080011c1   Thumb Code   534  stm32f4xx_hal_sd.o(.text.HAL_SD_ReadBlocks)
    HAL_SD_RxCpltCallback                    0x080013d9   Thumb Code     8  bsp_driver_sd.o(.text.HAL_SD_RxCpltCallback)
    HAL_SD_TxCpltCallback                    0x080013e1   Thumb Code     8  bsp_driver_sd.o(.text.HAL_SD_TxCpltCallback)
    HAL_SD_WriteBlocks                       0x080013e9   Thumb Code   506  stm32f4xx_hal_sd.o(.text.HAL_SD_WriteBlocks)
    HAL_SYSTICK_Config                       0x080015e5   Thumb Code     8  stm32f4xx_hal_cortex.o(.text.HAL_SYSTICK_Config)
    HAL_UART_Init                            0x080015ed   Thumb Code    94  stm32f4xx_hal_uart.o(.text.HAL_UART_Init)
    HAL_UART_MspInit                         0x0800164d   Thumb Code   172  usart.o(.text.HAL_UART_MspInit)
    HardFault_Handler                        0x080016f9   Thumb Code     2  stm32f4xx_it.o(.text.HardFault_Handler)
    MX_FATFS_Init                            0x080016fd   Thumb Code    34  fatfs.o(.text.MX_FATFS_Init)
    MX_GPIO_Init                             0x08001721   Thumb Code   116  gpio.o(.text.MX_GPIO_Init)
    MX_SDIO_SD_Init                          0x08001795   Thumb Code    36  sdio.o(.text.MX_SDIO_SD_Init)
    MX_USART1_UART_Init                      0x080017b9   Thumb Code    56  usart.o(.text.MX_USART1_UART_Init)
    MemManage_Handler                        0x080017f1   Thumb Code     2  stm32f4xx_it.o(.text.MemManage_Handler)
    NMI_Handler                              0x080017f5   Thumb Code     2  stm32f4xx_it.o(.text.NMI_Handler)
    PendSV_Handler                           0x08001825   Thumb Code     2  stm32f4xx_it.o(.text.PendSV_Handler)
    SDIO_ConfigData                          0x08001829   Thumb Code    38  stm32f4xx_ll_sdmmc.o(.text.SDIO_ConfigData)
    SDIO_GetCommandResponse                  0x08001851   Thumb Code     6  stm32f4xx_ll_sdmmc.o(.text.SDIO_GetCommandResponse)
    SDIO_GetPowerState                       0x08001859   Thumb Code     8  stm32f4xx_ll_sdmmc.o(.text.SDIO_GetPowerState)
    SDIO_GetResponse                         0x08001861   Thumb Code     6  stm32f4xx_ll_sdmmc.o(.text.SDIO_GetResponse)
    SDIO_IRQHandler                          0x08001869   Thumb Code    16  stm32f4xx_it.o(.text.SDIO_IRQHandler)
    SDIO_Init                                0x08001879   Thumb Code    44  stm32f4xx_ll_sdmmc.o(.text.SDIO_Init)
    SDIO_PowerState_ON                       0x080018a5   Thumb Code    16  stm32f4xx_ll_sdmmc.o(.text.SDIO_PowerState_ON)
    SDIO_ReadFIFO                            0x080018b5   Thumb Code     6  stm32f4xx_ll_sdmmc.o(.text.SDIO_ReadFIFO)
    SDIO_SendCommand                         0x080018bd   Thumb Code    42  stm32f4xx_ll_sdmmc.o(.text.SDIO_SendCommand)
    SDIO_WriteFIFO                           0x080018e9   Thumb Code    12  stm32f4xx_ll_sdmmc.o(.text.SDIO_WriteFIFO)
    SDMMC_CmdAppCommand                      0x080018f5   Thumb Code    50  stm32f4xx_ll_sdmmc.o(.text.SDMMC_CmdAppCommand)
    SDMMC_CmdAppOperCommand                  0x08001929   Thumb Code    52  stm32f4xx_ll_sdmmc.o(.text.SDMMC_CmdAppOperCommand)
    SDMMC_CmdBlockLength                     0x0800195d   Thumb Code    50  stm32f4xx_ll_sdmmc.o(.text.SDMMC_CmdBlockLength)
    SDMMC_CmdBusWidth                        0x08001991   Thumb Code    50  stm32f4xx_ll_sdmmc.o(.text.SDMMC_CmdBusWidth)
    SDMMC_CmdGoIdleState                     0x080019c5   Thumb Code    40  stm32f4xx_ll_sdmmc.o(.text.SDMMC_CmdGoIdleState)
    SDMMC_CmdOperCond                        0x080019ed   Thumb Code    48  stm32f4xx_ll_sdmmc.o(.text.SDMMC_CmdOperCond)
    SDMMC_CmdReadMultiBlock                  0x08001a1d   Thumb Code    50  stm32f4xx_ll_sdmmc.o(.text.SDMMC_CmdReadMultiBlock)
    SDMMC_CmdReadSingleBlock                 0x08001a51   Thumb Code    50  stm32f4xx_ll_sdmmc.o(.text.SDMMC_CmdReadSingleBlock)
    SDMMC_CmdSelDesel                        0x08001a85   Thumb Code    50  stm32f4xx_ll_sdmmc.o(.text.SDMMC_CmdSelDesel)
    SDMMC_CmdSendCID                         0x08001ab9   Thumb Code    44  stm32f4xx_ll_sdmmc.o(.text.SDMMC_CmdSendCID)
    SDMMC_CmdSendCSD                         0x08001ae5   Thumb Code    44  stm32f4xx_ll_sdmmc.o(.text.SDMMC_CmdSendCSD)
    SDMMC_CmdSendSCR                         0x08001b11   Thumb Code    50  stm32f4xx_ll_sdmmc.o(.text.SDMMC_CmdSendSCR)
    SDMMC_CmdSendStatus                      0x08001b45   Thumb Code    50  stm32f4xx_ll_sdmmc.o(.text.SDMMC_CmdSendStatus)
    SDMMC_CmdSetRelAdd                       0x08001b79   Thumb Code    48  stm32f4xx_ll_sdmmc.o(.text.SDMMC_CmdSetRelAdd)
    SDMMC_CmdStopTransfer                    0x08001ba9   Thumb Code    54  stm32f4xx_ll_sdmmc.o(.text.SDMMC_CmdStopTransfer)
    SDMMC_CmdWriteMultiBlock                 0x08001be1   Thumb Code    50  stm32f4xx_ll_sdmmc.o(.text.SDMMC_CmdWriteMultiBlock)
    SDMMC_CmdWriteSingleBlock                0x08001c15   Thumb Code    50  stm32f4xx_ll_sdmmc.o(.text.SDMMC_CmdWriteSingleBlock)
    SD_initialize                            0x080023e5   Thumb Code    34  sd_diskio.o(.text.SD_initialize)
    SD_ioctl                                 0x08002409   Thumb Code    86  sd_diskio.o(.text.SD_ioctl)
    SD_read                                  0x08002461   Thumb Code    36  sd_diskio.o(.text.SD_read)
    SD_status                                0x08002485   Thumb Code     8  sd_diskio.o(.text.SD_status)
    SD_write                                 0x0800248d   Thumb Code    36  sd_diskio.o(.text.SD_write)
    SVC_Handler                              0x080024b1   Thumb Code     2  stm32f4xx_it.o(.text.SVC_Handler)
    SysTick_Handler                          0x080024e5   Thumb Code     8  stm32f4xx_it.o(.text.SysTick_Handler)
    SystemClock_Config                       0x080024ed   Thumb Code   154  main.o(.text.SystemClock_Config)
    SystemInit                               0x08002589   Thumb Code    26  system_stm32f4xx.o(.text.SystemInit)
    UsageFault_Handler                       0x08002711   Thumb Code     2  stm32f4xx_it.o(.text.UsageFault_Handler)
    fputc                                    0x08002789   Thumb Code    20  usart.o(.text.fputc)
    main                                     0x0800279d   Thumb Code   308  main.o(.text.main)
    __0printf$4                              0x080028d1   Thumb Code    22  printf4.o(i.__0printf$4)
    __1printf$4                              0x080028d1   Thumb Code     0  printf4.o(i.__0printf$4)
    __2printf                                0x080028d1   Thumb Code     0  printf4.o(i.__0printf$4)
    __scatterload_copy                       0x080028f1   Thumb Code    14  handlers.o(i.__scatterload_copy)
    __scatterload_null                       0x080028ff   Thumb Code     2  handlers.o(i.__scatterload_null)
    __scatterload_zeroinit                   0x08002901   Thumb Code    14  handlers.o(i.__scatterload_zeroinit)
    puts                                     0x08002b3d   Thumb Code    30  puts.o(i.puts)
    AHBPrescTable                            0x08002b60   Data          16  system_stm32f4xx.o(.rodata.AHBPrescTable)
    APBPrescTable                            0x08002b70   Data           8  system_stm32f4xx.o(.rodata.APBPrescTable)
    SD_Driver                                0x08002b78   Data          20  sd_diskio.o(.rodata.SD_Driver)
    Region$$Table$$Base                      0x08002bb8   Number         0  anon$$obj.o(Region$$Table)
    Region$$Table$$Limit                     0x08002bd8   Number         0  anon$$obj.o(Region$$Table)
    __stdout                                 0x20000000   Data           4  stdout.o(.data)
    SystemCoreClock                          0x20000008   Data           4  system_stm32f4xx.o(.data.SystemCoreClock)
    uwTickFreq                               0x2000000c   Data           1  stm32f4xx_hal.o(.data.uwTickFreq)
    uwTickPrio                               0x20000010   Data           4  stm32f4xx_hal.o(.data.uwTickPrio)
    SDPath                                   0x20000018   Data           4  fatfs.o(.bss.SDPath)
    disk                                     0x2000001c   Data          12  ff_gen_drv.o(.bss.disk)
    hsd                                      0x20000028   Data         132  sdio.o(.bss.hsd)
    huart1                                   0x200000ac   Data          64  usart.o(.bss.huart1)
    retSD                                    0x200000ec   Data           1  fatfs.o(.bss.retSD)
    uwTick                                   0x200000f0   Data           4  stm32f4xx_hal.o(.bss.uwTick)
    __initial_sp                             0x200004f8   Data           0  startup_stm32f407xx.o(STACK)



==============================================================================

Memory Map of the image

  Image Entry point : 0x08000189

  Load Region LR_IROM1 (Base: 0x08000000, Size: 0x00002bf0, Max: 0x00100000, ABSOLUTE)

    Execution Region ER_IROM1 (Exec base: 0x08000000, Load base: 0x08000000, Size: 0x00002bd8, Max: 0x00100000, ABSOLUTE)

    Exec Addr    Load Addr    Size         Type   Attr      Idx    E Section Name        Object

    0x08000000   0x08000000   0x00000188   Data   RO            3    RESET               startup_stm32f407xx.o
    0x08000188   0x08000188   0x00000000   Code   RO         1124  * .ARM.Collect$$$$00000000  mc_w.l(entry.o)
    0x08000188   0x08000188   0x00000004   Code   RO         1396    .ARM.Collect$$$$00000001  mc_w.l(entry2.o)
    0x0800018c   0x0800018c   0x00000004   Code   RO         1399    .ARM.Collect$$$$00000004  mc_w.l(entry5.o)
    0x08000190   0x08000190   0x00000000   Code   RO         1401    .ARM.Collect$$$$00000008  mc_w.l(entry7b.o)
    0x08000190   0x08000190   0x00000000   Code   RO         1403    .ARM.Collect$$$$0000000A  mc_w.l(entry8b.o)
    0x08000190   0x08000190   0x00000008   Code   RO         1404    .ARM.Collect$$$$0000000B  mc_w.l(entry9a.o)
    0x08000198   0x08000198   0x00000000   Code   RO         1406    .ARM.Collect$$$$0000000D  mc_w.l(entry10a.o)
    0x08000198   0x08000198   0x00000000   Code   RO         1408    .ARM.Collect$$$$0000000F  mc_w.l(entry11a.o)
    0x08000198   0x08000198   0x00000004   Code   RO         1397    .ARM.Collect$$$$00002712  mc_w.l(entry2.o)
    0x0800019c   0x0800019c   0x00000024   Code   RO            4    .text               startup_stm32f407xx.o
    0x080001c0   0x080001c0   0x00000062   Code   RO         1131    .text               mc_w.l(uldiv.o)
    0x08000222   0x08000222   0x00000024   Code   RO         1133    .text               mc_w.l(memseta.o)
    0x08000246   0x08000246   0x0000001e   Code   RO         1413    .text               mc_w.l(llshl.o)
    0x08000264   0x08000264   0x00000020   Code   RO         1415    .text               mc_w.l(llushr.o)
    0x08000284   0x08000284   0x00000024   Code   RO         1428    .text               mc_w.l(init.o)
    0x080002a8   0x080002a8   0x00000002   Code   RO          892    .text.BSP_SD_AbortCallback  bsp_driver_sd.o
    0x080002aa   0x080002aa   0x00000002   PAD
    0x080002ac   0x080002ac   0x00000012   Code   RO          888    .text.BSP_SD_GetCardInfo  bsp_driver_sd.o
    0x080002be   0x080002be   0x00000002   PAD
    0x080002c0   0x080002c0   0x00000016   Code   RO          886    .text.BSP_SD_GetCardState  bsp_driver_sd.o
    0x080002d6   0x080002d6   0x00000002   PAD
    0x080002d8   0x080002d8   0x0000003c   Code   RO          868    .text.BSP_SD_Init   bsp_driver_sd.o
    0x08000314   0x08000314   0x00000010   Code   RO          870    .text.BSP_SD_IsDetected  bsp_driver_sd.o
    0x08000324   0x08000324   0x00000026   Code   RO          876    .text.BSP_SD_ReadBlocks  bsp_driver_sd.o
    0x0800034a   0x0800034a   0x00000002   PAD
    0x0800034c   0x0800034c   0x00000002   Code   RO          900    .text.BSP_SD_ReadCpltCallback  bsp_driver_sd.o
    0x0800034e   0x0800034e   0x00000002   PAD
    0x08000350   0x08000350   0x00000026   Code   RO          878    .text.BSP_SD_WriteBlocks  bsp_driver_sd.o
    0x08000376   0x08000376   0x00000002   PAD
    0x08000378   0x08000378   0x00000002   Code   RO          896    .text.BSP_SD_WriteCpltCallback  bsp_driver_sd.o
    0x0800037a   0x0800037a   0x00000002   PAD
    0x0800037c   0x0800037c   0x00000002   Code   RO           73    .text.BusFault_Handler  stm32f4xx_it.o
    0x0800037e   0x0800037e   0x00000002   PAD
    0x08000380   0x08000380   0x00000002   Code   RO           79    .text.DebugMon_Handler  stm32f4xx_it.o
    0x08000382   0x08000382   0x00000002   PAD
    0x08000384   0x08000384   0x00000002   Code   RO           15    .text.Error_Handler  main.o
    0x08000386   0x08000386   0x00000002   PAD
    0x08000388   0x08000388   0x0000000a   Code   RO         1107    .text.FATFS_LinkDriver  ff_gen_drv.o
    0x08000392   0x08000392   0x00000002   PAD
    0x08000394   0x08000394   0x00000050   Code   RO         1105    .text.FATFS_LinkDriverEx  ff_gen_drv.o
    0x080003e4   0x080003e4   0x00000024   Code   RO          298    .text.HAL_DMA_Abort_IT  stm32f4xx_hal_dma.o
    0x08000408   0x08000408   0x00000028   Code   RO          474    .text.HAL_Delay     stm32f4xx_hal.o
    0x08000430   0x08000430   0x00000194   Code   RO          242    .text.HAL_GPIO_Init  stm32f4xx_hal_gpio.o
    0x080005c4   0x080005c4   0x0000000c   Code   RO          466    .text.HAL_GetTick   stm32f4xx_hal.o
    0x080005d0   0x080005d0   0x0000001a   Code   RO          464    .text.HAL_IncTick   stm32f4xx_hal.o
    0x080005ea   0x080005ea   0x00000002   PAD
    0x080005ec   0x080005ec   0x00000036   Code   RO          454    .text.HAL_Init      stm32f4xx_hal.o
    0x08000622   0x08000622   0x00000002   PAD
    0x08000624   0x08000624   0x00000050   Code   RO          456    .text.HAL_InitTick  stm32f4xx_hal.o
    0x08000674   0x08000674   0x00000038   Code   RO           94    .text.HAL_MspInit   stm32f4xx_hal_msp.o
    0x080006ac   0x080006ac   0x00000008   Code   RO          394    .text.HAL_NVIC_EnableIRQ  stm32f4xx_hal_cortex.o
    0x080006b4   0x080006b4   0x0000001e   Code   RO          386    .text.HAL_NVIC_SetPriority  stm32f4xx_hal_cortex.o
    0x080006d2   0x080006d2   0x00000002   PAD
    0x080006d4   0x080006d4   0x00000008   Code   RO          382    .text.HAL_NVIC_SetPriorityGrouping  stm32f4xx_hal_cortex.o
    0x080006dc   0x080006dc   0x00000160   Code   RO          106    .text.HAL_RCC_ClockConfig  stm32f4xx_hal_rcc.o
    0x0800083c   0x0800083c   0x0000000c   Code   RO          116    .text.HAL_RCC_GetHCLKFreq  stm32f4xx_hal_rcc.o
    0x08000848   0x08000848   0x00000022   Code   RO          118    .text.HAL_RCC_GetPCLK1Freq  stm32f4xx_hal_rcc.o
    0x0800086a   0x0800086a   0x00000002   PAD
    0x0800086c   0x0800086c   0x00000022   Code   RO          120    .text.HAL_RCC_GetPCLK2Freq  stm32f4xx_hal_rcc.o
    0x0800088e   0x0800088e   0x00000002   PAD
    0x08000890   0x08000890   0x0000006a   Code   RO          108    .text.HAL_RCC_GetSysClockFreq  stm32f4xx_hal_rcc.o
    0x080008fa   0x080008fa   0x00000002   PAD
    0x080008fc   0x080008fc   0x00000334   Code   RO          104    .text.HAL_RCC_OscConfig  stm32f4xx_hal_rcc.o
    0x08000c30   0x08000c30   0x00000008   Code   RO          890    .text.HAL_SD_AbortCallback  bsp_driver_sd.o
    0x08000c38   0x08000c38   0x00000072   Code   RO          709    .text.HAL_SD_ConfigWideBusOperation  stm32f4xx_hal_sd.o
    0x08000caa   0x08000caa   0x00000002   PAD
    0x08000cac   0x08000cac   0x00000002   Code   RO          681    .text.HAL_SD_ErrorCallback  stm32f4xx_hal_sd.o
    0x08000cae   0x08000cae   0x00000002   PAD
    0x08000cb0   0x08000cb0   0x00000048   Code   RO          699    .text.HAL_SD_GetCardCID  stm32f4xx_hal_sd.o
    0x08000cf8   0x08000cf8   0x00000178   Code   RO          701    .text.HAL_SD_GetCardCSD  stm32f4xx_hal_sd.o
    0x08000e70   0x08000e70   0x00000024   Code   RO          707    .text.HAL_SD_GetCardInfo  stm32f4xx_hal_sd.o
    0x08000e94   0x08000e94   0x00000024   Code   RO          715    .text.HAL_SD_GetCardState  stm32f4xx_hal_sd.o
    0x08000eb8   0x08000eb8   0x000001a2   Code   RO          677    .text.HAL_SD_IRQHandler  stm32f4xx_hal_sd.o
    0x0800105a   0x0800105a   0x00000002   PAD
    0x0800105c   0x0800105c   0x0000003e   Code   RO          641    .text.HAL_SD_Init   stm32f4xx_hal_sd.o
    0x0800109a   0x0800109a   0x00000002   PAD
    0x0800109c   0x0800109c   0x00000068   Code   RO          645    .text.HAL_SD_InitCard  stm32f4xx_hal_sd.o
    0x08001104   0x08001104   0x000000bc   Code   RO           37    .text.HAL_SD_MspInit  sdio.o
    0x080011c0   0x080011c0   0x00000216   Code   RO          657    .text.HAL_SD_ReadBlocks  stm32f4xx_hal_sd.o
    0x080013d6   0x080013d6   0x00000002   PAD
    0x080013d8   0x080013d8   0x00000008   Code   RO          898    .text.HAL_SD_RxCpltCallback  bsp_driver_sd.o
    0x080013e0   0x080013e0   0x00000008   Code   RO          894    .text.HAL_SD_TxCpltCallback  bsp_driver_sd.o
    0x080013e8   0x080013e8   0x000001fa   Code   RO          659    .text.HAL_SD_WriteBlocks  stm32f4xx_hal_sd.o
    0x080015e2   0x080015e2   0x00000002   PAD
    0x080015e4   0x080015e4   0x00000008   Code   RO          406    .text.HAL_SYSTICK_Config  stm32f4xx_hal_cortex.o
    0x080015ec   0x080015ec   0x0000005e   Code   RO          735    .text.HAL_UART_Init  stm32f4xx_hal_uart.o
    0x0800164a   0x0800164a   0x00000002   PAD
    0x0800164c   0x0800164c   0x000000ac   Code   RO           52    .text.HAL_UART_MspInit  usart.o
    0x080016f8   0x080016f8   0x00000002   Code   RO           69    .text.HardFault_Handler  stm32f4xx_it.o
    0x080016fa   0x080016fa   0x00000002   PAD
    0x080016fc   0x080016fc   0x00000022   Code   RO          932    .text.MX_FATFS_Init  fatfs.o
    0x0800171e   0x0800171e   0x00000002   PAD
    0x08001720   0x08001720   0x00000074   Code   RO           27    .text.MX_GPIO_Init  gpio.o
    0x08001794   0x08001794   0x00000024   Code   RO           35    .text.MX_SDIO_SD_Init  sdio.o
    0x080017b8   0x080017b8   0x00000038   Code   RO           50    .text.MX_USART1_UART_Init  usart.o
    0x080017f0   0x080017f0   0x00000002   Code   RO           71    .text.MemManage_Handler  stm32f4xx_it.o
    0x080017f2   0x080017f2   0x00000002   PAD
    0x080017f4   0x080017f4   0x00000002   Code   RO           67    .text.NMI_Handler   stm32f4xx_it.o
    0x080017f6   0x080017f6   0x00000002   PAD
    0x080017f8   0x080017f8   0x0000002c   Code   RO          392    .text.NVIC_EncodePriority  stm32f4xx_hal_cortex.o
    0x08001824   0x08001824   0x00000002   Code   RO           81    .text.PendSV_Handler  stm32f4xx_it.o
    0x08001826   0x08001826   0x00000002   PAD
    0x08001828   0x08001828   0x00000026   Code   RO          563    .text.SDIO_ConfigData  stm32f4xx_ll_sdmmc.o
    0x0800184e   0x0800184e   0x00000002   PAD
    0x08001850   0x08001850   0x00000006   Code   RO          559    .text.SDIO_GetCommandResponse  stm32f4xx_ll_sdmmc.o
    0x08001856   0x08001856   0x00000002   PAD
    0x08001858   0x08001858   0x00000008   Code   RO          555    .text.SDIO_GetPowerState  stm32f4xx_ll_sdmmc.o
    0x08001860   0x08001860   0x00000006   Code   RO          561    .text.SDIO_GetResponse  stm32f4xx_ll_sdmmc.o
    0x08001866   0x08001866   0x00000002   PAD
    0x08001868   0x08001868   0x00000010   Code   RO           85    .text.SDIO_IRQHandler  stm32f4xx_it.o
    0x08001878   0x08001878   0x0000002c   Code   RO          545    .text.SDIO_Init     stm32f4xx_ll_sdmmc.o
    0x080018a4   0x080018a4   0x00000010   Code   RO          551    .text.SDIO_PowerState_ON  stm32f4xx_ll_sdmmc.o
    0x080018b4   0x080018b4   0x00000006   Code   RO          547    .text.SDIO_ReadFIFO  stm32f4xx_ll_sdmmc.o
    0x080018ba   0x080018ba   0x00000002   PAD
    0x080018bc   0x080018bc   0x0000002a   Code   RO          557    .text.SDIO_SendCommand  stm32f4xx_ll_sdmmc.o
    0x080018e6   0x080018e6   0x00000002   PAD
    0x080018e8   0x080018e8   0x0000000c   Code   RO          549    .text.SDIO_WriteFIFO  stm32f4xx_ll_sdmmc.o
    0x080018f4   0x080018f4   0x00000032   Code   RO          605    .text.SDMMC_CmdAppCommand  stm32f4xx_ll_sdmmc.o
    0x08001926   0x08001926   0x00000002   PAD
    0x08001928   0x08001928   0x00000034   Code   RO          607    .text.SDMMC_CmdAppOperCommand  stm32f4xx_ll_sdmmc.o
    0x0800195c   0x0800195c   0x00000032   Code   RO          571    .text.SDMMC_CmdBlockLength  stm32f4xx_ll_sdmmc.o
    0x0800198e   0x0800198e   0x00000002   PAD
    0x08001990   0x08001990   0x00000032   Code   RO          611    .text.SDMMC_CmdBusWidth  stm32f4xx_ll_sdmmc.o
    0x080019c2   0x080019c2   0x00000002   PAD
    0x080019c4   0x080019c4   0x00000028   Code   RO          597    .text.SDMMC_CmdGoIdleState  stm32f4xx_ll_sdmmc.o
    0x080019ec   0x080019ec   0x00000030   Code   RO          601    .text.SDMMC_CmdOperCond  stm32f4xx_ll_sdmmc.o
    0x08001a1c   0x08001a1c   0x00000032   Code   RO          577    .text.SDMMC_CmdReadMultiBlock  stm32f4xx_ll_sdmmc.o
    0x08001a4e   0x08001a4e   0x00000002   PAD
    0x08001a50   0x08001a50   0x00000032   Code   RO          575    .text.SDMMC_CmdReadSingleBlock  stm32f4xx_ll_sdmmc.o
    0x08001a82   0x08001a82   0x00000002   PAD
    0x08001a84   0x08001a84   0x00000032   Code   RO          595    .text.SDMMC_CmdSelDesel  stm32f4xx_ll_sdmmc.o
    0x08001ab6   0x08001ab6   0x00000002   PAD
    0x08001ab8   0x08001ab8   0x0000002c   Code   RO          615    .text.SDMMC_CmdSendCID  stm32f4xx_ll_sdmmc.o
    0x08001ae4   0x08001ae4   0x0000002c   Code   RO          619    .text.SDMMC_CmdSendCSD  stm32f4xx_ll_sdmmc.o
    0x08001b10   0x08001b10   0x00000032   Code   RO          613    .text.SDMMC_CmdSendSCR  stm32f4xx_ll_sdmmc.o
    0x08001b42   0x08001b42   0x00000002   PAD
    0x08001b44   0x08001b44   0x00000032   Code   RO          625    .text.SDMMC_CmdSendStatus  stm32f4xx_ll_sdmmc.o
    0x08001b76   0x08001b76   0x00000002   PAD
    0x08001b78   0x08001b78   0x00000030   Code   RO          621    .text.SDMMC_CmdSetRelAdd  stm32f4xx_ll_sdmmc.o
    0x08001ba8   0x08001ba8   0x00000036   Code   RO          593    .text.SDMMC_CmdStopTransfer  stm32f4xx_ll_sdmmc.o
    0x08001bde   0x08001bde   0x00000002   PAD
    0x08001be0   0x08001be0   0x00000032   Code   RO          581    .text.SDMMC_CmdWriteMultiBlock  stm32f4xx_ll_sdmmc.o
    0x08001c12   0x08001c12   0x00000002   PAD
    0x08001c14   0x08001c14   0x00000032   Code   RO          579    .text.SDMMC_CmdWriteSingleBlock  stm32f4xx_ll_sdmmc.o
    0x08001c46   0x08001c46   0x00000002   PAD
    0x08001c48   0x08001c48   0x00000038   Code   RO          599    .text.SDMMC_GetCmdError  stm32f4xx_ll_sdmmc.o
    0x08001c80   0x08001c80   0x00000132   Code   RO          573    .text.SDMMC_GetCmdResp1  stm32f4xx_ll_sdmmc.o
    0x08001db2   0x08001db2   0x00000002   PAD
    0x08001db4   0x08001db4   0x00000058   Code   RO          617    .text.SDMMC_GetCmdResp2  stm32f4xx_ll_sdmmc.o
    0x08001e0c   0x08001e0c   0x0000004a   Code   RO          609    .text.SDMMC_GetCmdResp3  stm32f4xx_ll_sdmmc.o
    0x08001e56   0x08001e56   0x00000002   PAD
    0x08001e58   0x08001e58   0x00000098   Code   RO          623    .text.SDMMC_GetCmdResp6  stm32f4xx_ll_sdmmc.o
    0x08001ef0   0x08001ef0   0x00000062   Code   RO          603    .text.SDMMC_GetCmdResp7  stm32f4xx_ll_sdmmc.o
    0x08001f52   0x08001f52   0x00000002   PAD
    0x08001f54   0x08001f54   0x00000024   Code   RO          920    .text.SD_CheckStatus  sd_diskio.o
    0x08001f78   0x08001f78   0x00000042   Code   RO          691    .text.SD_DMARxAbort  stm32f4xx_hal_sd.o
    0x08001fba   0x08001fba   0x00000002   PAD
    0x08001fbc   0x08001fbc   0x00000042   Code   RO          689    .text.SD_DMATxAbort  stm32f4xx_hal_sd.o
    0x08001ffe   0x08001ffe   0x00000002   PAD
    0x08002000   0x08002000   0x000000d2   Code   RO          723    .text.SD_FindSCR    stm32f4xx_hal_sd.o
    0x080020d2   0x080020d2   0x00000002   PAD
    0x080020d4   0x080020d4   0x000000fc   Code   RO          649    .text.SD_InitCard   stm32f4xx_hal_sd.o
    0x080021d0   0x080021d0   0x000000b0   Code   RO          647    .text.SD_PowerON    stm32f4xx_hal_sd.o
    0x08002280   0x08002280   0x0000002c   Code   RO          679    .text.SD_Read_IT    stm32f4xx_hal_sd.o
    0x080022ac   0x080022ac   0x00000030   Code   RO          717    .text.SD_SendStatus  stm32f4xx_hal_sd.o
    0x080022dc   0x080022dc   0x00000058   Code   RO          713    .text.SD_WideBus_Disable  stm32f4xx_hal_sd.o
    0x08002334   0x08002334   0x00000058   Code   RO          711    .text.SD_WideBus_Enable  stm32f4xx_hal_sd.o
    0x0800238c   0x0800238c   0x00000056   Code   RO          687    .text.SD_Write_IT   stm32f4xx_hal_sd.o
    0x080023e2   0x080023e2   0x00000002   PAD
    0x080023e4   0x080023e4   0x00000022   Code   RO          910    .text.SD_initialize  sd_diskio.o
    0x08002406   0x08002406   0x00000002   PAD
    0x08002408   0x08002408   0x00000056   Code   RO          918    .text.SD_ioctl      sd_diskio.o
    0x0800245e   0x0800245e   0x00000002   PAD
    0x08002460   0x08002460   0x00000024   Code   RO          914    .text.SD_read       sd_diskio.o
    0x08002484   0x08002484   0x00000008   Code   RO          912    .text.SD_status     sd_diskio.o
    0x0800248c   0x0800248c   0x00000024   Code   RO          916    .text.SD_write      sd_diskio.o
    0x080024b0   0x080024b0   0x00000002   Code   RO           77    .text.SVC_Handler   stm32f4xx_it.o
    0x080024b2   0x080024b2   0x00000002   PAD
    0x080024b4   0x080024b4   0x0000002e   Code   RO          408    .text.SysTick_Config  stm32f4xx_hal_cortex.o
    0x080024e2   0x080024e2   0x00000002   PAD
    0x080024e4   0x080024e4   0x00000008   Code   RO           83    .text.SysTick_Handler  stm32f4xx_it.o
    0x080024ec   0x080024ec   0x0000009a   Code   RO           13    .text.SystemClock_Config  main.o
    0x08002586   0x08002586   0x00000002   PAD
    0x08002588   0x08002588   0x0000001a   Code   RO          853    .text.SystemInit    system_stm32f4xx.o
    0x080025a2   0x080025a2   0x00000002   PAD
    0x080025a4   0x080025a4   0x0000016c   Code   RO          739    .text.UART_SetConfig  stm32f4xx_hal_uart.o
    0x08002710   0x08002710   0x00000002   Code   RO           75    .text.UsageFault_Handler  stm32f4xx_it.o
    0x08002712   0x08002712   0x00000002   PAD
    0x08002714   0x08002714   0x00000020   Code   RO          396    .text.__NVIC_EnableIRQ  stm32f4xx_hal_cortex.o
    0x08002734   0x08002734   0x00000010   Code   RO          388    .text.__NVIC_GetPriorityGrouping  stm32f4xx_hal_cortex.o
    0x08002744   0x08002744   0x00000022   Code   RO          390    .text.__NVIC_SetPriority  stm32f4xx_hal_cortex.o
    0x08002766   0x08002766   0x00000002   PAD
    0x08002768   0x08002768   0x00000020   Code   RO          384    .text.__NVIC_SetPriorityGrouping  stm32f4xx_hal_cortex.o
    0x08002788   0x08002788   0x00000014   Code   RO           56    .text.fputc         usart.o
    0x0800279c   0x0800279c   0x00000134   Code   RO           11    .text.main          main.o
    0x080028d0   0x080028d0   0x00000020   Code   RO         1246    i.__0printf$4       mc_w.l(printf4.o)
    0x080028f0   0x080028f0   0x0000000e   Code   RO         1436    i.__scatterload_copy  mc_w.l(handlers.o)
    0x080028fe   0x080028fe   0x00000002   Code   RO         1437    i.__scatterload_null  mc_w.l(handlers.o)
    0x08002900   0x08002900   0x0000000e   Code   RO         1438    i.__scatterload_zeroinit  mc_w.l(handlers.o)
    0x0800290e   0x0800290e   0x00000002   PAD
    0x08002910   0x08002910   0x0000022c   Code   RO         1253    i._printf_core      mc_w.l(printf4.o)
    0x08002b3c   0x08002b3c   0x00000024   Code   RO         1127    i.puts              mc_w.l(puts.o)
    0x08002b60   0x08002b60   0x00000010   Data   RO          858    .rodata.AHBPrescTable  system_stm32f4xx.o
    0x08002b70   0x08002b70   0x00000008   Data   RO          859    .rodata.APBPrescTable  system_stm32f4xx.o
    0x08002b78   0x08002b78   0x00000014   Data   RO          922    .rodata.SD_Driver   sd_diskio.o
    0x08002b8c   0x08002b8c   0x0000002a   Data   RO           17    .rodata.str1.1      main.o
    0x08002bb6   0x08002bb6   0x00000002   PAD
    0x08002bb8   0x08002bb8   0x00000020   Data   RO         1435    Region$$Table       anon$$obj.o


    Execution Region RW_IRAM2 (Exec base: 0x10000000, Load base: 0x08002bf0, Size: 0x00000000, Max: 0x00010000, ABSOLUTE)

    **** No section assigned to this execution region ****


    Execution Region RW_IRAM1 (Exec base: 0x20000000, Load base: 0x08002bd8, Size: 0x000004f8, Max: 0x00020000, ABSOLUTE)

    Exec Addr    Load Addr    Size         Type   Attr      Idx    E Section Name        Object

    0x20000000   0x08002bd8   0x00000004   Data   RW         1410    .data               mc_w.l(stdout.o)
    0x20000004   0x08002bdc   0x00000001   Data   RW          923    .data.Stat          sd_diskio.o
    0x20000005   0x08002bdd   0x00000003   PAD
    0x20000008   0x08002be0   0x00000004   Data   RW          857    .data.SystemCoreClock  system_stm32f4xx.o
    0x2000000c   0x08002be4   0x00000001   Data   RW          509    .data.uwTickFreq    stm32f4xx_hal.o
    0x2000000d   0x08002be5   0x00000003   PAD
    0x20000010   0x08002be8   0x00000004   Data   RW          508    .data.uwTickPrio    stm32f4xx_hal.o
    0x20000014   0x08002bec   0x00000004   PAD
    0x20000018        -       0x00000004   Zero   RW          936    .bss.SDPath         fatfs.o
    0x2000001c        -       0x0000000c   Zero   RW         1115    .bss.disk           ff_gen_drv.o
    0x20000028        -       0x00000084   Zero   RW           41    .bss.hsd            sdio.o
    0x200000ac        -       0x00000040   Zero   RW           58    .bss.huart1         usart.o
    0x200000ec        -       0x00000001   Zero   RW          937    .bss.retSD          fatfs.o
    0x200000ed   0x08002bec   0x00000003   PAD
    0x200000f0        -       0x00000004   Zero   RW          510    .bss.uwTick         stm32f4xx_hal.o
    0x200000f4   0x08002bec   0x00000004   PAD
    0x200000f8        -       0x00000400   Zero   RW            1    STACK               startup_stm32f407xx.o


==============================================================================

Image component sizes


      Code (inc. data)   RO Data    RW Data    ZI Data      Debug   Object Name

       222          0          0          0          0       6775   bsp_driver_sd.o
        34          0          0          0          5       1769   fatfs.o
        90          0          0          0         12       2551   ff_gen_drv.o
       116          0          0          0          0       1463   gpio.o
       464        152         42          0          0       3171   main.o
       236          4         20          1          0       3156   sd_diskio.o
       224          0          0          0        132       7010   sdio.o
        36          8        392          0       1024        800   startup_stm32f407xx.o
       212          0          0          5          4       7251   stm32f4xx_hal.o
       258          0          0          0          0      10292   stm32f4xx_hal_cortex.o
        36          0          0          0          0       8887   stm32f4xx_hal_dma.o
       404          0          0          0          0       5047   stm32f4xx_hal_gpio.o
        56          0          0          0          0       1411   stm32f4xx_hal_msp.o
      1358          0          0          0          0       7256   stm32f4xx_hal_rcc.o
      3384          0          0          0          0      23704   stm32f4xx_hal_sd.o
       458          0          0          0          0      17160   stm32f4xx_hal_uart.o
        40          0          0          0          0       1084   stm32f4xx_it.o
      1782          0          0          0          0      13696   stm32f4xx_ll_sdmmc.o
        26          0         24          4          0       2597   system_stm32f4xx.o
       248          0          0          0         64       5228   usart.o

    ----------------------------------------------------------------------
      9804        164        512         16       1252     130308   Object Totals
         0          0         32          0          0          0   (incl. Generated)
       120          0          2          6         11          0   (incl. Padding)

    ----------------------------------------------------------------------

      Code (inc. data)   RO Data    RW Data    ZI Data      Debug   Library Member Name

         0          0          0          0          0          0   entry.o
         0          0          0          0          0          0   entry10a.o
         0          0          0          0          0          0   entry11a.o
         8          4          0          0          0          0   entry2.o
         4          0          0          0          0          0   entry5.o
         0          0          0          0          0          0   entry7b.o
         0          0          0          0          0          0   entry8b.o
         8          4          0          0          0          0   entry9a.o
        30          0          0          0          0          0   handlers.o
        36          8          0          0          0         68   init.o
        30          0          0          0          0         68   llshl.o
        32          0          0          0          0         68   llushr.o
        36          0          0          0          0        108   memseta.o
       588         14          0          0          0        184   printf4.o
        36          6          0          0          0         80   puts.o
         0          0          0          4          0          0   stdout.o
        98          0          0          0          0         92   uldiv.o

    ----------------------------------------------------------------------
       908         36          0          4          0        668   Library Totals
         2          0          0          0          0          0   (incl. Padding)

    ----------------------------------------------------------------------

      Code (inc. data)   RO Data    RW Data    ZI Data      Debug   Library Name

       906         36          0          4          0        668   mc_w.l

    ----------------------------------------------------------------------
       908         36          0          4          0        668   Library Totals

    ----------------------------------------------------------------------

==============================================================================


      Code (inc. data)   RO Data    RW Data    ZI Data      Debug   

     10712        200        512         20       1252     130632   Grand Totals
     10712        200        512         20       1252     130632   ELF Image Totals
     10712        200        512         20          0          0   ROM Totals

==============================================================================

    Total RO  Size (Code + RO Data)                11224 (  10.96kB)
    Total RW  Size (RW Data + ZI Data)              1272 (   1.24kB)
    Total ROM Size (Code + RO Data + RW Data)      11244 (  10.98kB)

==============================================================================

